Archive member included to satisfy reference by file (symbol)

j:/altera/15.0.0.139/nios2eds/bin/gnu/h-x86_64-mingw32/bin/../lib/gcc/nios2-elf/4.9.1\libgcc.a(lib2-divmod.o)
                              obj/default/mem_verify.o (__divsi3)
j:/altera/15.0.0.139/nios2eds/bin/gnu/h-x86_64-mingw32/bin/../lib/gcc/nios2-elf/4.9.1/../../../../../H-x86_64-mingw32/nios2-elf/lib\libc.a(lib_a-memcpy.o)
                              obj/default/mem_verify.o (memcpy)
j:/altera/15.0.0.139/nios2eds/bin/gnu/h-x86_64-mingw32/bin/../lib/gcc/nios2-elf/4.9.1/../../../../../H-x86_64-mingw32/nios2-elf/lib\libc.a(lib_a-printf.o)
                              obj/default/main.o (printf)
j:/altera/15.0.0.139/nios2eds/bin/gnu/h-x86_64-mingw32/bin/../lib/gcc/nios2-elf/4.9.1/../../../../../H-x86_64-mingw32/nios2-elf/lib\libc.a(lib_a-putchar.o)
                              obj/default/mem_verify.o (putchar)
j:/altera/15.0.0.139/nios2eds/bin/gnu/h-x86_64-mingw32/bin/../lib/gcc/nios2-elf/4.9.1/../../../../../H-x86_64-mingw32/nios2-elf/lib\libc.a(lib_a-puts.o)
                              obj/default/main.o (puts)
j:/altera/15.0.0.139/nios2eds/bin/gnu/h-x86_64-mingw32/bin/../lib/gcc/nios2-elf/4.9.1/../../../../../H-x86_64-mingw32/nios2-elf/lib\libc.a(lib_a-rand.o)
                              obj/default/mem_verify.o (srand)
j:/altera/15.0.0.139/nios2eds/bin/gnu/h-x86_64-mingw32/bin/../lib/gcc/nios2-elf/4.9.1/../../../../../H-x86_64-mingw32/nios2-elf/lib\libc.a(lib_a-strlen.o)
                              j:/altera/15.0.0.139/nios2eds/bin/gnu/h-x86_64-mingw32/bin/../lib/gcc/nios2-elf/4.9.1/../../../../../H-x86_64-mingw32/nios2-elf/lib\libc.a(lib_a-puts.o) (strlen)
j:/altera/15.0.0.139/nios2eds/bin/gnu/h-x86_64-mingw32/bin/../lib/gcc/nios2-elf/4.9.1/../../../../../H-x86_64-mingw32/nios2-elf/lib\libc.a(lib_a-vfprintf.o)
                              j:/altera/15.0.0.139/nios2eds/bin/gnu/h-x86_64-mingw32/bin/../lib/gcc/nios2-elf/4.9.1/../../../../../H-x86_64-mingw32/nios2-elf/lib\libc.a(lib_a-printf.o) (___vfprintf_internal_r)
j:/altera/15.0.0.139/nios2eds/bin/gnu/h-x86_64-mingw32/bin/../lib/gcc/nios2-elf/4.9.1/../../../../../H-x86_64-mingw32/nios2-elf/lib\libc.a(lib_a-wsetup.o)
                              j:/altera/15.0.0.139/nios2eds/bin/gnu/h-x86_64-mingw32/bin/../lib/gcc/nios2-elf/4.9.1/../../../../../H-x86_64-mingw32/nios2-elf/lib\libc.a(lib_a-vfprintf.o) (__swsetup_r)
j:/altera/15.0.0.139/nios2eds/bin/gnu/h-x86_64-mingw32/bin/../lib/gcc/nios2-elf/4.9.1/../../../../../H-x86_64-mingw32/nios2-elf/lib\libc.a(lib_a-dtoa.o)
                              j:/altera/15.0.0.139/nios2eds/bin/gnu/h-x86_64-mingw32/bin/../lib/gcc/nios2-elf/4.9.1/../../../../../H-x86_64-mingw32/nios2-elf/lib\libc.a(lib_a-vfprintf.o) (_dtoa_r)
j:/altera/15.0.0.139/nios2eds/bin/gnu/h-x86_64-mingw32/bin/../lib/gcc/nios2-elf/4.9.1/../../../../../H-x86_64-mingw32/nios2-elf/lib\libc.a(lib_a-fflush.o)
                              j:/altera/15.0.0.139/nios2eds/bin/gnu/h-x86_64-mingw32/bin/../lib/gcc/nios2-elf/4.9.1/../../../../../H-x86_64-mingw32/nios2-elf/lib\libc.a(lib_a-vfprintf.o) (_fflush_r)
j:/altera/15.0.0.139/nios2eds/bin/gnu/h-x86_64-mingw32/bin/../lib/gcc/nios2-elf/4.9.1/../../../../../H-x86_64-mingw32/nios2-elf/lib\libc.a(lib_a-findfp.o)
                              j:/altera/15.0.0.139/nios2eds/bin/gnu/h-x86_64-mingw32/bin/../lib/gcc/nios2-elf/4.9.1/../../../../../H-x86_64-mingw32/nios2-elf/lib\libc.a(lib_a-vfprintf.o) (__sinit)
j:/altera/15.0.0.139/nios2eds/bin/gnu/h-x86_64-mingw32/bin/../lib/gcc/nios2-elf/4.9.1/../../../../../H-x86_64-mingw32/nios2-elf/lib\libc.a(lib_a-freer.o)
                              j:/altera/15.0.0.139/nios2eds/bin/gnu/h-x86_64-mingw32/bin/../lib/gcc/nios2-elf/4.9.1/../../../../../H-x86_64-mingw32/nios2-elf/lib\libc.a(lib_a-wsetup.o) (_free_r)
j:/altera/15.0.0.139/nios2eds/bin/gnu/h-x86_64-mingw32/bin/../lib/gcc/nios2-elf/4.9.1/../../../../../H-x86_64-mingw32/nios2-elf/lib\libc.a(lib_a-fvwrite.o)
                              j:/altera/15.0.0.139/nios2eds/bin/gnu/h-x86_64-mingw32/bin/../lib/gcc/nios2-elf/4.9.1/../../../../../H-x86_64-mingw32/nios2-elf/lib\libc.a(lib_a-puts.o) (__sfvwrite_r)
j:/altera/15.0.0.139/nios2eds/bin/gnu/h-x86_64-mingw32/bin/../lib/gcc/nios2-elf/4.9.1/../../../../../H-x86_64-mingw32/nios2-elf/lib\libc.a(lib_a-fwalk.o)
                              j:/altera/15.0.0.139/nios2eds/bin/gnu/h-x86_64-mingw32/bin/../lib/gcc/nios2-elf/4.9.1/../../../../../H-x86_64-mingw32/nios2-elf/lib\libc.a(lib_a-findfp.o) (_fwalk)
j:/altera/15.0.0.139/nios2eds/bin/gnu/h-x86_64-mingw32/bin/../lib/gcc/nios2-elf/4.9.1/../../../../../H-x86_64-mingw32/nios2-elf/lib\libc.a(lib_a-impure.o)
                              j:/altera/15.0.0.139/nios2eds/bin/gnu/h-x86_64-mingw32/bin/../lib/gcc/nios2-elf/4.9.1/../../../../../H-x86_64-mingw32/nios2-elf/lib\libc.a(lib_a-fflush.o) (_global_impure_ptr)
[...]
Memory Configuration

Name             Origin             Length             Attributes
mem_if_ddr3_emif 0x0000000000000000 0x0000000020000000
reset            0x0000000022020000 0x0000000000000020
onchip_memory2   0x0000000022020020 0x000000000001f3e0
*default*        0x0000000000000000 0xffffffffffffffff

Linker script and memory map

LOAD ../DECA_DEMO_bsp//obj/HAL/src/crt0.o
LOAD obj/default/main.o
LOAD obj/default/mem_verify.o
LOAD j:/altera/15.0.0.139/nios2eds/bin/gnu/h-x86_64-mingw32/bin/../lib/gcc/nios2-elf/4.9.1/../../../../../H-x86_64-mingw32/nios2-elf/lib\libstdc++.a
LOAD j:/altera/15.0.0.139/nios2eds/bin/gnu/h-x86_64-mingw32/bin/../lib/gcc/nios2-elf/4.9.1/../../../../../H-x86_64-mingw32/nios2-elf/lib\libm.a
LOAD j:/altera/15.0.0.139/nios2eds/bin/gnu/h-x86_64-mingw32/bin/../lib/gcc/nios2-elf/4.9.1\libgcc.a
START GROUP
LOAD j:/altera/15.0.0.139/nios2eds/bin/gnu/h-x86_64-mingw32/bin/../lib/gcc/nios2-elf/4.9.1/../../../../../H-x86_64-mingw32/nios2-elf/lib\libc.a
LOAD j:/altera/15.0.0.139/nios2eds/bin/gnu/h-x86_64-mingw32/bin/../lib/gcc/nios2-elf/4.9.1\libgcc.a
LOAD ../DECA_DEMO_bsp/\libhal_bsp.a
LOAD j:/altera/15.0.0.139/nios2eds/bin/gnu/h-x86_64-mingw32/bin/../lib/gcc/nios2-elf/4.9.1/../../../../../H-x86_64-mingw32/nios2-elf/lib\libm.a
END GROUP
LOAD j:/altera/15.0.0.139/nios2eds/bin/gnu/h-x86_64-mingw32/bin/../lib/gcc/nios2-elf/4.9.1\libgcc.a
                0x0000000000000000                __alt_mem_mem_if_ddr3_emif = 0x0
                0x0000000022020000                __alt_mem_onchip_memory2 = 0x22020000

.entry          0x0000000022020000       0x20
 *(.entry)
 .entry         0x0000000022020000       0x20 ../DECA_DEMO_bsp//obj/HAL/src/crt0.o
                0x0000000022020000                __reset

.exceptions     0x0000000022020020      0x220
                0x0000000022020020                PROVIDE (__ram_exceptions_start, ABSOLUTE (.))
                0x0000000022020020                . = ALIGN (0x20)
 *(.irq)
 *(.exceptions.entry.label)
 .exceptions.entry.label
                0x0000000022020020        0x0 ../DECA_DEMO_bsp/\libhal_bsp.a(alt_irq_entry.o)
                0x0000000022020020                alt_irq_entry
 .exceptions.entry.label
                0x0000000022020020        0x0 ../DECA_DEMO_bsp/\libhal_bsp.a(alt_exception_entry.o)
                0x0000000022020020                alt_exception
 *(.exceptions.entry.user)
 *(.exceptions.entry.ecc_fatal)
 *(.exceptions.entry)
 .exceptions.entry
                0x0000000022020020       0x54 ../DECA_DEMO_bsp/\libhal_bsp.a(alt_exception_entry.o)
 *(.exceptions.irqtest.user)
 *(.exceptions.irqtest)
 .exceptions.irqtest
                0x0000000022020074       0x10 ../DECA_DEMO_bsp/\libhal_bsp.a(alt_irq_entry.o)
 *(.exceptions.irqhandler.user)
 *(.exceptions.irqhandler)
 .exceptions.irqhandler
                0x0000000022020084        0x4 ../DECA_DEMO_bsp/\libhal_bsp.a(alt_irq_entry.o)
 *(.exceptions.irqreturn.user)
 *(.exceptions.irqreturn)
 .exceptions.irqreturn
                0x0000000022020088        0x4 ../DECA_DEMO_bsp/\libhal_bsp.a(alt_irq_entry.o)
 *(.exceptions.notirq.label)
 .exceptions.notirq.label
                0x000000002202008c        0x0 ../DECA_DEMO_bsp/\libhal_bsp.a(alt_irq_entry.o)
 *(.exceptions.notirq.user)
 *(.exceptions.notirq)
 .exceptions.notirq
                0x000000002202008c        0x8 ../DECA_DEMO_bsp/\libhal_bsp.a(alt_exception_entry.o)
 *(.exceptions.soft.user)
 *(.exceptions.soft)
 *(.exceptions.unknown.user)
 *(.exceptions.unknown)
 .exceptions.unknown
                0x0000000022020094       0x14 ../DECA_DEMO_bsp/\libhal_bsp.a(alt_exception_entry.o)
 *(.exceptions.exit.label)
 .exceptions.exit.label
                0x00000000220200a8        0x0 ../DECA_DEMO_bsp/\libhal_bsp.a(alt_irq_entry.o)
 .exceptions.exit.label
                0x00000000220200a8        0x0 ../DECA_DEMO_bsp/\libhal_bsp.a(alt_exception_entry.o)
 *(.exceptions.exit.user)
 *(.exceptions.exit)
 .exceptions.exit
                0x00000000220200a8       0x54 ../DECA_DEMO_bsp/\libhal_bsp.a(alt_exception_entry.o)
 *(.exceptions)
 .exceptions    0x00000000220200fc       0xd0 ../DECA_DEMO_bsp/\libhal_bsp.a(alt_irq_handler.o)
                0x00000000220200fc                alt_irq_handler
 .exceptions    0x00000000220201cc       0x74 ../DECA_DEMO_bsp/\libhal_bsp.a(alt_instruction_exception_entry.o)
                0x00000000220201cc                alt_instruction_exception_entry
                0x0000000022020240                PROVIDE (__ram_exceptions_end, ABSOLUTE (.))
                0x0000000022020020                PROVIDE (__flash_exceptions_start, LOADADDR (.exceptions))

.text           0x0000000022020240     0xf8c8
                0x0000000022020240                PROVIDE (stext, ABSOLUTE (.))
 *(.interp)
 *(.hash)
 *(.dynsym)
 *(.dynstr)
 *(.gnu.version)
 *(.gnu.version_d)
 *(.gnu.version_r)
 *(.rel.init)
 *(.rela.init)
 *(.rel.text .rel.text.* .rel.gnu.linkonce.t.*)
 *(.rela.text .rela.text.* .rela.gnu.linkonce.t.*)
 *(.rel.fini)
 *(.rela.fini)
 *(.rel.rodata .rel.rodata.* .rel.gnu.linkonce.r.*)
 *(.rela.rodata .rela.rodata.* .rela.gnu.linkonce.r.*)
 *(.rel.data .rel.data.* .rel.gnu.linkonce.d.*)
 *(.rela.data .rela.data.* .rela.gnu.linkonce.d.*)
 *(.rel.tdata .rel.tdata.* .rel.gnu.linkonce.td.*)
 *(.rela.tdata .rela.tdata.* .rela.gnu.linkonce.td.*)
 *(.rel.tbss .rel.tbss.* .rel.gnu.linkonce.tb.*)
 *(.rela.tbss .rela.tbss.* .rela.gnu.linkonce.tb.*)
 *(.rel.ctors)
 *(.rela.ctors)
 *(.rel.dtors)
 *(.rela.dtors)
 *(.rel.got)
 *(.rela.got)
 *(.rel.sdata .rel.sdata.* .rel.gnu.linkonce.s.*)
 *(.rela.sdata .rela.sdata.* .rela.gnu.linkonce.s.*)
 *(.rel.sbss .rel.sbss.* .rel.gnu.linkonce.sb.*)
 *(.rela.sbss .rela.sbss.* .rela.gnu.linkonce.sb.*)
 *(.rel.sdata2 .rel.sdata2.* .rel.gnu.linkonce.s2.*)
 *(.rela.sdata2 .rela.sdata2.* .rela.gnu.linkonce.s2.*)
 *(.rel.sbss2 .rel.sbss2.* .rel.gnu.linkonce.sb2.*)
 *(.rela.sbss2 .rela.sbss2.* .rela.gnu.linkonce.sb2.*)
 *(.rel.bss .rel.bss.* .rel.gnu.linkonce.b.*)
 *(.rela.bss .rela.bss.* .rela.gnu.linkonce.b.*)
 *(.rel.plt)
 *(.rela.plt)
 *(.rel.dyn)
 *(.init)
 *(.plt)
 *(.text .stub .text.* .gnu.linkonce.t.*)
 .text          0x0000000022020240       0x4c ../DECA_DEMO_bsp//obj/HAL/src/crt0.o
                0x0000000022020240                _start
 .text          0x000000002202028c      0x1b0 obj/default/main.o
                0x000000002202028c                main
 .text          0x000000002202043c      0x710 obj/default/mem_verify.o
                0x000000002202043c                TMEM_Verify
                0x0000000022020908                TMEM_QuickVerify
 .text          0x0000000022020b4c      0x12c j:/altera/15.0.0.139/nios2eds/bin/gnu/h-x86_64-mingw32/bin/../lib/gcc/nios2-elf/4.9.1\libgcc.a(lib2-divmod.o)
                0x0000000022020bb8                __divsi3
                0x0000000022020c0c                __modsi3
                0x0000000022020c68                __udivsi3
                0x0000000022020c70                __umodsi3
 .text          0x0000000022020c78      0x138 j:/altera/15.0.0.139/nios2eds/bin/gnu/h-x86_64-mingw32/bin/../lib/gcc/nios2-elf/4.9.1/../../../../../H-x86_64-mingw32/nios2-elf/lib\libc.a(lib_a-memcpy.o)
                0x0000000022020c78                memcpy
 .text          0x0000000022020db0       0x68 j:/altera/15.0.0.139/nios2eds/bin/gnu/h-x86_64-mingw32/bin/../lib/gcc/nios2-elf/4.9.1/../../../../../H-x86_64-mingw32/nios2-elf/lib\libc.a(lib_a-printf.o)
                0x0000000022020db0                _printf_r
                0x0000000022020ddc                printf
 .text          0x0000000022020e18       0x20 j:/altera/15.0.0.139/nios2eds/bin/gnu/h-x86_64-mingw32/bin/../lib/gcc/nios2-elf/4.9.1/../../../../../H-x86_64-mingw32/nios2-elf/lib\libc.a(lib_a-putchar.o)
                0x0000000022020e18                _putchar_r
                0x0000000022020e20                putchar
 .text          0x0000000022020e38       0xcc j:/altera/15.0.0.139/nios2eds/bin/gnu/h-x86_64-mingw32/bin/../lib/gcc/nios2-elf/4.9.1/../../../../../H-x86_64-mingw32/nios2-elf/lib\libc.a(lib_a-puts.o)
                0x0000000022020e38                _puts_r
                0x0000000022020ef0                puts
 .text          0x0000000022020f04       0x7c j:/altera/15.0.0.139/nios2eds/bin/gnu/h-x86_64-mingw32/bin/../lib/gcc/nios2-elf/4.9.1/../../../../../H-x86_64-mingw32/nios2-elf/lib\libc.a(lib_a-rand.o)
                0x0000000022020f04                srand
                0x0000000022020f1c                rand
 .text          0x0000000022020f80       0x98 j:/altera/15.0.0.139/nios2eds/bin/gnu/h-x86_64-mingw32/bin/../lib/gcc/nios2-elf/4.9.1/../../../../../H-x86_64-mingw32/nios2-elf/lib\libc.a(lib_a-strlen.o)
                0x0000000022020f80                strlen
 .text          0x0000000022021018     0x2020 j:/altera/15.0.0.139/nios2eds/bin/gnu/h-x86_64-mingw32/bin/../lib/gcc/nios2-elf/4.9.1/../../../../../H-x86_64-mingw32/nios2-elf/lib\libc.a(lib_a-vfprintf.o)
                0x0000000022021018                ___vfprintf_internal_r
                0x0000000022023014                __vfprintf_internal
 .text          0x0000000022023038      0x130 j:/altera/15.0.0.139/nios2eds/bin/gnu/h-x86_64-mingw32/bin/../lib/gcc/nios2-elf/4.9.1/../../../../../H-x86_64-mingw32/nios2-elf/lib\libc.a(lib_a-wsetup.o)
                0x0000000022023038                __swsetup_r
 .text          0x0000000022023168     0x1928 j:/altera/15.0.0.139/nios2eds/bin/gnu/h-x86_64-mingw32/bin/../lib/gcc/nios2-elf/4.9.1/../../../../../H-x86_64-mingw32/nios2-elf/lib\libc.a(lib_a-dtoa.o)
                0x0000000022023368                _dtoa_r
 .text          0x0000000022024a90      0x258 j:/altera/15.0.0.139/nios2eds/bin/gnu/h-x86_64-mingw32/bin/../lib/gcc/nios2-elf/4.9.1/../../../../../H-x86_64-mingw32/nios2-elf/lib\libc.a(lib_a-fflush.o)
                0x0000000022024a90                _fflush_r
                0x0000000022024cb8                fflush
 .text          0x0000000022024ce8      0x3a0 j:/altera/15.0.0.139/nios2eds/bin/gnu/h-x86_64-mingw32/bin/../lib/gcc/nios2-elf/4.9.1/../../../../../H-x86_64-mingw32/nios2-elf/lib\libc.a(lib_a-findfp.o)
                0x0000000022024cf8                _cleanup_r
                0x0000000022024ea4                __sfmoreglue
                0x0000000022024f08                __sfp
                0x0000000022025020                _cleanup
                0x0000000022025038                __sinit
                0x0000000022025048                __sfp_lock_acquire
                0x000000002202504c                __sfp_lock_release
                0x0000000022025050                __sinit_lock_acquire
                0x0000000022025054                __sinit_lock_release
                0x0000000022025058                __fp_lock_all
                0x0000000022025070                __fp_unlock_all
 .text          0x0000000022025088      0x414 j:/altera/15.0.0.139/nios2eds/bin/gnu/h-x86_64-mingw32/bin/../lib/gcc/nios2-elf/4.9.1/../../../../../H-x86_64-mingw32/nios2-elf/lib\libc.a(lib_a-freer.o)
                0x0000000022025088                _malloc_trim_r
                0x00000000220251ac                _free_r
 .text          0x000000002202549c      0x4a4 j:/altera/15.0.0.139/nios2eds/bin/gnu/h-x86_64-mingw32/bin/../lib/gcc/nios2-elf/4.9.1/../../../../../H-x86_64-mingw32/nios2-elf/lib\libc.a(lib_a-fvwrite.o)
                0x000000002202549c                __sfvwrite_r
 .text          0x0000000022025940      0x170 j:/altera/15.0.0.139/nios2eds/bin/gnu/h-x86_64-mingw32/bin/../lib/gcc/nios2-elf/4.9.1/../../../../../H-x86_64-mingw32/nios2-elf/lib\libc.a(lib_a-fwalk.o)
                0x0000000022025940                _fwalk
                0x00000000220259f8                _fwalk_reent
 .text          0x0000000022025ab0        0x0 j:/altera/15.0.0.139/nios2eds/bin/gnu/h-x86_64-mingw32/bin/../lib/gcc/nios2-elf/4.9.1/../../../../../H-x86_64-mingw32/nios2-elf/lib\libc.a(lib_a-impure.o)
 .text          0x0000000022025ab0       0xe0 j:/altera/15.0.0.139/nios2eds/bin/gnu/h-x86_64-mingw32/bin/../lib/gcc/nios2-elf/4.9.1/../../../../../H-x86_64-mingw32/nios2-elf/lib\libc.a(lib_a-locale.o)
                0x0000000022025ab0                _setlocale_r
                0x0000000022025b2c                __locale_charset
                0x0000000022025b38                __locale_mb_cur_max
                0x0000000022025b48                __locale_msgcharset
                0x0000000022025b54                __locale_cjk_lang
                0x0000000022025b5c                _localeconv_r
                0x0000000022025b68                setlocale
                0x0000000022025b84                localeconv
 .text          0x0000000022025b90      0x1b8 j:/altera/15.0.0.139/nios2eds/bin/gnu/h-x86_64-mingw32/bin/../lib/gcc/nios2-elf/4.9.1/../../../../../H-x86_64-mingw32/nios2-elf/lib\libc.a(lib_a-makebuf.o)
                0x0000000022025b90                __smakebuf_r
 .text          0x0000000022025d48      0x7a8 j:/altera/15.0.0.139/nios2eds/bin/gnu/h-x86_64-mingw32/bin/../lib/gcc/nios2-elf/4.9.1/../../../../../H-x86_64-mingw32/nios2-elf/lib\libc.a(lib_a-mallocr.o)
                0x0000000022025d48                _malloc_r
 .text          0x00000000220264f0       0xe8 j:/altera/15.0.0.139/nios2eds/bin/gnu/h-x86_64-mingw32/bin/../lib/gcc/nios2-elf/4.9.1/../../../../../H-x86_64-mingw32/nios2-elf/lib\libc.a(lib_a-memchr.o)
                0x00000000220264f0                memchr
 .text          0x00000000220265d8      0x15c j:/altera/15.0.0.139/nios2eds/bin/gnu/h-x86_64-mingw32/bin/../lib/gcc/nios2-elf/4.9.1/../../../../../H-x86_64-mingw32/nios2-elf/lib\libc.a(lib_a-memmove.o)
                0x00000000220265d8                memmove
 .text          0x0000000022026734      0x124 j:/altera/15.0.0.139/nios2eds/bin/gnu/h-x86_64-mingw32/bin/../lib/gcc/nios2-elf/4.9.1/../../../../../H-x86_64-mingw32/nios2-elf/lib\libc.a(lib_a-memset.o)
                0x0000000022026734                memset
 .text          0x0000000022026858      0xf8c j:/altera/15.0.0.139/nios2eds/bin/gnu/h-x86_64-mingw32/bin/../lib/gcc/nios2-elf/4.9.1/../../../../../H-x86_64-mingw32/nios2-elf/lib\libc.a(lib_a-mprec.o)
                0x0000000022026858                _Balloc
                0x0000000022026900                _Bfree
                0x0000000022026928                __multadd
                0x0000000022026a3c                __s2b
                0x0000000022026b40                __hi0bits
                0x0000000022026ba8                __lo0bits
                0x0000000022026c58                __i2b
                0x0000000022026c94                __multiply
                0x0000000022026e90                __pow5mult
                0x0000000022026fd0                __lshift
                0x0000000022027118                __mcmp
                0x0000000022027178                __mdiff
                0x0000000022027310                __ulp
                0x0000000022027370                __b2d
                0x000000002202748c                __d2b
                0x00000000220275c8                __ratio
                0x000000002202766c                _mprec_log10
                0x00000000220276e0                __copybits
                0x0000000022027758                __any_on
 .text          0x00000000220277e4      0x168 j:/altera/15.0.0.139/nios2eds/bin/gnu/h-x86_64-mingw32/bin/../lib/gcc/nios2-elf/4.9.1/../../../../../H-x86_64-mingw32/nios2-elf/lib\libc.a(lib_a-putc.o)
                0x00000000220277e4                _putc_r
                0x0000000022027884                putc
 .text          0x000000002202794c      0x5a0 j:/altera/15.0.0.139/nios2eds/bin/gnu/h-x86_64-mingw32/bin/../lib/gcc/nios2-elf/4.9.1/../../../../../H-x86_64-mingw32/nios2-elf/lib\libc.a(lib_a-reallocr.o)
                0x000000002202794c                _realloc_r
 .text          0x0000000022027eec       0x74 j:/altera/15.0.0.139/nios2eds/bin/gnu/h-x86_64-mingw32/bin/../lib/gcc/nios2-elf/4.9.1/../../../../../H-x86_64-mingw32/nios2-elf/lib\libc.a(lib_a-s_fpclassify.o)
                0x0000000022027eec                __fpclassifyd
 .text          0x0000000022027f60       0x54 j:/altera/15.0.0.139/nios2eds/bin/gnu/h-x86_64-mingw32/bin/../lib/gcc/nios2-elf/4.9.1/../../../../../H-x86_64-mingw32/nios2-elf/lib\libc.a(lib_a-sbrkr.o)
                0x0000000022027f60                _sbrk_r
 .text          0x0000000022027fb4      0x13c j:/altera/15.0.0.139/nios2eds/bin/gnu/h-x86_64-mingw32/bin/../lib/gcc/nios2-elf/4.9.1/../../../../../H-x86_64-mingw32/nios2-elf/lib\libc.a(lib_a-stdio.o)
                0x0000000022027fb4                __sread
                0x0000000022028008                __seofread
                0x0000000022028010                __swrite
                0x000000002202808c                __sseek
                0x00000000220280e8                __sclose
 .text          0x00000000220280f0       0xa4 j:/altera/15.0.0.139/nios2eds/bin/gnu/h-x86_64-mingw32/bin/../lib/gcc/nios2-elf/4.9.1/../../../../../H-x86_64-mingw32/nios2-elf/lib\libc.a(lib_a-strcmp.o)
                0x00000000220280f0                strcmp
 .text          0x0000000022028194     0x1494 j:/altera/15.0.0.139/nios2eds/bin/gnu/h-x86_64-mingw32/bin/../lib/gcc/nios2-elf/4.9.1/../../../../../H-x86_64-mingw32/nios2-elf/lib\libc.a(lib_a-vfiprintf.o)
                0x0000000022028290                __sprint_r
                0x00000000220282a8                ___vfiprintf_internal_r
                0x0000000022029604                __vfiprintf_internal
 .text          0x0000000022029628      0x170 j:/altera/15.0.0.139/nios2eds/bin/gnu/h-x86_64-mingw32/bin/../lib/gcc/nios2-elf/4.9.1/../../../../../H-x86_64-mingw32/nios2-elf/lib\libc.a(lib_a-wbuf.o)
                0x0000000022029628                __swbuf_r
                0x000000002202977c                __swbuf
 .text          0x0000000022029798       0x5c j:/altera/15.0.0.139/nios2eds/bin/gnu/h-x86_64-mingw32/bin/../lib/gcc/nios2-elf/4.9.1/../../../../../H-x86_64-mingw32/nios2-elf/lib\libc.a(lib_a-writer.o)
                0x0000000022029798                _write_r
 .text          0x00000000220297f4       0x54 j:/altera/15.0.0.139/nios2eds/bin/gnu/h-x86_64-mingw32/bin/../lib/gcc/nios2-elf/4.9.1/../../../../../H-x86_64-mingw32/nios2-elf/lib\libc.a(closer.o)
                0x00000000220297f4                _close_r
 .text          0x0000000022029848       0xc4 j:/altera/15.0.0.139/nios2eds/bin/gnu/h-x86_64-mingw32/bin/../lib/gcc/nios2-elf/4.9.1/../../../../../H-x86_64-mingw32/nios2-elf/lib\libc.a(lib_a-callocr.o)
                0x0000000022029848                _calloc_r
 .text          0x000000002202990c      0x114 j:/altera/15.0.0.139/nios2eds/bin/gnu/h-x86_64-mingw32/bin/../lib/gcc/nios2-elf/4.9.1/../../../../../H-x86_64-mingw32/nios2-elf/lib\libc.a(lib_a-fclose.o)
                0x000000002202990c                _fclose_r
                0x0000000022029a0c                fclose
 .text          0x0000000022029a20      0x1dc j:/altera/15.0.0.139/nios2eds/bin/gnu/h-x86_64-mingw32/bin/../lib/gcc/nios2-elf/4.9.1/../../../../../H-x86_64-mingw32/nios2-elf/lib\libc.a(lib_a-fputwc.o)
                0x0000000022029a20                _fputwc_r
                0x0000000022029ba4                fputwc
 .text          0x0000000022029bfc       0x58 j:/altera/15.0.0.139/nios2eds/bin/gnu/h-x86_64-mingw32/bin/../lib/gcc/nios2-elf/4.9.1/../../../../../H-x86_64-mingw32/nios2-elf/lib\libc.a(lib_a-fstatr.o)
                0x0000000022029bfc                _fstat_r
 .text          0x0000000022029c54        0x0 j:/altera/15.0.0.139/nios2eds/bin/gnu/h-x86_64-mingw32/bin/../lib/gcc/nios2-elf/4.9.1/../../../../../H-x86_64-mingw32/nios2-elf/lib\libc.a(lib_a-int_errno.o)
 .text          0x0000000022029c54       0x54 j:/altera/15.0.0.139/nios2eds/bin/gnu/h-x86_64-mingw32/bin/../lib/gcc/nios2-elf/4.9.1/../../../../../H-x86_64-mingw32/nios2-elf/lib\libc.a(lib_a-isattyr.o)
                0x0000000022029c54                _isatty_r
 .text          0x0000000022029ca8       0x5c j:/altera/15.0.0.139/nios2eds/bin/gnu/h-x86_64-mingw32/bin/../lib/gcc/nios2-elf/4.9.1/../../../../../H-x86_64-mingw32/nios2-elf/lib\libc.a(lib_a-lseekr.o)
                0x0000000022029ca8                _lseek_r
 .text          0x0000000022029d04       0x5c j:/altera/15.0.0.139/nios2eds/bin/gnu/h-x86_64-mingw32/bin/../lib/gcc/nios2-elf/4.9.1/../../../../../H-x86_64-mingw32/nios2-elf/lib\libc.a(lib_a-readr.o)
                0x0000000022029d04                _read_r
 .text          0x0000000022029d60      0x174 j:/altera/15.0.0.139/nios2eds/bin/gnu/h-x86_64-mingw32/bin/../lib/gcc/nios2-elf/4.9.1/../../../../../H-x86_64-mingw32/nios2-elf/lib\libc.a(lib_a-wcrtomb.o)
                0x0000000022029d60                _wcrtomb_r
                0x0000000022029dfc                wcrtomb
 .text          0x0000000022029ed4       0x8c j:/altera/15.0.0.139/nios2eds/bin/gnu/h-x86_64-mingw32/bin/../lib/gcc/nios2-elf/4.9.1/../../../../../H-x86_64-mingw32/nios2-elf/lib\libc.a(lib_a-wctomb_r.o)
                0x0000000022029ed4                __ascii_wctomb
                0x0000000022029f04                _wctomb_r
 .text          0x0000000022029f60       0x60 j:/altera/15.0.0.139/nios2eds/bin/gnu/h-x86_64-mingw32/bin/../lib/gcc/nios2-elf/4.9.1\libgcc.a(_muldi3.o)
                0x0000000022029f60                __muldi3
 .text          0x0000000022029fc0      0x5c0 j:/altera/15.0.0.139/nios2eds/bin/gnu/h-x86_64-mingw32/bin/../lib/gcc/nios2-elf/4.9.1\libgcc.a(_udivdi3.o)
                0x0000000022029fc0                __udivdi3
 .text          0x000000002202a580      0x590 j:/altera/15.0.0.139/nios2eds/bin/gnu/h-x86_64-mingw32/bin/../lib/gcc/nios2-elf/4.9.1\libgcc.a(_umoddi3.o)
                0x000000002202a580                __umoddi3
 .text          0x000000002202ab10      0x89c j:/altera/15.0.0.139/nios2eds/bin/gnu/h-x86_64-mingw32/bin/../lib/gcc/nios2-elf/4.9.1\libgcc.a(adddf3.o)
                0x000000002202ab10                __adddf3
 .text          0x000000002202b3ac      0x8cc j:/altera/15.0.0.139/nios2eds/bin/gnu/h-x86_64-mingw32/bin/../lib/gcc/nios2-elf/4.9.1\libgcc.a(divdf3.o)
                0x000000002202b3ac                __divdf3
 .text          0x000000002202bc78       0x84 j:/altera/15.0.0.139/nios2eds/bin/gnu/h-x86_64-mingw32/bin/../lib/gcc/nios2-elf/4.9.1\libgcc.a(eqdf2.o)
                0x000000002202bc78                __nedf2
                0x000000002202bc78                __eqdf2
 .text          0x000000002202bcfc       0xe0 j:/altera/15.0.0.139/nios2eds/bin/gnu/h-x86_64-mingw32/bin/../lib/gcc/nios2-elf/4.9.1\libgcc.a(gedf2.o)
                0x000000002202bcfc                __gedf2
                0x000000002202bcfc                __gtdf2
 .text          0x000000002202bddc       0xe0 j:/altera/15.0.0.139/nios2eds/bin/gnu/h-x86_64-mingw32/bin/../lib/gcc/nios2-elf/4.9.1\libgcc.a(ledf2.o)
                0x000000002202bddc                __ledf2
                0x000000002202bddc                __ltdf2
 .text          0x000000002202bebc      0x724 j:/altera/15.0.0.139/nios2eds/bin/gnu/h-x86_64-mingw32/bin/../lib/gcc/nios2-elf/4.9.1\libgcc.a(muldf3.o)
                0x000000002202bebc                __muldf3
 .text          0x000000002202c5e0      0x8d0 j:/altera/15.0.0.139/nios2eds/bin/gnu/h-x86_64-mingw32/bin/../lib/gcc/nios2-elf/4.9.1\libgcc.a(subdf3.o)
                0x000000002202c5e0                __subdf3
 .text          0x000000002202ceb0       0x88 j:/altera/15.0.0.139/nios2eds/bin/gnu/h-x86_64-mingw32/bin/../lib/gcc/nios2-elf/4.9.1\libgcc.a(fixdfsi.o)
                0x000000002202ceb0                __fixdfsi
 .text          0x000000002202cf38       0xd0 j:/altera/15.0.0.139/nios2eds/bin/gnu/h-x86_64-mingw32/bin/../lib/gcc/nios2-elf/4.9.1\libgcc.a(floatsidf.o)
                0x000000002202cf38                __floatsidf
 .text          0x000000002202d008       0xa4 j:/altera/15.0.0.139/nios2eds/bin/gnu/h-x86_64-mingw32/bin/../lib/gcc/nios2-elf/4.9.1\libgcc.a(floatunsidf.o)
                0x000000002202d008                __floatunsidf
 .text          0x000000002202d0ac        0x0 j:/altera/15.0.0.139/nios2eds/bin/gnu/h-x86_64-mingw32/bin/../lib/gcc/nios2-elf/4.9.1\libgcc.a(_clz.o)
 .text          0x000000002202d0ac       0x64 j:/altera/15.0.0.139/nios2eds/bin/gnu/h-x86_64-mingw32/bin/../lib/gcc/nios2-elf/4.9.1\libgcc.a(_clzsi2.o)
                0x000000002202d0ac                __clzsi2
 .text          0x000000002202d110      0x120 ../DECA_DEMO_bsp/\libhal_bsp.a(alt_close.o)
                0x000000002202d160                close
 .text          0x000000002202d230       0x44 ../DECA_DEMO_bsp/\libhal_bsp.a(alt_dcache_flush_all.o)
                0x000000002202d230                alt_dcache_flush_all
 .text          0x000000002202d274       0x2c ../DECA_DEMO_bsp/\libhal_bsp.a(alt_dev.o)
 .text          0x000000002202d2a0        0x0 ../DECA_DEMO_bsp/\libhal_bsp.a(alt_errno.o)
 .text          0x000000002202d2a0      0x100 ../DECA_DEMO_bsp/\libhal_bsp.a(alt_fstat.o)
                0x000000002202d2f0                fstat
 .text          0x000000002202d3a0       0xf4 ../DECA_DEMO_bsp/\libhal_bsp.a(alt_isatty.o)
                0x000000002202d3f0                isatty
 .text          0x000000002202d494       0xe4 ../DECA_DEMO_bsp/\libhal_bsp.a(alt_load.o)
                0x000000002202d4f8                alt_load
 .text          0x000000002202d578      0x124 ../DECA_DEMO_bsp/\libhal_bsp.a(alt_lseek.o)
                0x000000002202d5c8                lseek
 .text          0x000000002202d69c       0x78 ../DECA_DEMO_bsp/\libhal_bsp.a(alt_main.o)
                0x000000002202d69c                alt_main
 .text          0x000000002202d714       0x40 ../DECA_DEMO_bsp/\libhal_bsp.a(alt_malloc_lock.o)
                0x000000002202d714                __malloc_lock
                0x000000002202d734                __malloc_unlock
 .text          0x000000002202d754      0x14c ../DECA_DEMO_bsp/\libhal_bsp.a(alt_read.o)
                0x000000002202d7a4                read
 .text          0x000000002202d8a0       0x60 ../DECA_DEMO_bsp/\libhal_bsp.a(alt_release_fd.o)
                0x000000002202d8a0                alt_release_fd
 .text          0x000000002202d900       0xb0 ../DECA_DEMO_bsp/\libhal_bsp.a(alt_sbrk.o)
                0x000000002202d900                sbrk
 .text          0x000000002202d9b0      0x19c ../DECA_DEMO_bsp/\libhal_bsp.a(alt_tick.o)
                0x000000002202d9b0                alt_alarm_stop
                0x000000002202da48                alt_tick
 .text          0x000000002202db4c       0x30 ../DECA_DEMO_bsp/\libhal_bsp.a(alt_usleep.o)
                0x000000002202db4c                usleep
 .text          0x000000002202db7c      0x148 ../DECA_DEMO_bsp/\libhal_bsp.a(alt_write.o)
                0x000000002202dbcc                write
 .text          0x000000002202dcc4       0xc8 ../DECA_DEMO_bsp/\libhal_bsp.a(alt_sys_init.o)
                0x000000002202dcfc                alt_irq_init
                0x000000002202dd30                alt_sys_init
 .text          0x000000002202dd8c      0x164 ../DECA_DEMO_bsp/\libhal_bsp.a(altera_avalon_jtag_uart_fd.o)
                0x000000002202dd8c                altera_avalon_jtag_uart_read_fd
                0x000000002202ddec                altera_avalon_jtag_uart_write_fd
                0x000000002202de4c                altera_avalon_jtag_uart_close_fd
                0x000000002202de9c                altera_avalon_jtag_uart_ioctl_fd
 .text          0x000000002202def0      0x3d8 ../DECA_DEMO_bsp/\libhal_bsp.a(altera_avalon_jtag_uart_init.o)
                0x000000002202def0                altera_avalon_jtag_uart_init
                0x000000002202e260                altera_avalon_jtag_uart_close
 .text          0x000000002202e2c8       0xec ../DECA_DEMO_bsp/\libhal_bsp.a(altera_avalon_jtag_uart_ioctl.o)
                0x000000002202e2c8                altera_avalon_jtag_uart_ioctl
 .text          0x000000002202e3b4      0x20c ../DECA_DEMO_bsp/\libhal_bsp.a(altera_avalon_jtag_uart_read.o)
                0x000000002202e3b4                altera_avalon_jtag_uart_read
 .text          0x000000002202e5c0      0x218 ../DECA_DEMO_bsp/\libhal_bsp.a(altera_avalon_jtag_uart_write.o)
                0x000000002202e5c0                altera_avalon_jtag_uart_write
 .text          0x000000002202e7d8       0xfc ../DECA_DEMO_bsp/\libhal_bsp.a(altera_avalon_timer_sc.o)
                0x000000002202e84c                alt_avalon_timer_sc_init
 .text          0x000000002202e8d4      0x140 ../DECA_DEMO_bsp/\libhal_bsp.a(alt_alarm_start.o)
                0x000000002202e8d4                alt_alarm_start
 .text          0x000000002202ea14      0x158 ../DECA_DEMO_bsp/\libhal_bsp.a(alt_busy_sleep.o)
                0x000000002202ea14                alt_busy_sleep
 .text          0x000000002202eb6c       0xf4 ../DECA_DEMO_bsp/\libhal_bsp.a(alt_dev_llist_insert.o)
                0x000000002202ebbc                alt_dev_llist_insert
 .text          0x000000002202ec60       0x5c ../DECA_DEMO_bsp/\libhal_bsp.a(alt_do_ctors.o)
                0x000000002202ec60                _do_ctors
 .text          0x000000002202ecbc       0x5c ../DECA_DEMO_bsp/\libhal_bsp.a(alt_do_dtors.o)
                0x000000002202ecbc                _do_dtors
 .text          0x000000002202ed18       0x30 ../DECA_DEMO_bsp/\libhal_bsp.a(alt_icache_flush_all.o)
                0x000000002202ed18                alt_icache_flush_all
 .text          0x000000002202ed48      0x1e0 ../DECA_DEMO_bsp/\libhal_bsp.a(alt_iic.o)
                0x000000002202ed48                alt_ic_isr_register
                0x000000002202ed98                alt_ic_irq_enable
                0x000000002202ee38                alt_ic_irq_disable
                0x000000002202eedc                alt_ic_irq_enabled
 .text          0x000000002202ef28       0xf0 ../DECA_DEMO_bsp/\libhal_bsp.a(alt_iic_isr_register.o)
                0x000000002202ef28                alt_iic_isr_register
 .text          0x000000002202f018      0x138 ../DECA_DEMO_bsp/\libhal_bsp.a(alt_io_redirect.o)
                0x000000002202f0d8                alt_io_redirect
 .text          0x000000002202f150        0x0 ../DECA_DEMO_bsp/\libhal_bsp.a(alt_irq_entry.o)
 .text          0x000000002202f150        0x0 ../DECA_DEMO_bsp/\libhal_bsp.a(alt_irq_handler.o)
 .text          0x000000002202f150        0x0 ../DECA_DEMO_bsp/\libhal_bsp.a(alt_irq_vars.o)
 .text          0x000000002202f150      0x274 ../DECA_DEMO_bsp/\libhal_bsp.a(alt_open.o)
                0x000000002202f26c                open
 .text          0x000000002202f3c4       0x20 ../DECA_DEMO_bsp/\libhal_bsp.a(altera_nios2_gen2_irq.o)
                0x000000002202f3c4                altera_nios2_gen2_irq_init
 .text          0x000000002202f3e4        0x0 ../DECA_DEMO_bsp/\libhal_bsp.a(alt_exception_entry.o)
 .text          0x000000002202f3e4       0x90 ../DECA_DEMO_bsp/\libhal_bsp.a(alt_find_dev.o)
                0x000000002202f3e4                alt_find_dev
 .text          0x000000002202f474      0x114 ../DECA_DEMO_bsp/\libhal_bsp.a(alt_find_file.o)
                0x000000002202f474                alt_find_file
 .text          0x000000002202f588       0xb4 ../DECA_DEMO_bsp/\libhal_bsp.a(alt_get_fd.o)
                0x000000002202f588                alt_get_fd
 .text          0x000000002202f63c       0x8c ../DECA_DEMO_bsp/\libhal_bsp.a(alt_icache_flush.o)
                0x000000002202f63c                alt_icache_flush
 .text          0x000000002202f6c8       0x9c ../DECA_DEMO_bsp/\libhal_bsp.a(alt_instruction_exception_entry.o)
                0x000000002202f6c8                alt_exception_cause_generated_bad_addr
 .text          0x000000002202f764       0x14 j:/altera/15.0.0.139/nios2eds/bin/gnu/h-x86_64-mingw32/bin/../lib/gcc/nios2-elf/4.9.1/../../../../../H-x86_64-mingw32/nios2-elf/lib\libc.a(lib_a-atexit.o)
                0x000000002202f764                atexit
 .text          0x000000002202f778       0x38 j:/altera/15.0.0.139/nios2eds/bin/gnu/h-x86_64-mingw32/bin/../lib/gcc/nios2-elf/4.9.1/../../../../../H-x86_64-mingw32/nios2-elf/lib\libc.a(lib_a-exit.o)
                0x000000002202f778                exit
 .text          0x000000002202f7b0       0x7c j:/altera/15.0.0.139/nios2eds/bin/gnu/h-x86_64-mingw32/bin/../lib/gcc/nios2-elf/4.9.1/../../../../../H-x86_64-mingw32/nios2-elf/lib\libc.a(lib_a-memcmp.o)
                0x000000002202f7b0                memcmp
 .text          0x000000002202f82c      0x114 j:/altera/15.0.0.139/nios2eds/bin/gnu/h-x86_64-mingw32/bin/../lib/gcc/nios2-elf/4.9.1/../../../../../H-x86_64-mingw32/nios2-elf/lib\libc.a(lib_a-__atexit.o)
                0x000000002202f82c                __register_exitproc
 .text          0x000000002202f940      0x194 j:/altera/15.0.0.139/nios2eds/bin/gnu/h-x86_64-mingw32/bin/../lib/gcc/nios2-elf/4.9.1/../../../../../H-x86_64-mingw32/nios2-elf/lib\libc.a(lib_a-__call_atexit.o)
                0x000000002202f940                __call_exitprocs
 .text          0x000000002202fad4       0x34 ../DECA_DEMO_bsp/\libhal_bsp.a(alt_exit.o)
                0x000000002202fad4                _exit
 *(.gnu.warning.*)
 *(.fini)
                0x000000002202fb08                PROVIDE (__etext, ABSOLUTE (.))
                0x000000002202fb08                PROVIDE (_etext, ABSOLUTE (.))
                0x000000002202fb08                PROVIDE (etext, ABSOLUTE (.))
 *(.eh_frame_hdr)
                0x000000002202fb08                . = ALIGN (0x4)
                0x000000002202fb08                PROVIDE (__preinit_array_start, ABSOLUTE (.))
 *(.preinit_array)
                0x000000002202fb08                PROVIDE (__preinit_array_end, ABSOLUTE (.))
                0x000000002202fb08                PROVIDE (__init_array_start, ABSOLUTE (.))
 *(.init_array)
                0x000000002202fb08                PROVIDE (__init_array_end, ABSOLUTE (.))
                0x000000002202fb08                PROVIDE (__fini_array_start, ABSOLUTE (.))
 *(.fini_array)
                0x000000002202fb08                PROVIDE (__fini_array_end, ABSOLUTE (.))
 *(.eh_frame)
 *(.gcc_except_table .gcc_except_table.*)
 *(.dynamic)
                0x000000002202fb08                PROVIDE (__CTOR_LIST__, ABSOLUTE (.))
 *(.ctors)
 *(SORT(.ctors.*))
                0x000000002202fb08                PROVIDE (__CTOR_END__, ABSOLUTE (.))
                0x000000002202fb08                PROVIDE (__DTOR_LIST__, ABSOLUTE (.))
 *(.dtors)
 *(SORT(.dtors.*))
                0x000000002202fb08                PROVIDE (__DTOR_END__, ABSOLUTE (.))
 *(.jcr)
                0x000000002202fb08                . = ALIGN (0x4)

.rodata         0x000000002202fb08      0x458
                0x000000002202fb08                PROVIDE (__ram_rodata_start, ABSOLUTE (.))
                0x000000002202fb08                . = ALIGN (0x4)
 *(.rodata .rodata.* .gnu.linkonce.r.*)
 .rodata        0x000000002202fb08      0x104 obj/default/main.o
 .rodata        0x000000002202fc0c       0x5c obj/default/mem_verify.o
 .rodata.str1.4
                0x000000002202fc68        0x2 j:/altera/15.0.0.139/nios2eds/bin/gnu/h-x86_64-mingw32/bin/../lib/gcc/nios2-elf/4.9.1/../../../../../H-x86_64-mingw32/nios2-elf/lib\libc.a(lib_a-puts.o)
                                          0x4 (size before relaxing)
 *fill*         0x000000002202fc6a        0x2 
 .rodata.str1.4
                0x000000002202fc6c       0x42 j:/altera/15.0.0.139/nios2eds/bin/gnu/h-x86_64-mingw32/bin/../lib/gcc/nios2-elf/4.9.1/../../../../../H-x86_64-mingw32/nios2-elf/lib\libc.a(lib_a-vfprintf.o)
                                         0x44 (size before relaxing)
 .rodata        0x000000002202fcae       0x20 j:/altera/15.0.0.139/nios2eds/bin/gnu/h-x86_64-mingw32/bin/../lib/gcc/nios2-elf/4.9.1/../../../../../H-x86_64-mingw32/nios2-elf/lib\libc.a(lib_a-vfprintf.o)
 *fill*         0x000000002202fcce        0x2 
 .rodata.str1.4
                0x000000002202fcd0       0x10 j:/altera/15.0.0.139/nios2eds/bin/gnu/h-x86_64-mingw32/bin/../lib/gcc/nios2-elf/4.9.1/../../../../../H-x86_64-mingw32/nios2-elf/lib\libc.a(lib_a-dtoa.o)
                                         0x14 (size before relaxing)
 .rodata.str1.4
                0x000000002202fce0        0x2 j:/altera/15.0.0.139/nios2eds/bin/gnu/h-x86_64-mingw32/bin/../lib/gcc/nios2-elf/4.9.1/../../../../../H-x86_64-mingw32/nios2-elf/lib\libc.a(lib_a-impure.o)
                                          0x4 (size before relaxing)
 *fill*         0x000000002202fce2        0x2 
 .rodata.str1.4
                0x000000002202fce4        0xc j:/altera/15.0.0.139/nios2eds/bin/gnu/h-x86_64-mingw32/bin/../lib/gcc/nios2-elf/4.9.1/../../../../../H-x86_64-mingw32/nios2-elf/lib\libc.a(lib_a-locale.o)
                                         0x14 (size before relaxing)
 .rodata        0x000000002202fcf0      0x124 j:/altera/15.0.0.139/nios2eds/bin/gnu/h-x86_64-mingw32/bin/../lib/gcc/nios2-elf/4.9.1/../../../../../H-x86_64-mingw32/nios2-elf/lib\libc.a(lib_a-mprec.o)
                0x000000002202fcfc                __mprec_tinytens
                0x000000002202fd24                __mprec_bigtens
                0x000000002202fd4c                __mprec_tens
 .rodata.str1.4
                0x0000000000000000       0x30 j:/altera/15.0.0.139/nios2eds/bin/gnu/h-x86_64-mingw32/bin/../lib/gcc/nios2-elf/4.9.1/../../../../../H-x86_64-mingw32/nios2-elf/lib\libc.a(lib_a-vfiprintf.o)
 .rodata        0x000000002202fe14       0x20 j:/altera/15.0.0.139/nios2eds/bin/gnu/h-x86_64-mingw32/bin/../lib/gcc/nios2-elf/4.9.1/../../../../../H-x86_64-mingw32/nios2-elf/lib\libc.a(lib_a-vfiprintf.o)
 .rodata        0x000000002202fe34      0x100 j:/altera/15.0.0.139/nios2eds/bin/gnu/h-x86_64-mingw32/bin/../lib/gcc/nios2-elf/4.9.1\libgcc.a(_clz.o)
                0x000000002202fe34                __clz_tab
 .rodata        0x000000002202ff34        0xc ../DECA_DEMO_bsp/\libhal_bsp.a(alt_dev.o)
 .rodata        0x000000002202ff40       0x10 ../DECA_DEMO_bsp/\libhal_bsp.a(alt_main.o)
 .rodata        0x000000002202ff50       0x10 ../DECA_DEMO_bsp/\libhal_bsp.a(alt_sys_init.o)
 *(.rodata1)
                0x000000002202ff60                . = ALIGN (0x4)
                0x000000002202ff60                PROVIDE (__ram_rodata_end, ABSOLUTE (.))
                0x000000002202fb08                PROVIDE (__flash_rodata_start, LOADADDR (.rodata))

.rwdata         0x000000002202ff60     0x1aec load address 0x0000000022031a4c
                0x000000002202ff60                PROVIDE (__ram_rwdata_start, ABSOLUTE (.))
                0x000000002202ff60                . = ALIGN (0x4)
 *(.got.plt)
 *(.got)
 *(.data1)
 *(.data .data.* .gnu.linkonce.d.*)
 .data          0x000000002202ff60        0x0 ../DECA_DEMO_bsp//obj/HAL/src/crt0.o
 .data          0x000000002202ff60        0x0 obj/default/main.o
 .data          0x000000002202ff60        0x0 obj/default/mem_verify.o
 .data          0x000000002202ff60        0x0 j:/altera/15.0.0.139/nios2eds/bin/gnu/h-x86_64-mingw32/bin/../lib/gcc/nios2-elf/4.9.1\libgcc.a(lib2-divmod.o)
 .data          0x000000002202ff60        0x0 j:/altera/15.0.0.139/nios2eds/bin/gnu/h-x86_64-mingw32/bin/../lib/gcc/nios2-elf/4.9.1/../../../../../H-x86_64-mingw32/nios2-elf/lib\libc.a(lib_a-memcpy.o)
 .data          0x000000002202ff60        0x0 j:/altera/15.0.0.139/nios2eds/bin/gnu/h-x86_64-mingw32/bin/../lib/gcc/nios2-elf/4.9.1/../../../../../H-x86_64-mingw32/nios2-elf/lib\libc.a(lib_a-printf.o)
 .data          0x000000002202ff60        0x0 j:/altera/15.0.0.139/nios2eds/bin/gnu/h-x86_64-mingw32/bin/../lib/gcc/nios2-elf/4.9.1/../../../../../H-x86_64-mingw32/nios2-elf/lib\libc.a(lib_a-putchar.o)
 .data          0x000000002202ff60        0x0 j:/altera/15.0.0.139/nios2eds/bin/gnu/h-x86_64-mingw32/bin/../lib/gcc/nios2-elf/4.9.1/../../../../../H-x86_64-mingw32/nios2-elf/lib\libc.a(lib_a-puts.o)
 .data          0x000000002202ff60        0x0 j:/altera/15.0.0.139/nios2eds/bin/gnu/h-x86_64-mingw32/bin/../lib/gcc/nios2-elf/4.9.1/../../../../../H-x86_64-mingw32/nios2-elf/lib\libc.a(lib_a-rand.o)
 .data          0x000000002202ff60        0x0 j:/altera/15.0.0.139/nios2eds/bin/gnu/h-x86_64-mingw32/bin/../lib/gcc/nios2-elf/4.9.1/../../../../../H-x86_64-mingw32/nios2-elf/lib\libc.a(lib_a-strlen.o)
 .data          0x000000002202ff60        0x0 j:/altera/15.0.0.139/nios2eds/bin/gnu/h-x86_64-mingw32/bin/../lib/gcc/nios2-elf/4.9.1/../../../../../H-x86_64-mingw32/nios2-elf/lib\libc.a(lib_a-vfprintf.o)
 .data          0x000000002202ff60        0x0 j:/altera/15.0.0.139/nios2eds/bin/gnu/h-x86_64-mingw32/bin/../lib/gcc/nios2-elf/4.9.1/../../../../../H-x86_64-mingw32/nios2-elf/lib\libc.a(lib_a-wsetup.o)
 .data          0x000000002202ff60        0x0 j:/altera/15.0.0.139/nios2eds/bin/gnu/h-x86_64-mingw32/bin/../lib/gcc/nios2-elf/4.9.1/../../../../../H-x86_64-mingw32/nios2-elf/lib\libc.a(lib_a-dtoa.o)
 .data          0x000000002202ff60        0x0 j:/altera/15.0.0.139/nios2eds/bin/gnu/h-x86_64-mingw32/bin/../lib/gcc/nios2-elf/4.9.1/../../../../../H-x86_64-mingw32/nios2-elf/lib\libc.a(lib_a-fflush.o)
 .data          0x000000002202ff60        0x0 j:/altera/15.0.0.139/nios2eds/bin/gnu/h-x86_64-mingw32/bin/../lib/gcc/nios2-elf/4.9.1/../../../../../H-x86_64-mingw32/nios2-elf/lib\libc.a(lib_a-findfp.o)
 .data          0x000000002202ff60        0x0 j:/altera/15.0.0.139/nios2eds/bin/gnu/h-x86_64-mingw32/bin/../lib/gcc/nios2-elf/4.9.1/../../../../../H-x86_64-mingw32/nios2-elf/lib\libc.a(lib_a-freer.o)
 .data          0x000000002202ff60        0x0 j:/altera/15.0.0.139/nios2eds/bin/gnu/h-x86_64-mingw32/bin/../lib/gcc/nios2-elf/4.9.1/../../../../../H-x86_64-mingw32/nios2-elf/lib\libc.a(lib_a-fvwrite.o)
 .data          0x000000002202ff60        0x0 j:/altera/15.0.0.139/nios2eds/bin/gnu/h-x86_64-mingw32/bin/../lib/gcc/nios2-elf/4.9.1/../../../../../H-x86_64-mingw32/nios2-elf/lib\libc.a(lib_a-fwalk.o)
 .data          0x000000002202ff60      0x424 j:/altera/15.0.0.139/nios2eds/bin/gnu/h-x86_64-mingw32/bin/../lib/gcc/nios2-elf/4.9.1/../../../../../H-x86_64-mingw32/nios2-elf/lib\libc.a(lib_a-impure.o)
 .data          0x0000000022030384       0x78 j:/altera/15.0.0.139/nios2eds/bin/gnu/h-x86_64-mingw32/bin/../lib/gcc/nios2-elf/4.9.1/../../../../../H-x86_64-mingw32/nios2-elf/lib\libc.a(lib_a-locale.o)
 .data          0x00000000220303fc        0x0 j:/altera/15.0.0.139/nios2eds/bin/gnu/h-x86_64-mingw32/bin/../lib/gcc/nios2-elf/4.9.1/../../../../../H-x86_64-mingw32/nios2-elf/lib\libc.a(lib_a-makebuf.o)
 .data          0x00000000220303fc      0x408 j:/altera/15.0.0.139/nios2eds/bin/gnu/h-x86_64-mingw32/bin/../lib/gcc/nios2-elf/4.9.1/../../../../../H-x86_64-mingw32/nios2-elf/lib\libc.a(lib_a-mallocr.o)
                0x00000000220303fc                __malloc_av_
 .data          0x0000000022030804        0x0 j:/altera/15.0.0.139/nios2eds/bin/gnu/h-x86_64-mingw32/bin/../lib/gcc/nios2-elf/4.9.1/../../../../../H-x86_64-mingw32/nios2-elf/lib\libc.a(lib_a-memchr.o)
 .data          0x0000000022030804        0x0 j:/altera/15.0.0.139/nios2eds/bin/gnu/h-x86_64-mingw32/bin/../lib/gcc/nios2-elf/4.9.1/../../../../../H-x86_64-mingw32/nios2-elf/lib\libc.a(lib_a-memmove.o)
 .data          0x0000000022030804        0x0 j:/altera/15.0.0.139/nios2eds/bin/gnu/h-x86_64-mingw32/bin/../lib/gcc/nios2-elf/4.9.1/../../../../../H-x86_64-mingw32/nios2-elf/lib\libc.a(lib_a-memset.o)
 .data          0x0000000022030804        0x0 j:/altera/15.0.0.139/nios2eds/bin/gnu/h-x86_64-mingw32/bin/../lib/gcc/nios2-elf/4.9.1/../../../../../H-x86_64-mingw32/nios2-elf/lib\libc.a(lib_a-mprec.o)
 .data          0x0000000022030804        0x0 j:/altera/15.0.0.139/nios2eds/bin/gnu/h-x86_64-mingw32/bin/../lib/gcc/nios2-elf/4.9.1/../../../../../H-x86_64-mingw32/nios2-elf/lib\libc.a(lib_a-putc.o)
 .data          0x0000000022030804        0x0 j:/altera/15.0.0.139/nios2eds/bin/gnu/h-x86_64-mingw32/bin/../lib/gcc/nios2-elf/4.9.1/../../../../../H-x86_64-mingw32/nios2-elf/lib\libc.a(lib_a-reallocr.o)
 .data          0x0000000022030804        0x0 j:/altera/15.0.0.139/nios2eds/bin/gnu/h-x86_64-mingw32/bin/../lib/gcc/nios2-elf/4.9.1/../../../../../H-x86_64-mingw32/nios2-elf/lib\libc.a(lib_a-s_fpclassify.o)
 .data          0x0000000022030804        0x0 j:/altera/15.0.0.139/nios2eds/bin/gnu/h-x86_64-mingw32/bin/../lib/gcc/nios2-elf/4.9.1/../../../../../H-x86_64-mingw32/nios2-elf/lib\libc.a(lib_a-sbrkr.o)
 .data          0x0000000022030804        0x0 j:/altera/15.0.0.139/nios2eds/bin/gnu/h-x86_64-mingw32/bin/../lib/gcc/nios2-elf/4.9.1/../../../../../H-x86_64-mingw32/nios2-elf/lib\libc.a(lib_a-stdio.o)
 .data          0x0000000022030804        0x0 j:/altera/15.0.0.139/nios2eds/bin/gnu/h-x86_64-mingw32/bin/../lib/gcc/nios2-elf/4.9.1/../../../../../H-x86_64-mingw32/nios2-elf/lib\libc.a(lib_a-strcmp.o)
 .data          0x0000000022030804        0x0 j:/altera/15.0.0.139/nios2eds/bin/gnu/h-x86_64-mingw32/bin/../lib/gcc/nios2-elf/4.9.1/../../../../../H-x86_64-mingw32/nios2-elf/lib\libc.a(lib_a-vfiprintf.o)
 .data          0x0000000022030804        0x0 j:/altera/15.0.0.139/nios2eds/bin/gnu/h-x86_64-mingw32/bin/../lib/gcc/nios2-elf/4.9.1/../../../../../H-x86_64-mingw32/nios2-elf/lib\libc.a(lib_a-wbuf.o)
 .data          0x0000000022030804        0x0 j:/altera/15.0.0.139/nios2eds/bin/gnu/h-x86_64-mingw32/bin/../lib/gcc/nios2-elf/4.9.1/../../../../../H-x86_64-mingw32/nios2-elf/lib\libc.a(lib_a-writer.o)
 .data          0x0000000022030804        0x0 j:/altera/15.0.0.139/nios2eds/bin/gnu/h-x86_64-mingw32/bin/../lib/gcc/nios2-elf/4.9.1/../../../../../H-x86_64-mingw32/nios2-elf/lib\libc.a(closer.o)
 .data          0x0000000022030804        0x0 j:/altera/15.0.0.139/nios2eds/bin/gnu/h-x86_64-mingw32/bin/../lib/gcc/nios2-elf/4.9.1/../../../../../H-x86_64-mingw32/nios2-elf/lib\libc.a(lib_a-callocr.o)
 .data          0x0000000022030804        0x0 j:/altera/15.0.0.139/nios2eds/bin/gnu/h-x86_64-mingw32/bin/../lib/gcc/nios2-elf/4.9.1/../../../../../H-x86_64-mingw32/nios2-elf/lib\libc.a(lib_a-fclose.o)
 .data          0x0000000022030804        0x0 j:/altera/15.0.0.139/nios2eds/bin/gnu/h-x86_64-mingw32/bin/../lib/gcc/nios2-elf/4.9.1/../../../../../H-x86_64-mingw32/nios2-elf/lib\libc.a(lib_a-fputwc.o)
 .data          0x0000000022030804        0x0 j:/altera/15.0.0.139/nios2eds/bin/gnu/h-x86_64-mingw32/bin/../lib/gcc/nios2-elf/4.9.1/../../../../../H-x86_64-mingw32/nios2-elf/lib\libc.a(lib_a-fstatr.o)
 .data          0x0000000022030804        0x0 j:/altera/15.0.0.139/nios2eds/bin/gnu/h-x86_64-mingw32/bin/../lib/gcc/nios2-elf/4.9.1/../../../../../H-x86_64-mingw32/nios2-elf/lib\libc.a(lib_a-int_errno.o)
 .data          0x0000000022030804        0x0 j:/altera/15.0.0.139/nios2eds/bin/gnu/h-x86_64-mingw32/bin/../lib/gcc/nios2-elf/4.9.1/../../../../../H-x86_64-mingw32/nios2-elf/lib\libc.a(lib_a-isattyr.o)
 .data          0x0000000022030804        0x0 j:/altera/15.0.0.139/nios2eds/bin/gnu/h-x86_64-mingw32/bin/../lib/gcc/nios2-elf/4.9.1/../../../../../H-x86_64-mingw32/nios2-elf/lib\libc.a(lib_a-lseekr.o)
 .data          0x0000000022030804        0x0 j:/altera/15.0.0.139/nios2eds/bin/gnu/h-x86_64-mingw32/bin/../lib/gcc/nios2-elf/4.9.1/../../../../../H-x86_64-mingw32/nios2-elf/lib\libc.a(lib_a-readr.o)
 .data          0x0000000022030804        0x0 j:/altera/15.0.0.139/nios2eds/bin/gnu/h-x86_64-mingw32/bin/../lib/gcc/nios2-elf/4.9.1/../../../../../H-x86_64-mingw32/nios2-elf/lib\libc.a(lib_a-wcrtomb.o)
 .data          0x0000000022030804        0x0 j:/altera/15.0.0.139/nios2eds/bin/gnu/h-x86_64-mingw32/bin/../lib/gcc/nios2-elf/4.9.1/../../../../../H-x86_64-mingw32/nios2-elf/lib\libc.a(lib_a-wctomb_r.o)
 .data          0x0000000022030804        0x0 j:/altera/15.0.0.139/nios2eds/bin/gnu/h-x86_64-mingw32/bin/../lib/gcc/nios2-elf/4.9.1\libgcc.a(_muldi3.o)
 .data          0x0000000022030804        0x0 j:/altera/15.0.0.139/nios2eds/bin/gnu/h-x86_64-mingw32/bin/../lib/gcc/nios2-elf/4.9.1\libgcc.a(_udivdi3.o)
 .data          0x0000000022030804        0x0 j:/altera/15.0.0.139/nios2eds/bin/gnu/h-x86_64-mingw32/bin/../lib/gcc/nios2-elf/4.9.1\libgcc.a(_umoddi3.o)
 .data          0x0000000022030804        0x0 j:/altera/15.0.0.139/nios2eds/bin/gnu/h-x86_64-mingw32/bin/../lib/gcc/nios2-elf/4.9.1\libgcc.a(adddf3.o)
 .data          0x0000000022030804        0x0 j:/altera/15.0.0.139/nios2eds/bin/gnu/h-x86_64-mingw32/bin/../lib/gcc/nios2-elf/4.9.1\libgcc.a(divdf3.o)
 .data          0x0000000022030804        0x0 j:/altera/15.0.0.139/nios2eds/bin/gnu/h-x86_64-mingw32/bin/../lib/gcc/nios2-elf/4.9.1\libgcc.a(eqdf2.o)
 .data          0x0000000022030804        0x0 j:/altera/15.0.0.139/nios2eds/bin/gnu/h-x86_64-mingw32/bin/../lib/gcc/nios2-elf/4.9.1\libgcc.a(gedf2.o)
 .data          0x0000000022030804        0x0 j:/altera/15.0.0.139/nios2eds/bin/gnu/h-x86_64-mingw32/bin/../lib/gcc/nios2-elf/4.9.1\libgcc.a(ledf2.o)
 .data          0x0000000022030804        0x0 j:/altera/15.0.0.139/nios2eds/bin/gnu/h-x86_64-mingw32/bin/../lib/gcc/nios2-elf/4.9.1\libgcc.a(muldf3.o)
 .data          0x0000000022030804        0x0 j:/altera/15.0.0.139/nios2eds/bin/gnu/h-x86_64-mingw32/bin/../lib/gcc/nios2-elf/4.9.1\libgcc.a(subdf3.o)
 .data          0x0000000022030804        0x0 j:/altera/15.0.0.139/nios2eds/bin/gnu/h-x86_64-mingw32/bin/../lib/gcc/nios2-elf/4.9.1\libgcc.a(fixdfsi.o)
 .data          0x0000000022030804        0x0 j:/altera/15.0.0.139/nios2eds/bin/gnu/h-x86_64-mingw32/bin/../lib/gcc/nios2-elf/4.9.1\libgcc.a(floatsidf.o)
 .data          0x0000000022030804        0x0 j:/altera/15.0.0.139/nios2eds/bin/gnu/h-x86_64-mingw32/bin/../lib/gcc/nios2-elf/4.9.1\libgcc.a(floatunsidf.o)
 .data          0x0000000022030804        0x0 j:/altera/15.0.0.139/nios2eds/bin/gnu/h-x86_64-mingw32/bin/../lib/gcc/nios2-elf/4.9.1\libgcc.a(_clz.o)
 .data          0x0000000022030804        0x0 j:/altera/15.0.0.139/nios2eds/bin/gnu/h-x86_64-mingw32/bin/../lib/gcc/nios2-elf/4.9.1\libgcc.a(_clzsi2.o)
 .data          0x0000000022030804        0x0 ../DECA_DEMO_bsp/\libhal_bsp.a(alt_close.o)
 .data          0x0000000022030804        0x0 ../DECA_DEMO_bsp/\libhal_bsp.a(alt_dcache_flush_all.o)
 .data          0x0000000022030804      0x1a8 ../DECA_DEMO_bsp/\libhal_bsp.a(alt_dev.o)
                0x0000000022030804                alt_dev_null
                0x000000002203082c                alt_fd_list
 .data          0x00000000220309ac        0x0 ../DECA_DEMO_bsp/\libhal_bsp.a(alt_errno.o)
 .data          0x00000000220309ac        0x0 ../DECA_DEMO_bsp/\libhal_bsp.a(alt_fstat.o)
 .data          0x00000000220309ac        0x0 ../DECA_DEMO_bsp/\libhal_bsp.a(alt_isatty.o)
 .data          0x00000000220309ac        0x0 ../DECA_DEMO_bsp/\libhal_bsp.a(alt_load.o)
 .data          0x00000000220309ac        0x0 ../DECA_DEMO_bsp/\libhal_bsp.a(alt_lseek.o)
 .data          0x00000000220309ac        0x0 ../DECA_DEMO_bsp/\libhal_bsp.a(alt_main.o)
 .data          0x00000000220309ac        0x0 ../DECA_DEMO_bsp/\libhal_bsp.a(alt_malloc_lock.o)
 .data          0x00000000220309ac        0x0 ../DECA_DEMO_bsp/\libhal_bsp.a(alt_read.o)
 .data          0x00000000220309ac        0x0 ../DECA_DEMO_bsp/\libhal_bsp.a(alt_release_fd.o)
 .data          0x00000000220309ac        0x0 ../DECA_DEMO_bsp/\libhal_bsp.a(alt_sbrk.o)
 .data          0x00000000220309ac        0x0 ../DECA_DEMO_bsp/\libhal_bsp.a(alt_tick.o)
 .data          0x00000000220309ac        0x0 ../DECA_DEMO_bsp/\libhal_bsp.a(alt_usleep.o)
 .data          0x00000000220309ac        0x0 ../DECA_DEMO_bsp/\libhal_bsp.a(alt_write.o)
 .data          0x00000000220309ac     0x1060 ../DECA_DEMO_bsp/\libhal_bsp.a(alt_sys_init.o)
 .data          0x0000000022031a0c        0x0 ../DECA_DEMO_bsp/\libhal_bsp.a(altera_avalon_jtag_uart_fd.o)
 .data          0x0000000022031a0c        0x0 ../DECA_DEMO_bsp/\libhal_bsp.a(altera_avalon_jtag_uart_init.o)
 .data          0x0000000022031a0c        0x0 ../DECA_DEMO_bsp/\libhal_bsp.a(altera_avalon_jtag_uart_ioctl.o)
 .data          0x0000000022031a0c        0x0 ../DECA_DEMO_bsp/\libhal_bsp.a(altera_avalon_jtag_uart_read.o)
 .data          0x0000000022031a0c        0x0 ../DECA_DEMO_bsp/\libhal_bsp.a(altera_avalon_jtag_uart_write.o)
 .data          0x0000000022031a0c        0x0 ../DECA_DEMO_bsp/\libhal_bsp.a(altera_avalon_timer_sc.o)
 .data          0x0000000022031a0c        0x0 ../DECA_DEMO_bsp/\libhal_bsp.a(alt_alarm_start.o)
 .data          0x0000000022031a0c        0x0 ../DECA_DEMO_bsp/\libhal_bsp.a(alt_busy_sleep.o)
 .data          0x0000000022031a0c        0x0 ../DECA_DEMO_bsp/\libhal_bsp.a(alt_dev_llist_insert.o)
 .data          0x0000000022031a0c        0x0 ../DECA_DEMO_bsp/\libhal_bsp.a(alt_do_ctors.o)
 .data          0x0000000022031a0c        0x0 ../DECA_DEMO_bsp/\libhal_bsp.a(alt_do_dtors.o)
 .data          0x0000000022031a0c        0x0 ../DECA_DEMO_bsp/\libhal_bsp.a(alt_icache_flush_all.o)
 .data          0x0000000022031a0c        0x0 ../DECA_DEMO_bsp/\libhal_bsp.a(alt_iic.o)
 .data          0x0000000022031a0c        0x0 ../DECA_DEMO_bsp/\libhal_bsp.a(alt_iic_isr_register.o)
 .data          0x0000000022031a0c        0x0 ../DECA_DEMO_bsp/\libhal_bsp.a(alt_io_redirect.o)
 .data          0x0000000022031a0c        0x0 ../DECA_DEMO_bsp/\libhal_bsp.a(alt_irq_entry.o)
 .data          0x0000000022031a0c        0x0 ../DECA_DEMO_bsp/\libhal_bsp.a(alt_irq_handler.o)
 .data          0x0000000022031a0c        0x0 ../DECA_DEMO_bsp/\libhal_bsp.a(alt_irq_vars.o)
 .data          0x0000000022031a0c        0x0 ../DECA_DEMO_bsp/\libhal_bsp.a(alt_open.o)
 .data          0x0000000022031a0c        0x0 ../DECA_DEMO_bsp/\libhal_bsp.a(altera_nios2_gen2_irq.o)
 .data          0x0000000022031a0c        0x0 ../DECA_DEMO_bsp/\libhal_bsp.a(alt_exception_entry.o)
 .data          0x0000000022031a0c        0x0 ../DECA_DEMO_bsp/\libhal_bsp.a(alt_find_dev.o)
 .data          0x0000000022031a0c        0x0 ../DECA_DEMO_bsp/\libhal_bsp.a(alt_find_file.o)
 .data          0x0000000022031a0c        0x0 ../DECA_DEMO_bsp/\libhal_bsp.a(alt_get_fd.o)
 .data          0x0000000022031a0c        0x0 ../DECA_DEMO_bsp/\libhal_bsp.a(alt_icache_flush.o)
 .data          0x0000000022031a0c        0x0 ../DECA_DEMO_bsp/\libhal_bsp.a(alt_instruction_exception_entry.o)
 .data          0x0000000022031a0c        0x0 j:/altera/15.0.0.139/nios2eds/bin/gnu/h-x86_64-mingw32/bin/../lib/gcc/nios2-elf/4.9.1/../../../../../H-x86_64-mingw32/nios2-elf/lib\libc.a(lib_a-atexit.o)
 .data          0x0000000022031a0c        0x0 j:/altera/15.0.0.139/nios2eds/bin/gnu/h-x86_64-mingw32/bin/../lib/gcc/nios2-elf/4.9.1/../../../../../H-x86_64-mingw32/nios2-elf/lib\libc.a(lib_a-exit.o)
 .data          0x0000000022031a0c        0x0 j:/altera/15.0.0.139/nios2eds/bin/gnu/h-x86_64-mingw32/bin/../lib/gcc/nios2-elf/4.9.1/../../../../../H-x86_64-mingw32/nios2-elf/lib\libc.a(lib_a-memcmp.o)
 .data          0x0000000022031a0c        0x0 j:/altera/15.0.0.139/nios2eds/bin/gnu/h-x86_64-mingw32/bin/../lib/gcc/nios2-elf/4.9.1/../../../../../H-x86_64-mingw32/nios2-elf/lib\libc.a(lib_a-__atexit.o)
 .data          0x0000000022031a0c        0x0 j:/altera/15.0.0.139/nios2eds/bin/gnu/h-x86_64-mingw32/bin/../lib/gcc/nios2-elf/4.9.1/../../../../../H-x86_64-mingw32/nios2-elf/lib\libc.a(lib_a-__call_atexit.o)
 .data          0x0000000022031a0c        0x0 ../DECA_DEMO_bsp/\libhal_bsp.a(alt_exit.o)
                0x0000000022039a0c                _gp = ABSOLUTE ((. + 0x8000))
                0x0000000022039a0c                PROVIDE (gp, _gp)
 *(.rwdata .rwdata.*)
 *(.sdata .sdata.* .gnu.linkonce.s.*)
 .sdata         0x0000000022031a0c        0x8 j:/altera/15.0.0.139/nios2eds/bin/gnu/h-x86_64-mingw32/bin/../lib/gcc/nios2-elf/4.9.1/../../../../../H-x86_64-mingw32/nios2-elf/lib\libc.a(lib_a-impure.o)
                0x0000000022031a0c                _global_impure_ptr
                0x0000000022031a10                _impure_ptr
 .sdata         0x0000000022031a14        0x4 j:/altera/15.0.0.139/nios2eds/bin/gnu/h-x86_64-mingw32/bin/../lib/gcc/nios2-elf/4.9.1/../../../../../H-x86_64-mingw32/nios2-elf/lib\libc.a(lib_a-locale.o)
                0x0000000022031a14                __mb_cur_max
 .sdata         0x0000000022031a18        0x8 j:/altera/15.0.0.139/nios2eds/bin/gnu/h-x86_64-mingw32/bin/../lib/gcc/nios2-elf/4.9.1/../../../../../H-x86_64-mingw32/nios2-elf/lib\libc.a(lib_a-mallocr.o)
                0x0000000022031a18                __malloc_sbrk_base
                0x0000000022031a1c                __malloc_trim_threshold
 .sdata         0x0000000022031a20        0x4 j:/altera/15.0.0.139/nios2eds/bin/gnu/h-x86_64-mingw32/bin/../lib/gcc/nios2-elf/4.9.1/../../../../../H-x86_64-mingw32/nios2-elf/lib\libc.a(lib_a-wctomb_r.o)
                0x0000000022031a20                __wctomb
 .sdata         0x0000000022031a24       0x14 ../DECA_DEMO_bsp/\libhal_bsp.a(alt_dev.o)
                0x0000000022031a24                alt_fs_list
                0x0000000022031a2c                alt_dev_list
                0x0000000022031a34                alt_max_fd
 .sdata         0x0000000022031a38        0x4 ../DECA_DEMO_bsp/\libhal_bsp.a(alt_errno.o)
                0x0000000022031a38                alt_errno
 .sdata         0x0000000022031a3c        0x4 ../DECA_DEMO_bsp/\libhal_bsp.a(alt_sbrk.o)
 .sdata         0x0000000022031a40        0x8 ../DECA_DEMO_bsp/\libhal_bsp.a(alt_tick.o)
                0x0000000022031a40                alt_alarm_list
 .sdata         0x0000000022031a48        0x4 ../DECA_DEMO_bsp/\libhal_bsp.a(alt_irq_vars.o)
                0x0000000022031a48                alt_priority_mask
 *(.sdata2 .sdata2.* .gnu.linkonce.s2.*)
                0x0000000022031a4c                . = ALIGN (0x4)
                0x0000000022031a4c                _edata = ABSOLUTE (.)
                0x0000000022031a4c                PROVIDE (edata, ABSOLUTE (.))
                0x0000000022031a4c                PROVIDE (__ram_rwdata_end, ABSOLUTE (.))
                0x0000000022031a4c                PROVIDE (__flash_rwdata_start, LOADADDR (.rwdata))

.bss            0x0000000022033538      0x160
                0x0000000022033538                __bss_start = ABSOLUTE (.)
                0x0000000022033538                PROVIDE (__sbss_start, ABSOLUTE (.))
                0x0000000022033538                PROVIDE (___sbss_start, ABSOLUTE (.))
 *(.dynsbss)
 *(.sbss .sbss.* .gnu.linkonce.sb.*)
 .sbss          0x0000000022033538        0xc j:/altera/15.0.0.139/nios2eds/bin/gnu/h-x86_64-mingw32/bin/../lib/gcc/nios2-elf/4.9.1/../../../../../H-x86_64-mingw32/nios2-elf/lib\libc.a(lib_a-locale.o)
                0x0000000022033538                _PathLocale
                0x000000002203353c                __mlocale_changed
                0x0000000022033540                __nlocale_changed
 .sbss          0x0000000022033544        0xc j:/altera/15.0.0.139/nios2eds/bin/gnu/h-x86_64-mingw32/bin/../lib/gcc/nios2-elf/4.9.1/../../../../../H-x86_64-mingw32/nios2-elf/lib\libc.a(lib_a-mallocr.o)
                0x0000000022033544                __malloc_max_total_mem
                0x0000000022033548                __malloc_max_sbrked_mem
                0x000000002203354c                __malloc_top_pad
 .sbss          0x0000000022033550        0x4 j:/altera/15.0.0.139/nios2eds/bin/gnu/h-x86_64-mingw32/bin/../lib/gcc/nios2-elf/4.9.1/../../../../../H-x86_64-mingw32/nios2-elf/lib\libc.a(lib_a-int_errno.o)
                0x0000000022033550                errno
 .sbss          0x0000000022033554        0xc ../DECA_DEMO_bsp/\libhal_bsp.a(alt_main.o)
                0x0000000022033554                alt_argc
                0x0000000022033558                alt_argv
                0x000000002203355c                alt_envp
 .sbss          0x0000000022033560        0x8 ../DECA_DEMO_bsp/\libhal_bsp.a(alt_tick.o)
                0x0000000022033560                _alt_tick_rate
                0x0000000022033564                _alt_nticks
 .sbss          0x0000000022033568        0x4 ../DECA_DEMO_bsp/\libhal_bsp.a(alt_irq_vars.o)
                0x0000000022033568                alt_irq_active
 .sbss          0x000000002203356c        0x4 ../DECA_DEMO_bsp/\libhal_bsp.a(alt_instruction_exception_entry.o)
                0x000000002203356c                alt_instruction_exception_handler
 *(.sbss2 .sbss2.* .gnu.linkonce.sb2.*)
 *(.scommon)
                0x0000000022033570                PROVIDE (__sbss_end, ABSOLUTE (.))
                0x0000000022033570                PROVIDE (___sbss_end, ABSOLUTE (.))
 *(.dynbss)
 *(.bss .bss.* .gnu.linkonce.b.*)
 .bss           0x0000000022033570        0x0 ../DECA_DEMO_bsp//obj/HAL/src/crt0.o
 .bss           0x0000000022033570        0x0 obj/default/main.o
 .bss           0x0000000022033570        0x0 obj/default/mem_verify.o
 .bss           0x0000000022033570        0x0 j:/altera/15.0.0.139/nios2eds/bin/gnu/h-x86_64-mingw32/bin/../lib/gcc/nios2-elf/4.9.1\libgcc.a(lib2-divmod.o)
 .bss           0x0000000022033570        0x0 j:/altera/15.0.0.139/nios2eds/bin/gnu/h-x86_64-mingw32/bin/../lib/gcc/nios2-elf/4.9.1/../../../../../H-x86_64-mingw32/nios2-elf/lib\libc.a(lib_a-memcpy.o)
 .bss           0x0000000022033570        0x0 j:/altera/15.0.0.139/nios2eds/bin/gnu/h-x86_64-mingw32/bin/../lib/gcc/nios2-elf/4.9.1/../../../../../H-x86_64-mingw32/nios2-elf/lib\libc.a(lib_a-printf.o)
 .bss           0x0000000022033570        0x0 j:/altera/15.0.0.139/nios2eds/bin/gnu/h-x86_64-mingw32/bin/../lib/gcc/nios2-elf/4.9.1/../../../../../H-x86_64-mingw32/nios2-elf/lib\libc.a(lib_a-putchar.o)
 .bss           0x0000000022033570        0x0 j:/altera/15.0.0.139/nios2eds/bin/gnu/h-x86_64-mingw32/bin/../lib/gcc/nios2-elf/4.9.1/../../../../../H-x86_64-mingw32/nios2-elf/lib\libc.a(lib_a-puts.o)
 .bss           0x0000000022033570        0x0 j:/altera/15.0.0.139/nios2eds/bin/gnu/h-x86_64-mingw32/bin/../lib/gcc/nios2-elf/4.9.1/../../../../../H-x86_64-mingw32/nios2-elf/lib\libc.a(lib_a-rand.o)
 .bss           0x0000000022033570        0x0 j:/altera/15.0.0.139/nios2eds/bin/gnu/h-x86_64-mingw32/bin/../lib/gcc/nios2-elf/4.9.1/../../../../../H-x86_64-mingw32/nios2-elf/lib\libc.a(lib_a-strlen.o)
 .bss           0x0000000022033570        0x0 j:/altera/15.0.0.139/nios2eds/bin/gnu/h-x86_64-mingw32/bin/../lib/gcc/nios2-elf/4.9.1/../../../../../H-x86_64-mingw32/nios2-elf/lib\libc.a(lib_a-vfprintf.o)
 .bss           0x0000000022033570        0x0 j:/altera/15.0.0.139/nios2eds/bin/gnu/h-x86_64-mingw32/bin/../lib/gcc/nios2-elf/4.9.1/../../../../../H-x86_64-mingw32/nios2-elf/lib\libc.a(lib_a-wsetup.o)
 .bss           0x0000000022033570        0x0 j:/altera/15.0.0.139/nios2eds/bin/gnu/h-x86_64-mingw32/bin/../lib/gcc/nios2-elf/4.9.1/../../../../../H-x86_64-mingw32/nios2-elf/lib\libc.a(lib_a-dtoa.o)
 .bss           0x0000000022033570        0x0 j:/altera/15.0.0.139/nios2eds/bin/gnu/h-x86_64-mingw32/bin/../lib/gcc/nios2-elf/4.9.1/../../../../../H-x86_64-mingw32/nios2-elf/lib\libc.a(lib_a-fflush.o)
 .bss           0x0000000022033570        0x0 j:/altera/15.0.0.139/nios2eds/bin/gnu/h-x86_64-mingw32/bin/../lib/gcc/nios2-elf/4.9.1/../../../../../H-x86_64-mingw32/nios2-elf/lib\libc.a(lib_a-findfp.o)
 .bss           0x0000000022033570        0x0 j:/altera/15.0.0.139/nios2eds/bin/gnu/h-x86_64-mingw32/bin/../lib/gcc/nios2-elf/4.9.1/../../../../../H-x86_64-mingw32/nios2-elf/lib\libc.a(lib_a-freer.o)
 .bss           0x0000000022033570        0x0 j:/altera/15.0.0.139/nios2eds/bin/gnu/h-x86_64-mingw32/bin/../lib/gcc/nios2-elf/4.9.1/../../../../../H-x86_64-mingw32/nios2-elf/lib\libc.a(lib_a-fvwrite.o)
 .bss           0x0000000022033570        0x0 j:/altera/15.0.0.139/nios2eds/bin/gnu/h-x86_64-mingw32/bin/../lib/gcc/nios2-elf/4.9.1/../../../../../H-x86_64-mingw32/nios2-elf/lib\libc.a(lib_a-fwalk.o)
 .bss           0x0000000022033570        0x0 j:/altera/15.0.0.139/nios2eds/bin/gnu/h-x86_64-mingw32/bin/../lib/gcc/nios2-elf/4.9.1/../../../../../H-x86_64-mingw32/nios2-elf/lib\libc.a(lib_a-impure.o)
 .bss           0x0000000022033570        0x0 j:/altera/15.0.0.139/nios2eds/bin/gnu/h-x86_64-mingw32/bin/../lib/gcc/nios2-elf/4.9.1/../../../../../H-x86_64-mingw32/nios2-elf/lib\libc.a(lib_a-locale.o)
 .bss           0x0000000022033570        0x0 j:/altera/15.0.0.139/nios2eds/bin/gnu/h-x86_64-mingw32/bin/../lib/gcc/nios2-elf/4.9.1/../../../../../H-x86_64-mingw32/nios2-elf/lib\libc.a(lib_a-makebuf.o)
 .bss           0x0000000022033570       0x28 j:/altera/15.0.0.139/nios2eds/bin/gnu/h-x86_64-mingw32/bin/../lib/gcc/nios2-elf/4.9.1/../../../../../H-x86_64-mingw32/nios2-elf/lib\libc.a(lib_a-mallocr.o)
                0x0000000022033570                __malloc_current_mallinfo
 .bss           0x0000000022033598        0x0 j:/altera/15.0.0.139/nios2eds/bin/gnu/h-x86_64-mingw32/bin/../lib/gcc/nios2-elf/4.9.1/../../../../../H-x86_64-mingw32/nios2-elf/lib\libc.a(lib_a-memchr.o)
 .bss           0x0000000022033598        0x0 j:/altera/15.0.0.139/nios2eds/bin/gnu/h-x86_64-mingw32/bin/../lib/gcc/nios2-elf/4.9.1/../../../../../H-x86_64-mingw32/nios2-elf/lib\libc.a(lib_a-memmove.o)
 .bss           0x0000000022033598        0x0 j:/altera/15.0.0.139/nios2eds/bin/gnu/h-x86_64-mingw32/bin/../lib/gcc/nios2-elf/4.9.1/../../../../../H-x86_64-mingw32/nios2-elf/lib\libc.a(lib_a-memset.o)
 .bss           0x0000000022033598        0x0 j:/altera/15.0.0.139/nios2eds/bin/gnu/h-x86_64-mingw32/bin/../lib/gcc/nios2-elf/4.9.1/../../../../../H-x86_64-mingw32/nios2-elf/lib\libc.a(lib_a-mprec.o)
 .bss           0x0000000022033598        0x0 j:/altera/15.0.0.139/nios2eds/bin/gnu/h-x86_64-mingw32/bin/../lib/gcc/nios2-elf/4.9.1/../../../../../H-x86_64-mingw32/nios2-elf/lib\libc.a(lib_a-putc.o)
 .bss           0x0000000022033598        0x0 j:/altera/15.0.0.139/nios2eds/bin/gnu/h-x86_64-mingw32/bin/../lib/gcc/nios2-elf/4.9.1/../../../../../H-x86_64-mingw32/nios2-elf/lib\libc.a(lib_a-reallocr.o)
 .bss           0x0000000022033598        0x0 j:/altera/15.0.0.139/nios2eds/bin/gnu/h-x86_64-mingw32/bin/../lib/gcc/nios2-elf/4.9.1/../../../../../H-x86_64-mingw32/nios2-elf/lib\libc.a(lib_a-s_fpclassify.o)
 .bss           0x0000000022033598        0x0 j:/altera/15.0.0.139/nios2eds/bin/gnu/h-x86_64-mingw32/bin/../lib/gcc/nios2-elf/4.9.1/../../../../../H-x86_64-mingw32/nios2-elf/lib\libc.a(lib_a-sbrkr.o)
 .bss           0x0000000022033598        0x0 j:/altera/15.0.0.139/nios2eds/bin/gnu/h-x86_64-mingw32/bin/../lib/gcc/nios2-elf/4.9.1/../../../../../H-x86_64-mingw32/nios2-elf/lib\libc.a(lib_a-stdio.o)
 .bss           0x0000000022033598        0x0 j:/altera/15.0.0.139/nios2eds/bin/gnu/h-x86_64-mingw32/bin/../lib/gcc/nios2-elf/4.9.1/../../../../../H-x86_64-mingw32/nios2-elf/lib\libc.a(lib_a-strcmp.o)
 .bss           0x0000000022033598        0x0 j:/altera/15.0.0.139/nios2eds/bin/gnu/h-x86_64-mingw32/bin/../lib/gcc/nios2-elf/4.9.1/../../../../../H-x86_64-mingw32/nios2-elf/lib\libc.a(lib_a-vfiprintf.o)
 .bss           0x0000000022033598        0x0 j:/altera/15.0.0.139/nios2eds/bin/gnu/h-x86_64-mingw32/bin/../lib/gcc/nios2-elf/4.9.1/../../../../../H-x86_64-mingw32/nios2-elf/lib\libc.a(lib_a-wbuf.o)
 .bss           0x0000000022033598        0x0 j:/altera/15.0.0.139/nios2eds/bin/gnu/h-x86_64-mingw32/bin/../lib/gcc/nios2-elf/4.9.1/../../../../../H-x86_64-mingw32/nios2-elf/lib\libc.a(lib_a-writer.o)
 .bss           0x0000000022033598        0x0 j:/altera/15.0.0.139/nios2eds/bin/gnu/h-x86_64-mingw32/bin/../lib/gcc/nios2-elf/4.9.1/../../../../../H-x86_64-mingw32/nios2-elf/lib\libc.a(closer.o)
 .bss           0x0000000022033598        0x0 j:/altera/15.0.0.139/nios2eds/bin/gnu/h-x86_64-mingw32/bin/../lib/gcc/nios2-elf/4.9.1/../../../../../H-x86_64-mingw32/nios2-elf/lib\libc.a(lib_a-callocr.o)
 .bss           0x0000000022033598        0x0 j:/altera/15.0.0.139/nios2eds/bin/gnu/h-x86_64-mingw32/bin/../lib/gcc/nios2-elf/4.9.1/../../../../../H-x86_64-mingw32/nios2-elf/lib\libc.a(lib_a-fclose.o)
 .bss           0x0000000022033598        0x0 j:/altera/15.0.0.139/nios2eds/bin/gnu/h-x86_64-mingw32/bin/../lib/gcc/nios2-elf/4.9.1/../../../../../H-x86_64-mingw32/nios2-elf/lib\libc.a(lib_a-fputwc.o)
 .bss           0x0000000022033598        0x0 j:/altera/15.0.0.139/nios2eds/bin/gnu/h-x86_64-mingw32/bin/../lib/gcc/nios2-elf/4.9.1/../../../../../H-x86_64-mingw32/nios2-elf/lib\libc.a(lib_a-fstatr.o)
 .bss           0x0000000022033598        0x0 j:/altera/15.0.0.139/nios2eds/bin/gnu/h-x86_64-mingw32/bin/../lib/gcc/nios2-elf/4.9.1/../../../../../H-x86_64-mingw32/nios2-elf/lib\libc.a(lib_a-int_errno.o)
 .bss           0x0000000022033598        0x0 j:/altera/15.0.0.139/nios2eds/bin/gnu/h-x86_64-mingw32/bin/../lib/gcc/nios2-elf/4.9.1/../../../../../H-x86_64-mingw32/nios2-elf/lib\libc.a(lib_a-isattyr.o)
 .bss           0x0000000022033598        0x0 j:/altera/15.0.0.139/nios2eds/bin/gnu/h-x86_64-mingw32/bin/../lib/gcc/nios2-elf/4.9.1/../../../../../H-x86_64-mingw32/nios2-elf/lib\libc.a(lib_a-lseekr.o)
 .bss           0x0000000022033598        0x0 j:/altera/15.0.0.139/nios2eds/bin/gnu/h-x86_64-mingw32/bin/../lib/gcc/nios2-elf/4.9.1/../../../../../H-x86_64-mingw32/nios2-elf/lib\libc.a(lib_a-readr.o)
 .bss           0x0000000022033598        0x0 j:/altera/15.0.0.139/nios2eds/bin/gnu/h-x86_64-mingw32/bin/../lib/gcc/nios2-elf/4.9.1/../../../../../H-x86_64-mingw32/nios2-elf/lib\libc.a(lib_a-wcrtomb.o)
 .bss           0x0000000022033598        0x0 j:/altera/15.0.0.139/nios2eds/bin/gnu/h-x86_64-mingw32/bin/../lib/gcc/nios2-elf/4.9.1/../../../../../H-x86_64-mingw32/nios2-elf/lib\libc.a(lib_a-wctomb_r.o)
 .bss           0x0000000022033598        0x0 j:/altera/15.0.0.139/nios2eds/bin/gnu/h-x86_64-mingw32/bin/../lib/gcc/nios2-elf/4.9.1\libgcc.a(_muldi3.o)
 .bss           0x0000000022033598        0x0 j:/altera/15.0.0.139/nios2eds/bin/gnu/h-x86_64-mingw32/bin/../lib/gcc/nios2-elf/4.9.1\libgcc.a(_udivdi3.o)
 .bss           0x0000000022033598        0x0 j:/altera/15.0.0.139/nios2eds/bin/gnu/h-x86_64-mingw32/bin/../lib/gcc/nios2-elf/4.9.1\libgcc.a(_umoddi3.o)
 .bss           0x0000000022033598        0x0 j:/altera/15.0.0.139/nios2eds/bin/gnu/h-x86_64-mingw32/bin/../lib/gcc/nios2-elf/4.9.1\libgcc.a(adddf3.o)
 .bss           0x0000000022033598        0x0 j:/altera/15.0.0.139/nios2eds/bin/gnu/h-x86_64-mingw32/bin/../lib/gcc/nios2-elf/4.9.1\libgcc.a(divdf3.o)
 .bss           0x0000000022033598        0x0 j:/altera/15.0.0.139/nios2eds/bin/gnu/h-x86_64-mingw32/bin/../lib/gcc/nios2-elf/4.9.1\libgcc.a(eqdf2.o)
 .bss           0x0000000022033598        0x0 j:/altera/15.0.0.139/nios2eds/bin/gnu/h-x86_64-mingw32/bin/../lib/gcc/nios2-elf/4.9.1\libgcc.a(gedf2.o)
 .bss           0x0000000022033598        0x0 j:/altera/15.0.0.139/nios2eds/bin/gnu/h-x86_64-mingw32/bin/../lib/gcc/nios2-elf/4.9.1\libgcc.a(ledf2.o)
 .bss           0x0000000022033598        0x0 j:/altera/15.0.0.139/nios2eds/bin/gnu/h-x86_64-mingw32/bin/../lib/gcc/nios2-elf/4.9.1\libgcc.a(muldf3.o)
 .bss           0x0000000022033598        0x0 j:/altera/15.0.0.139/nios2eds/bin/gnu/h-x86_64-mingw32/bin/../lib/gcc/nios2-elf/4.9.1\libgcc.a(subdf3.o)
 .bss           0x0000000022033598        0x0 j:/altera/15.0.0.139/nios2eds/bin/gnu/h-x86_64-mingw32/bin/../lib/gcc/nios2-elf/4.9.1\libgcc.a(fixdfsi.o)
 .bss           0x0000000022033598        0x0 j:/altera/15.0.0.139/nios2eds/bin/gnu/h-x86_64-mingw32/bin/../lib/gcc/nios2-elf/4.9.1\libgcc.a(floatsidf.o)
 .bss           0x0000000022033598        0x0 j:/altera/15.0.0.139/nios2eds/bin/gnu/h-x86_64-mingw32/bin/../lib/gcc/nios2-elf/4.9.1\libgcc.a(floatunsidf.o)
 .bss           0x0000000022033598        0x0 j:/altera/15.0.0.139/nios2eds/bin/gnu/h-x86_64-mingw32/bin/../lib/gcc/nios2-elf/4.9.1\libgcc.a(_clz.o)
 .bss           0x0000000022033598        0x0 j:/altera/15.0.0.139/nios2eds/bin/gnu/h-x86_64-mingw32/bin/../lib/gcc/nios2-elf/4.9.1\libgcc.a(_clzsi2.o)
 .bss           0x0000000022033598        0x0 ../DECA_DEMO_bsp/\libhal_bsp.a(alt_close.o)
 .bss           0x0000000022033598        0x0 ../DECA_DEMO_bsp/\libhal_bsp.a(alt_dcache_flush_all.o)
 .bss           0x0000000022033598        0x0 ../DECA_DEMO_bsp/\libhal_bsp.a(alt_dev.o)
 .bss           0x0000000022033598        0x0 ../DECA_DEMO_bsp/\libhal_bsp.a(alt_errno.o)
 .bss           0x0000000022033598        0x0 ../DECA_DEMO_bsp/\libhal_bsp.a(alt_fstat.o)
 .bss           0x0000000022033598        0x0 ../DECA_DEMO_bsp/\libhal_bsp.a(alt_isatty.o)
 .bss           0x0000000022033598        0x0 ../DECA_DEMO_bsp/\libhal_bsp.a(alt_load.o)
 .bss           0x0000000022033598        0x0 ../DECA_DEMO_bsp/\libhal_bsp.a(alt_lseek.o)
 .bss           0x0000000022033598        0x0 ../DECA_DEMO_bsp/\libhal_bsp.a(alt_main.o)
 .bss           0x0000000022033598        0x0 ../DECA_DEMO_bsp/\libhal_bsp.a(alt_malloc_lock.o)
 .bss           0x0000000022033598        0x0 ../DECA_DEMO_bsp/\libhal_bsp.a(alt_read.o)
 .bss           0x0000000022033598        0x0 ../DECA_DEMO_bsp/\libhal_bsp.a(alt_release_fd.o)
 .bss           0x0000000022033598        0x0 ../DECA_DEMO_bsp/\libhal_bsp.a(alt_sbrk.o)
 .bss           0x0000000022033598        0x0 ../DECA_DEMO_bsp/\libhal_bsp.a(alt_tick.o)
 .bss           0x0000000022033598        0x0 ../DECA_DEMO_bsp/\libhal_bsp.a(alt_usleep.o)
 .bss           0x0000000022033598        0x0 ../DECA_DEMO_bsp/\libhal_bsp.a(alt_write.o)
 .bss           0x0000000022033598        0x0 ../DECA_DEMO_bsp/\libhal_bsp.a(alt_sys_init.o)
 .bss           0x0000000022033598        0x0 ../DECA_DEMO_bsp/\libhal_bsp.a(altera_avalon_jtag_uart_fd.o)
 .bss           0x0000000022033598        0x0 ../DECA_DEMO_bsp/\libhal_bsp.a(altera_avalon_jtag_uart_init.o)
 .bss           0x0000000022033598        0x0 ../DECA_DEMO_bsp/\libhal_bsp.a(altera_avalon_jtag_uart_ioctl.o)
 .bss           0x0000000022033598        0x0 ../DECA_DEMO_bsp/\libhal_bsp.a(altera_avalon_jtag_uart_read.o)
 .bss           0x0000000022033598        0x0 ../DECA_DEMO_bsp/\libhal_bsp.a(altera_avalon_jtag_uart_write.o)
 .bss           0x0000000022033598        0x0 ../DECA_DEMO_bsp/\libhal_bsp.a(altera_avalon_timer_sc.o)
 .bss           0x0000000022033598        0x0 ../DECA_DEMO_bsp/\libhal_bsp.a(alt_alarm_start.o)
 .bss           0x0000000022033598        0x0 ../DECA_DEMO_bsp/\libhal_bsp.a(alt_busy_sleep.o)
 .bss           0x0000000022033598        0x0 ../DECA_DEMO_bsp/\libhal_bsp.a(alt_dev_llist_insert.o)
 .bss           0x0000000022033598        0x0 ../DECA_DEMO_bsp/\libhal_bsp.a(alt_do_ctors.o)
 .bss           0x0000000022033598        0x0 ../DECA_DEMO_bsp/\libhal_bsp.a(alt_do_dtors.o)
 .bss           0x0000000022033598        0x0 ../DECA_DEMO_bsp/\libhal_bsp.a(alt_icache_flush_all.o)
 .bss           0x0000000022033598        0x0 ../DECA_DEMO_bsp/\libhal_bsp.a(alt_iic.o)
 .bss           0x0000000022033598        0x0 ../DECA_DEMO_bsp/\libhal_bsp.a(alt_iic_isr_register.o)
 .bss           0x0000000022033598        0x0 ../DECA_DEMO_bsp/\libhal_bsp.a(alt_io_redirect.o)
 .bss           0x0000000022033598        0x0 ../DECA_DEMO_bsp/\libhal_bsp.a(alt_irq_entry.o)
 .bss           0x0000000022033598        0x0 ../DECA_DEMO_bsp/\libhal_bsp.a(alt_irq_handler.o)
 .bss           0x0000000022033598        0x0 ../DECA_DEMO_bsp/\libhal_bsp.a(alt_irq_vars.o)
 .bss           0x0000000022033598        0x0 ../DECA_DEMO_bsp/\libhal_bsp.a(alt_open.o)
 .bss           0x0000000022033598        0x0 ../DECA_DEMO_bsp/\libhal_bsp.a(altera_nios2_gen2_irq.o)
 .bss           0x0000000022033598        0x0 ../DECA_DEMO_bsp/\libhal_bsp.a(alt_exception_entry.o)
 .bss           0x0000000022033598        0x0 ../DECA_DEMO_bsp/\libhal_bsp.a(alt_find_dev.o)
 .bss           0x0000000022033598        0x0 ../DECA_DEMO_bsp/\libhal_bsp.a(alt_find_file.o)
 .bss           0x0000000022033598        0x0 ../DECA_DEMO_bsp/\libhal_bsp.a(alt_get_fd.o)
 .bss           0x0000000022033598        0x0 ../DECA_DEMO_bsp/\libhal_bsp.a(alt_icache_flush.o)
 .bss           0x0000000022033598        0x0 ../DECA_DEMO_bsp/\libhal_bsp.a(alt_instruction_exception_entry.o)
 .bss           0x0000000022033598        0x0 j:/altera/15.0.0.139/nios2eds/bin/gnu/h-x86_64-mingw32/bin/../lib/gcc/nios2-elf/4.9.1/../../../../../H-x86_64-mingw32/nios2-elf/lib\libc.a(lib_a-atexit.o)
 .bss           0x0000000022033598        0x0 j:/altera/15.0.0.139/nios2eds/bin/gnu/h-x86_64-mingw32/bin/../lib/gcc/nios2-elf/4.9.1/../../../../../H-x86_64-mingw32/nios2-elf/lib\libc.a(lib_a-exit.o)
 .bss           0x0000000022033598        0x0 j:/altera/15.0.0.139/nios2eds/bin/gnu/h-x86_64-mingw32/bin/../lib/gcc/nios2-elf/4.9.1/../../../../../H-x86_64-mingw32/nios2-elf/lib\libc.a(lib_a-memcmp.o)
 .bss           0x0000000022033598        0x0 j:/altera/15.0.0.139/nios2eds/bin/gnu/h-x86_64-mingw32/bin/../lib/gcc/nios2-elf/4.9.1/../../../../../H-x86_64-mingw32/nios2-elf/lib\libc.a(lib_a-__atexit.o)
 .bss           0x0000000022033598        0x0 j:/altera/15.0.0.139/nios2eds/bin/gnu/h-x86_64-mingw32/bin/../lib/gcc/nios2-elf/4.9.1/../../../../../H-x86_64-mingw32/nios2-elf/lib\libc.a(lib_a-__call_atexit.o)
 .bss           0x0000000022033598        0x0 ../DECA_DEMO_bsp/\libhal_bsp.a(alt_exit.o)
 *(COMMON)
 COMMON         0x0000000022033598      0x100 ../DECA_DEMO_bsp/\libhal_bsp.a(alt_irq_handler.o)
                0x0000000022033598                alt_irq
                0x0000000022033698                . = ALIGN (0x4)
                0x0000000022033698                __bss_end = ABSOLUTE (.)

.mem_if_ddr3_emif
                0x0000000000000000        0x0 load address 0x0000000022033698
                0x0000000000000000                PROVIDE (_alt_partition_mem_if_ddr3_emif_start, ABSOLUTE (.))
 *(.mem_if_ddr3_emif .mem_if_ddr3_emif. mem_if_ddr3_emif.*)
                0x0000000000000000                . = ALIGN (0x4)
                0x0000000000000000                PROVIDE (_alt_partition_mem_if_ddr3_emif_end, ABSOLUTE (.))
                0x0000000022033698                PROVIDE (_alt_partition_mem_if_ddr3_emif_load_addr, LOADADDR (.mem_if_ddr3_emif))

.onchip_memory2
                0x0000000022033698        0x0
                0x0000000022033698                PROVIDE (_alt_partition_onchip_memory2_start, ABSOLUTE (.))
 *(.onchip_memory2 .onchip_memory2. onchip_memory2.*)
                0x0000000022033698                . = ALIGN (0x4)
                0x0000000022033698                PROVIDE (_alt_partition_onchip_memory2_end, ABSOLUTE (.))
                0x0000000022033698                _end = ABSOLUTE (.)
                0x0000000022033698                end = ABSOLUTE (.)
                0x0000000022033698                __alt_stack_base = ABSOLUTE (.)
                0x0000000022033698                PROVIDE (_alt_partition_onchip_memory2_load_addr, LOADADDR (.onchip_memory2))

.stab
 *(.stab)

.stabstr
 *(.stabstr)

.stab.excl
 *(.stab.excl)

.stab.exclstr
 *(.stab.exclstr)

.stab.index
 *(.stab.index)

.stab.indexstr
 *(.stab.indexstr)

.comment        0x0000000000000000       0x23
 *(.comment)
 .comment       0x0000000000000000       0x23 obj/default/main.o
                                         0x24 (size before relaxing)
 .comment       0x0000000000000000       0x24 obj/default/mem_verify.o
 .comment       0x0000000000000000       0x24 j:/altera/15.0.0.139/nios2eds/bin/gnu/h-x86_64-mingw32/bin/../lib/gcc/nios2-elf/4.9.1\libgcc.a(lib2-divmod.o)
 .comment       0x0000000000000000       0x24 j:/altera/15.0.0.139/nios2eds/bin/gnu/h-x86_64-mingw32/bin/../lib/gcc/nios2-elf/4.9.1/../../../../../H-x86_64-mingw32/nios2-elf/lib\libc.a(lib_a-memcpy.o)
 .comment       0x0000000000000000       0x24 j:/altera/15.0.0.139/nios2eds/bin/gnu/h-x86_64-mingw32/bin/../lib/gcc/nios2-elf/4.9.1/../../../../../H-x86_64-mingw32/nios2-elf/lib\libc.a(lib_a-printf.o)
 .comment       0x0000000000000000       0x24 j:/altera/15.0.0.139/nios2eds/bin/gnu/h-x86_64-mingw32/bin/../lib/gcc/nios2-elf/4.9.1/../../../../../H-x86_64-mingw32/nios2-elf/lib\libc.a(lib_a-putchar.o)
 .comment       0x0000000000000000       0x24 j:/altera/15.0.0.139/nios2eds/bin/gnu/h-x86_64-mingw32/bin/../lib/gcc/nios2-elf/4.9.1/../../../../../H-x86_64-mingw32/nios2-elf/lib\libc.a(lib_a-puts.o)
 .comment       0x0000000000000000       0x24 j:/altera/15.0.0.139/nios2eds/bin/gnu/h-x86_64-mingw32/bin/../lib/gcc/nios2-elf/4.9.1/../../../../../H-x86_64-mingw32/nios2-elf/lib\libc.a(lib_a-rand.o)
 .comment       0x0000000000000000       0x24 j:/altera/15.0.0.139/nios2eds/bin/gnu/h-x86_64-mingw32/bin/../lib/gcc/nios2-elf/4.9.1/../../../../../H-x86_64-mingw32/nios2-elf/lib\libc.a(lib_a-strlen.o)
 .comment       0x0000000000000000       0x24 j:/altera/15.0.0.139/nios2eds/bin/gnu/h-x86_64-mingw32/bin/../lib/gcc/nios2-elf/4.9.1/../../../../../H-x86_64-mingw32/nios2-elf/lib\libc.a(lib_a-vfprintf.o)
 .comment       0x0000000000000000       0x24 j:/altera/15.0.0.139/nios2eds/bin/gnu/h-x86_64-mingw32/bin/../lib/gcc/nios2-elf/4.9.1/../../../../../H-x86_64-mingw32/nios2-elf/lib\libc.a(lib_a-wsetup.o)
 .comment       0x0000000000000000       0x24 j:/altera/15.0.0.139/nios2eds/bin/gnu/h-x86_64-mingw32/bin/../lib/gcc/nios2-elf/4.9.1/../../../../../H-x86_64-mingw32/nios2-elf/lib\libc.a(lib_a-dtoa.o)
 .comment       0x0000000000000000       0x24 j:/altera/15.0.0.139/nios2eds/bin/gnu/h-x86_64-mingw32/bin/../lib/gcc/nios2-elf/4.9.1/../../../../../H-x86_64-mingw32/nios2-elf/lib\libc.a(lib_a-fflush.o)
 .comment       0x0000000000000000       0x24 j:/altera/15.0.0.139/nios2eds/bin/gnu/h-x86_64-mingw32/bin/../lib/gcc/nios2-elf/4.9.1/../../../../../H-x86_64-mingw32/nios2-elf/lib\libc.a(lib_a-findfp.o)
 .comment       0x0000000000000000       0x24 j:/altera/15.0.0.139/nios2eds/bin/gnu/h-x86_64-mingw32/bin/../lib/gcc/nios2-elf/4.9.1/../../../../../H-x86_64-mingw32/nios2-elf/lib\libc.a(lib_a-freer.o)
 .comment       0x0000000000000000       0x24 j:/altera/15.0.0.139/nios2eds/bin/gnu/h-x86_64-mingw32/bin/../lib/gcc/nios2-elf/4.9.1/../../../../../H-x86_64-mingw32/nios2-elf/lib\libc.a(lib_a-fvwrite.o)
 .comment       0x0000000000000000       0x24 j:/altera/15.0.0.139/nios2eds/bin/gnu/h-x86_64-mingw32/bin/../lib/gcc/nios2-elf/4.9.1/../../../../../H-x86_64-mingw32/nios2-elf/lib\libc.a(lib_a-fwalk.o)
 .comment       0x0000000000000000       0x24 j:/altera/15.0.0.139/nios2eds/bin/gnu/h-x86_64-mingw32/bin/../lib/gcc/nios2-elf/4.9.1/../../../../../H-x86_64-mingw32/nios2-elf/lib\libc.a(lib_a-impure.o)
 .comment       0x0000000000000000       0x24 j:/altera/15.0.0.139/nios2eds/bin/gnu/h-x86_64-mingw32/bin/../lib/gcc/nios2-elf/4.9.1/../../../../../H-x86_64-mingw32/nios2-elf/lib\libc.a(lib_a-locale.o)
 .comment       0x0000000000000000       0x24 j:/altera/15.0.0.139/nios2eds/bin/gnu/h-x86_64-mingw32/bin/../lib/gcc/nios2-elf/4.9.1/../../../../../H-x86_64-mingw32/nios2-elf/lib\libc.a(lib_a-makebuf.o)
 .comment       0x0000000000000000       0x24 j:/altera/15.0.0.139/nios2eds/bin/gnu/h-x86_64-mingw32/bin/../lib/gcc/nios2-elf/4.9.1/../../../../../H-x86_64-mingw32/nios2-elf/lib\libc.a(lib_a-mallocr.o)
 .comment       0x0000000000000000       0x24 j:/altera/15.0.0.139/nios2eds/bin/gnu/h-x86_64-mingw32/bin/../lib/gcc/nios2-elf/4.9.1/../../../../../H-x86_64-mingw32/nios2-elf/lib\libc.a(lib_a-memchr.o)
 .comment       0x0000000000000000       0x24 j:/altera/15.0.0.139/nios2eds/bin/gnu/h-x86_64-mingw32/bin/../lib/gcc/nios2-elf/4.9.1/../../../../../H-x86_64-mingw32/nios2-elf/lib\libc.a(lib_a-memmove.o)
 .comment       0x0000000000000000       0x24 j:/altera/15.0.0.139/nios2eds/bin/gnu/h-x86_64-mingw32/bin/../lib/gcc/nios2-elf/4.9.1/../../../../../H-x86_64-mingw32/nios2-elf/lib\libc.a(lib_a-memset.o)
 .comment       0x0000000000000000       0x24 j:/altera/15.0.0.139/nios2eds/bin/gnu/h-x86_64-mingw32/bin/../lib/gcc/nios2-elf/4.9.1/../../../../../H-x86_64-mingw32/nios2-elf/lib\libc.a(lib_a-mprec.o)
 .comment       0x0000000000000000       0x24 j:/altera/15.0.0.139/nios2eds/bin/gnu/h-x86_64-mingw32/bin/../lib/gcc/nios2-elf/4.9.1/../../../../../H-x86_64-mingw32/nios2-elf/lib\libc.a(lib_a-putc.o)
 .comment       0x0000000000000000       0x24 j:/altera/15.0.0.139/nios2eds/bin/gnu/h-x86_64-mingw32/bin/../lib/gcc/nios2-elf/4.9.1/../../../../../H-x86_64-mingw32/nios2-elf/lib\libc.a(lib_a-reallocr.o)
 .comment       0x0000000000000000       0x24 j:/altera/15.0.0.139/nios2eds/bin/gnu/h-x86_64-mingw32/bin/../lib/gcc/nios2-elf/4.9.1/../../../../../H-x86_64-mingw32/nios2-elf/lib\libc.a(lib_a-s_fpclassify.o)
 .comment       0x0000000000000000       0x24 j:/altera/15.0.0.139/nios2eds/bin/gnu/h-x86_64-mingw32/bin/../lib/gcc/nios2-elf/4.9.1/../../../../../H-x86_64-mingw32/nios2-elf/lib\libc.a(lib_a-sbrkr.o)
 .comment       0x0000000000000000       0x24 j:/altera/15.0.0.139/nios2eds/bin/gnu/h-x86_64-mingw32/bin/../lib/gcc/nios2-elf/4.9.1/../../../../../H-x86_64-mingw32/nios2-elf/lib\libc.a(lib_a-stdio.o)
 .comment       0x0000000000000000       0x24 j:/altera/15.0.0.139/nios2eds/bin/gnu/h-x86_64-mingw32/bin/../lib/gcc/nios2-elf/4.9.1/../../../../../H-x86_64-mingw32/nios2-elf/lib\libc.a(lib_a-strcmp.o)
 .comment       0x0000000000000000       0x24 j:/altera/15.0.0.139/nios2eds/bin/gnu/h-x86_64-mingw32/bin/../lib/gcc/nios2-elf/4.9.1/../../../../../H-x86_64-mingw32/nios2-elf/lib\libc.a(lib_a-vfiprintf.o)
 .comment       0x0000000000000000       0x24 j:/altera/15.0.0.139/nios2eds/bin/gnu/h-x86_64-mingw32/bin/../lib/gcc/nios2-elf/4.9.1/../../../../../H-x86_64-mingw32/nios2-elf/lib\libc.a(lib_a-wbuf.o)
 .comment       0x0000000000000000       0x24 j:/altera/15.0.0.139/nios2eds/bin/gnu/h-x86_64-mingw32/bin/../lib/gcc/nios2-elf/4.9.1/../../../../../H-x86_64-mingw32/nios2-elf/lib\libc.a(lib_a-writer.o)
 .comment       0x0000000000000000       0x24 j:/altera/15.0.0.139/nios2eds/bin/gnu/h-x86_64-mingw32/bin/../lib/gcc/nios2-elf/4.9.1/../../../../../H-x86_64-mingw32/nios2-elf/lib\libc.a(closer.o)
 .comment       0x0000000000000000       0x24 j:/altera/15.0.0.139/nios2eds/bin/gnu/h-x86_64-mingw32/bin/../lib/gcc/nios2-elf/4.9.1/../../../../../H-x86_64-mingw32/nios2-elf/lib\libc.a(lib_a-callocr.o)
 .comment       0x0000000000000000       0x24 j:/altera/15.0.0.139/nios2eds/bin/gnu/h-x86_64-mingw32/bin/../lib/gcc/nios2-elf/4.9.1/../../../../../H-x86_64-mingw32/nios2-elf/lib\libc.a(lib_a-fclose.o)
 .comment       0x0000000000000000       0x24 j:/altera/15.0.0.139/nios2eds/bin/gnu/h-x86_64-mingw32/bin/../lib/gcc/nios2-elf/4.9.1/../../../../../H-x86_64-mingw32/nios2-elf/lib\libc.a(lib_a-fputwc.o)
 .comment       0x0000000000000000       0x24 j:/altera/15.0.0.139/nios2eds/bin/gnu/h-x86_64-mingw32/bin/../lib/gcc/nios2-elf/4.9.1/../../../../../H-x86_64-mingw32/nios2-elf/lib\libc.a(lib_a-fstatr.o)
 .comment       0x0000000000000000       0x24 j:/altera/15.0.0.139/nios2eds/bin/gnu/h-x86_64-mingw32/bin/../lib/gcc/nios2-elf/4.9.1/../../../../../H-x86_64-mingw32/nios2-elf/lib\libc.a(lib_a-int_errno.o)
 .comment       0x0000000000000000       0x24 j:/altera/15.0.0.139/nios2eds/bin/gnu/h-x86_64-mingw32/bin/../lib/gcc/nios2-elf/4.9.1/../../../../../H-x86_64-mingw32/nios2-elf/lib\libc.a(lib_a-isattyr.o)
 .comment       0x0000000000000000       0x24 j:/altera/15.0.0.139/nios2eds/bin/gnu/h-x86_64-mingw32/bin/../lib/gcc/nios2-elf/4.9.1/../../../../../H-x86_64-mingw32/nios2-elf/lib\libc.a(lib_a-lseekr.o)
 .comment       0x0000000000000000       0x24 j:/altera/15.0.0.139/nios2eds/bin/gnu/h-x86_64-mingw32/bin/../lib/gcc/nios2-elf/4.9.1/../../../../../H-x86_64-mingw32/nios2-elf/lib\libc.a(lib_a-readr.o)
 .comment       0x0000000000000000       0x24 j:/altera/15.0.0.139/nios2eds/bin/gnu/h-x86_64-mingw32/bin/../lib/gcc/nios2-elf/4.9.1/../../../../../H-x86_64-mingw32/nios2-elf/lib\libc.a(lib_a-wcrtomb.o)
 .comment       0x0000000000000000       0x24 j:/altera/15.0.0.139/nios2eds/bin/gnu/h-x86_64-mingw32/bin/../lib/gcc/nios2-elf/4.9.1/../../../../../H-x86_64-mingw32/nios2-elf/lib\libc.a(lib_a-wctomb_r.o)
 .comment       0x0000000000000000       0x24 j:/altera/15.0.0.139/nios2eds/bin/gnu/h-x86_64-mingw32/bin/../lib/gcc/nios2-elf/4.9.1\libgcc.a(_muldi3.o)
 .comment       0x0000000000000000       0x24 j:/altera/15.0.0.139/nios2eds/bin/gnu/h-x86_64-mingw32/bin/../lib/gcc/nios2-elf/4.9.1\libgcc.a(_udivdi3.o)
 .comment       0x0000000000000000       0x24 j:/altera/15.0.0.139/nios2eds/bin/gnu/h-x86_64-mingw32/bin/../lib/gcc/nios2-elf/4.9.1\libgcc.a(_umoddi3.o)
 .comment       0x0000000000000000       0x24 j:/altera/15.0.0.139/nios2eds/bin/gnu/h-x86_64-mingw32/bin/../lib/gcc/nios2-elf/4.9.1\libgcc.a(adddf3.o)
 .comment       0x0000000000000000       0x24 j:/altera/15.0.0.139/nios2eds/bin/gnu/h-x86_64-mingw32/bin/../lib/gcc/nios2-elf/4.9.1\libgcc.a(divdf3.o)
 .comment       0x0000000000000000       0x24 j:/altera/15.0.0.139/nios2eds/bin/gnu/h-x86_64-mingw32/bin/../lib/gcc/nios2-elf/4.9.1\libgcc.a(eqdf2.o)
 .comment       0x0000000000000000       0x24 j:/altera/15.0.0.139/nios2eds/bin/gnu/h-x86_64-mingw32/bin/../lib/gcc/nios2-elf/4.9.1\libgcc.a(gedf2.o)
 .comment       0x0000000000000000       0x24 j:/altera/15.0.0.139/nios2eds/bin/gnu/h-x86_64-mingw32/bin/../lib/gcc/nios2-elf/4.9.1\libgcc.a(ledf2.o)
 .comment       0x0000000000000000       0x24 j:/altera/15.0.0.139/nios2eds/bin/gnu/h-x86_64-mingw32/bin/../lib/gcc/nios2-elf/4.9.1\libgcc.a(muldf3.o)
 .comment       0x0000000000000000       0x24 j:/altera/15.0.0.139/nios2eds/bin/gnu/h-x86_64-mingw32/bin/../lib/gcc/nios2-elf/4.9.1\libgcc.a(subdf3.o)
 .comment       0x0000000000000000       0x24 j:/altera/15.0.0.139/nios2eds/bin/gnu/h-x86_64-mingw32/bin/../lib/gcc/nios2-elf/4.9.1\libgcc.a(fixdfsi.o)
 .comment       0x0000000000000000       0x24 j:/altera/15.0.0.139/nios2eds/bin/gnu/h-x86_64-mingw32/bin/../lib/gcc/nios2-elf/4.9.1\libgcc.a(floatsidf.o)
 .comment       0x0000000000000000       0x24 j:/altera/15.0.0.139/nios2eds/bin/gnu/h-x86_64-mingw32/bin/../lib/gcc/nios2-elf/4.9.1\libgcc.a(floatunsidf.o)
 .comment       0x0000000000000000       0x24 j:/altera/15.0.0.139/nios2eds/bin/gnu/h-x86_64-mingw32/bin/../lib/gcc/nios2-elf/4.9.1\libgcc.a(_clz.o)
 .comment       0x0000000000000000       0x24 j:/altera/15.0.0.139/nios2eds/bin/gnu/h-x86_64-mingw32/bin/../lib/gcc/nios2-elf/4.9.1\libgcc.a(_clzsi2.o)
 .comment       0x0000000000000000       0x24 ../DECA_DEMO_bsp/\libhal_bsp.a(alt_close.o)
 .comment       0x0000000000000000       0x24 ../DECA_DEMO_bsp/\libhal_bsp.a(alt_dcache_flush_all.o)
 .comment       0x0000000000000000       0x24 ../DECA_DEMO_bsp/\libhal_bsp.a(alt_dev.o)
 .comment       0x0000000000000000       0x24 ../DECA_DEMO_bsp/\libhal_bsp.a(alt_errno.o)
 .comment       0x0000000000000000       0x24 ../DECA_DEMO_bsp/\libhal_bsp.a(alt_fstat.o)
 .comment       0x0000000000000000       0x24 ../DECA_DEMO_bsp/\libhal_bsp.a(alt_isatty.o)
 .comment       0x0000000000000000       0x24 ../DECA_DEMO_bsp/\libhal_bsp.a(alt_load.o)
 .comment       0x0000000000000000       0x24 ../DECA_DEMO_bsp/\libhal_bsp.a(alt_lseek.o)
 .comment       0x0000000000000000       0x24 ../DECA_DEMO_bsp/\libhal_bsp.a(alt_main.o)
 .comment       0x0000000000000000       0x24 ../DECA_DEMO_bsp/\libhal_bsp.a(alt_malloc_lock.o)
 .comment       0x0000000000000000       0x24 ../DECA_DEMO_bsp/\libhal_bsp.a(alt_read.o)
 .comment       0x0000000000000000       0x24 ../DECA_DEMO_bsp/\libhal_bsp.a(alt_release_fd.o)
 .comment       0x0000000000000000       0x24 ../DECA_DEMO_bsp/\libhal_bsp.a(alt_sbrk.o)
 .comment       0x0000000000000000       0x24 ../DECA_DEMO_bsp/\libhal_bsp.a(alt_tick.o)
 .comment       0x0000000000000000       0x24 ../DECA_DEMO_bsp/\libhal_bsp.a(alt_usleep.o)
 .comment       0x0000000000000000       0x24 ../DECA_DEMO_bsp/\libhal_bsp.a(alt_write.o)
 .comment       0x0000000000000000       0x24 ../DECA_DEMO_bsp/\libhal_bsp.a(alt_sys_init.o)
 .comment       0x0000000000000000       0x24 ../DECA_DEMO_bsp/\libhal_bsp.a(altera_avalon_jtag_uart_fd.o)
 .comment       0x0000000000000000       0x24 ../DECA_DEMO_bsp/\libhal_bsp.a(altera_avalon_jtag_uart_init.o)
 .comment       0x0000000000000000       0x24 ../DECA_DEMO_bsp/\libhal_bsp.a(altera_avalon_jtag_uart_ioctl.o)
 .comment       0x0000000000000000       0x24 ../DECA_DEMO_bsp/\libhal_bsp.a(altera_avalon_jtag_uart_read.o)
 .comment       0x0000000000000000       0x24 ../DECA_DEMO_bsp/\libhal_bsp.a(altera_avalon_jtag_uart_write.o)
 .comment       0x0000000000000000       0x24 ../DECA_DEMO_bsp/\libhal_bsp.a(altera_avalon_timer_sc.o)
 .comment       0x0000000000000000       0x24 ../DECA_DEMO_bsp/\libhal_bsp.a(alt_alarm_start.o)
 .comment       0x0000000000000000       0x24 ../DECA_DEMO_bsp/\libhal_bsp.a(alt_busy_sleep.o)
 .comment       0x0000000000000000       0x24 ../DECA_DEMO_bsp/\libhal_bsp.a(alt_dev_llist_insert.o)
 .comment       0x0000000000000000       0x24 ../DECA_DEMO_bsp/\libhal_bsp.a(alt_do_ctors.o)
 .comment       0x0000000000000000       0x24 ../DECA_DEMO_bsp/\libhal_bsp.a(alt_do_dtors.o)
 .comment       0x0000000000000000       0x24 ../DECA_DEMO_bsp/\libhal_bsp.a(alt_icache_flush_all.o)
 .comment       0x0000000000000000       0x24 ../DECA_DEMO_bsp/\libhal_bsp.a(alt_iic.o)
 .comment       0x0000000000000000       0x24 ../DECA_DEMO_bsp/\libhal_bsp.a(alt_iic_isr_register.o)
 .comment       0x0000000000000000       0x24 ../DECA_DEMO_bsp/\libhal_bsp.a(alt_io_redirect.o)
 .comment       0x0000000000000000       0x24 ../DECA_DEMO_bsp/\libhal_bsp.a(alt_irq_handler.o)
 .comment       0x0000000000000000       0x24 ../DECA_DEMO_bsp/\libhal_bsp.a(alt_irq_vars.o)
 .comment       0x0000000000000000       0x24 ../DECA_DEMO_bsp/\libhal_bsp.a(alt_open.o)
 .comment       0x0000000000000000       0x24 ../DECA_DEMO_bsp/\libhal_bsp.a(altera_nios2_gen2_irq.o)
 .comment       0x0000000000000000       0x24 ../DECA_DEMO_bsp/\libhal_bsp.a(alt_find_dev.o)
 .comment       0x0000000000000000       0x24 ../DECA_DEMO_bsp/\libhal_bsp.a(alt_find_file.o)
 .comment       0x0000000000000000       0x24 ../DECA_DEMO_bsp/\libhal_bsp.a(alt_get_fd.o)
 .comment       0x0000000000000000       0x24 ../DECA_DEMO_bsp/\libhal_bsp.a(alt_icache_flush.o)
 .comment       0x0000000000000000       0x24 ../DECA_DEMO_bsp/\libhal_bsp.a(alt_instruction_exception_entry.o)
 .comment       0x0000000000000000       0x24 j:/altera/15.0.0.139/nios2eds/bin/gnu/h-x86_64-mingw32/bin/../lib/gcc/nios2-elf/4.9.1/../../../../../H-x86_64-mingw32/nios2-elf/lib\libc.a(lib_a-atexit.o)