------------------------------------------------------------
TimeQuest Timing Analyzer Summary
------------------------------------------------------------

Type  : Slow 1200mV 85C Model Setup 'u0|pll|sd1|pll7|clk[0]'
Slack : 1.529
TNS   : 0.000

Type  : Slow 1200mV 85C Model Setup 'MAX10_CLK1_50'
Slack : 13.304
TNS   : 0.000

Type  : Slow 1200mV 85C Model Setup 'altera_reserved_tck'
Slack : 46.686
TNS   : 0.000

Type  : Slow 1200mV 85C Model Setup 'u0|pll|sd1|pll7|clk[1]'
Slack : 90.466
TNS   : 0.000

Type  : Slow 1200mV 85C Model Hold 'u0|pll|sd1|pll7|clk[0]'
Slack : 0.236
TNS   : 0.000

Type  : Slow 1200mV 85C Model Hold 'altera_reserved_tck'
Slack : 0.323
TNS   : 0.000

Type  : Slow 1200mV 85C Model Hold 'u0|pll|sd1|pll7|clk[1]'
Slack : 0.324
TNS   : 0.000

Type  : Slow 1200mV 85C Model Hold 'MAX10_CLK1_50'
Slack : 0.325
TNS   : 0.000

Type  : Slow 1200mV 85C Model Recovery 'u0|pll|sd1|pll7|clk[0]'
Slack : 4.545
TNS   : 0.000

Type  : Slow 1200mV 85C Model Recovery 'MAX10_CLK1_50'
Slack : 17.227
TNS   : 0.000

Type  : Slow 1200mV 85C Model Recovery 'altera_reserved_tck'
Slack : 47.374
TNS   : 0.000

Type  : Slow 1200mV 85C Model Recovery 'u0|pll|sd1|pll7|clk[1]'
Slack : 96.381
TNS   : 0.000

Type  : Slow 1200mV 85C Model Removal 'MAX10_CLK1_50'
Slack : 0.925
TNS   : 0.000

Type  : Slow 1200mV 85C Model Removal 'altera_reserved_tck'
Slack : 1.043
TNS   : 0.000

Type  : Slow 1200mV 85C Model Removal 'u0|pll|sd1|pll7|clk[1]'
Slack : 2.252
TNS   : 0.000

Type  : Slow 1200mV 85C Model Removal 'u0|pll|sd1|pll7|clk[0]'
Slack : 2.913
TNS   : 0.000

Type  : Slow 1200mV 85C Model Minimum Pulse Width 'u0|pll|sd1|pll7|clk[0]'
Slack : 4.649
TNS   : 0.000

Type  : Slow 1200mV 85C Model Minimum Pulse Width 'MAX10_CLK1_50'
Slack : 9.674
TNS   : 0.000

Type  : Slow 1200mV 85C Model Minimum Pulse Width 'USB_CLKIN'
Slack : 11.666
TNS   : 0.000

Type  : Slow 1200mV 85C Model Minimum Pulse Width 'MAX10_CLK2_50'
Slack : 16.000
TNS   : 0.000

Type  : Slow 1200mV 85C Model Minimum Pulse Width 'NET_RX_CLK'
Slack : 36.000
TNS   : 0.000

Type  : Slow 1200mV 85C Model Minimum Pulse Width 'NET_TX_CLK'
Slack : 36.000
TNS   : 0.000

Type  : Slow 1200mV 85C Model Minimum Pulse Width 'altera_reserved_tck'
Slack : 49.602
TNS   : 0.000

Type  : Slow 1200mV 85C Model Minimum Pulse Width 'u0|pll|sd1|pll7|clk[1]'
Slack : 49.662
TNS   : 0.000

Type  : Slow 1200mV 85C Model Minimum Pulse Width 'ADC_CLK_10'
Slack : 96.000
TNS   : 0.000

Type  : Slow 1200mV 0C Model Setup 'u0|pll|sd1|pll7|clk[0]'
Slack : 2.292
TNS   : 0.000

Type  : Slow 1200mV 0C Model Setup 'MAX10_CLK1_50'
Slack : 13.915
TNS   : 0.000

Type  : Slow 1200mV 0C Model Setup 'altera_reserved_tck'
Slack : 46.991
TNS   : 0.000

Type  : Slow 1200mV 0C Model Setup 'u0|pll|sd1|pll7|clk[1]'
Slack : 91.328
TNS   : 0.000

Type  : Slow 1200mV 0C Model Hold 'u0|pll|sd1|pll7|clk[0]'
Slack : 0.225
TNS   : 0.000

Type  : Slow 1200mV 0C Model Hold 'altera_reserved_tck'
Slack : 0.294
TNS   : 0.000

Type  : Slow 1200mV 0C Model Hold 'u0|pll|sd1|pll7|clk[1]'
Slack : 0.294
TNS   : 0.000

Type  : Slow 1200mV 0C Model Hold 'MAX10_CLK1_50'
Slack : 0.295
TNS   : 0.000

Type  : Slow 1200mV 0C Model Recovery 'u0|pll|sd1|pll7|clk[0]'
Slack : 5.059
TNS   : 0.000

Type  : Slow 1200mV 0C Model Recovery 'MAX10_CLK1_50'
Slack : 17.473
TNS   : 0.000

Type  : Slow 1200mV 0C Model Recovery 'altera_reserved_tck'
Slack : 47.616
TNS   : 0.000

Type  : Slow 1200mV 0C Model Recovery 'u0|pll|sd1|pll7|clk[1]'
Slack : 96.736
TNS   : 0.000

Type  : Slow 1200mV 0C Model Removal 'MAX10_CLK1_50'
Slack : 0.852
TNS   : 0.000

Type  : Slow 1200mV 0C Model Removal 'altera_reserved_tck'
Slack : 0.965
TNS   : 0.000

Type  : Slow 1200mV 0C Model Removal 'u0|pll|sd1|pll7|clk[1]'
Slack : 2.055
TNS   : 0.000

Type  : Slow 1200mV 0C Model Removal 'u0|pll|sd1|pll7|clk[0]'
Slack : 2.667
TNS   : 0.000

Type  : Slow 1200mV 0C Model Minimum Pulse Width 'u0|pll|sd1|pll7|clk[0]'
Slack : 4.667
TNS   : 0.000

Type  : Slow 1200mV 0C Model Minimum Pulse Width 'MAX10_CLK1_50'
Slack : 9.691
TNS   : 0.000

Type  : Slow 1200mV 0C Model Minimum Pulse Width 'USB_CLKIN'
Slack : 11.666
TNS   : 0.000

Type  : Slow 1200mV 0C Model Minimum Pulse Width 'MAX10_CLK2_50'
Slack : 16.000
TNS   : 0.000

Type  : Slow 1200mV 0C Model Minimum Pulse Width 'NET_RX_CLK'
Slack : 36.000
TNS   : 0.000

Type  : Slow 1200mV 0C Model Minimum Pulse Width 'NET_TX_CLK'
Slack : 36.000
TNS   : 0.000

Type  : Slow 1200mV 0C Model Minimum Pulse Width 'altera_reserved_tck'
Slack : 49.629
TNS   : 0.000

Type  : Slow 1200mV 0C Model Minimum Pulse Width 'u0|pll|sd1|pll7|clk[1]'
Slack : 49.676
TNS   : 0.000

Type  : Slow 1200mV 0C Model Minimum Pulse Width 'ADC_CLK_10'
Slack : 96.000
TNS   : 0.000

Type  : Fast 1200mV 0C Model Setup 'u0|pll|sd1|pll7|clk[0]'
Slack : 5.877
TNS   : 0.000

Type  : Fast 1200mV 0C Model Setup 'MAX10_CLK1_50'
Slack : 16.785
TNS   : 0.000

Type  : Fast 1200mV 0C Model Setup 'altera_reserved_tck'
Slack : 48.654
TNS   : 0.000

Type  : Fast 1200mV 0C Model Setup 'u0|pll|sd1|pll7|clk[1]'
Slack : 95.348
TNS   : 0.000

Type  : Fast 1200mV 0C Model Hold 'u0|pll|sd1|pll7|clk[0]'
Slack : 0.104
TNS   : 0.000

Type  : Fast 1200mV 0C Model Hold 'altera_reserved_tck'
Slack : 0.147
TNS   : 0.000

Type  : Fast 1200mV 0C Model Hold 'MAX10_CLK1_50'
Slack : 0.148
TNS   : 0.000

Type  : Fast 1200mV 0C Model Hold 'u0|pll|sd1|pll7|clk[1]'
Slack : 0.148
TNS   : 0.000

Type  : Fast 1200mV 0C Model Recovery 'u0|pll|sd1|pll7|clk[0]'
Slack : 7.102
TNS   : 0.000

Type  : Fast 1200mV 0C Model Recovery 'MAX10_CLK1_50'
Slack : 18.564
TNS   : 0.000

Type  : Fast 1200mV 0C Model Recovery 'altera_reserved_tck'
Slack : 48.948
TNS   : 0.000

Type  : Fast 1200mV 0C Model Recovery 'u0|pll|sd1|pll7|clk[1]'
Slack : 98.086
TNS   : 0.000

Type  : Fast 1200mV 0C Model Removal 'MAX10_CLK1_50'
Slack : 0.430
TNS   : 0.000

Type  : Fast 1200mV 0C Model Removal 'altera_reserved_tck'
Slack : 0.484
TNS   : 0.000

Type  : Fast 1200mV 0C Model Removal 'u0|pll|sd1|pll7|clk[1]'
Slack : 1.186
TNS   : 0.000

Type  : Fast 1200mV 0C Model Removal 'u0|pll|sd1|pll7|clk[0]'
Slack : 1.517
TNS   : 0.000

Type  : Fast 1200mV 0C Model Minimum Pulse Width 'u0|pll|sd1|pll7|clk[0]'
Slack : 4.710
TNS   : 0.000

Type  : Fast 1200mV 0C Model Minimum Pulse Width 'MAX10_CLK1_50'
Slack : 9.445
TNS   : 0.000

Type  : Fast 1200mV 0C Model Minimum Pulse Width 'USB_CLKIN'
Slack : 11.666
TNS   : 0.000

Type  : Fast 1200mV 0C Model Minimum Pulse Width 'MAX10_CLK2_50'
Slack : 16.000
TNS   : 0.000

Type  : Fast 1200mV 0C Model Minimum Pulse Width 'NET_RX_CLK'
Slack : 36.000
TNS   : 0.000

Type  : Fast 1200mV 0C Model Minimum Pulse Width 'NET_TX_CLK'
Slack : 36.000
TNS   : 0.000

Type  : Fast 1200mV 0C Model Minimum Pulse Width 'altera_reserved_tck'
Slack : 49.392
TNS   : 0.000

Type  : Fast 1200mV 0C Model Minimum Pulse Width 'u0|pll|sd1|pll7|clk[1]'
Slack : 49.718
TNS   : 0.000

Type  : Fast 1200mV 0C Model Minimum Pulse Width 'ADC_CLK_10'
Slack : 96.000
TNS   : 0.000

------------------------------------------------------------
