Archive member included to satisfy reference by file (symbol)

d:/altera/15.0.0.130/nios2eds/bin/gnu/h-x86_64-mingw32/bin/../lib/gcc/nios2-elf/4.9.1\libgcc.a(mulsf3.o)
                              obj/default/main.o (__mulsf3)
d:/altera/15.0.0.130/nios2eds/bin/gnu/h-x86_64-mingw32/bin/../lib/gcc/nios2-elf/4.9.1\libgcc.a(floatunsisf.o)
                              obj/default/main.o (__floatunsisf)
d:/altera/15.0.0.130/nios2eds/bin/gnu/h-x86_64-mingw32/bin/../lib/gcc/nios2-elf/4.9.1\libgcc.a(extendsfdf2.o)
                              obj/default/main.o (__extendsfdf2)
d:/altera/15.0.0.130/nios2eds/bin/gnu/h-x86_64-mingw32/bin/../lib/gcc/nios2-elf/4.9.1\libgcc.a(_clzsi2.o)
                              d:/altera/15.0.0.130/nios2eds/bin/gnu/h-x86_64-mingw32/bin/../lib/gcc/nios2-elf/4.9.1\libgcc.a(mulsf3.o) (__clzsi2)
d:/altera/15.0.0.130/nios2eds/bin/gnu/h-x86_64-mingw32/bin/../lib/gcc/nios2-elf/4.9.1\libgcc.a(_clz.o)
                              d:/altera/15.0.0.130/nios2eds/bin/gnu/h-x86_64-mingw32/bin/../lib/gcc/nios2-elf/4.9.1\libgcc.a(_clzsi2.o) (__clz_tab)
d:/altera/15.0.0.130/nios2eds/bin/gnu/h-x86_64-mingw32/bin/../lib/gcc/nios2-elf/4.9.1/../../../../../H-x86_64-mingw32/nios2-elf/lib\libc.a(lib_a-printf.o)
                              obj/default/main.o (printf)
d:/altera/15.0.0.130/nios2eds/bin/gnu/h-x86_64-mingw32/bin/../lib/gcc/nios2-elf/4.9.1/../../../../../H-x86_64-mingw32/nios2-elf/lib\libc.a(lib_a-puts.o)
                              obj/default/main.o (puts)
d:/altera/15.0.0.130/nios2eds/bin/gnu/h-x86_64-mingw32/bin/../lib/gcc/nios2-elf/4.9.1/../../../../../H-x86_64-mingw32/nios2-elf/lib\libc.a(lib_a-strlen.o)
                              d:/altera/15.0.0.130/nios2eds/bin/gnu/h-x86_64-mingw32/bin/../lib/gcc/nios2-elf/4.9.1/../../../../../H-x86_64-mingw32/nios2-elf/lib\libc.a(lib_a-puts.o) (strlen)
d:/altera/15.0.0.130/nios2eds/bin/gnu/h-x86_64-mingw32/bin/../lib/gcc/nios2-elf/4.9.1/../../../../../H-x86_64-mingw32/nios2-elf/lib\libc.a(lib_a-vfprintf.o)
                              d:/altera/15.0.0.130/nios2eds/bin/gnu/h-x86_64-mingw32/bin/../lib/gcc/nios2-elf/4.9.1/../../../../../H-x86_64-mingw32/nios2-elf/lib\libc.a(lib_a-printf.o) (___vfprintf_internal_r)
d:/altera/15.0.0.130/nios2eds/bin/gnu/h-x86_64-mingw32/bin/../lib/gcc/nios2-elf/4.9.1/../../../../../H-x86_64-mingw32/nios2-elf/lib\libc.a(lib_a-wsetup.o)
                              d:/altera/15.0.0.130/nios2eds/bin/gnu/h-x86_64-mingw32/bin/../lib/gcc/nios2-elf/4.9.1/../../../../../H-x86_64-mingw32/nios2-elf/lib\libc.a(lib_a-vfprintf.o) (__swsetup_r)
d:/altera/15.0.0.130/nios2eds/bin/gnu/h-x86_64-mingw32/bin/../lib/gcc/nios2-elf/4.9.1/../../../../../H-x86_64-mingw32/nios2-elf/lib\libc.a(lib_a-dtoa.o)
                              d:/altera/15.0.0.130/nios2eds/bin/gnu/h-x86_64-mingw32/bin/../lib/gcc/nios2-elf/4.9.1/../../../../../H-x86_64-mingw32/nios2-elf/lib\libc.a(lib_a-vfprintf.o) (_dtoa_r)
d:/altera/15.0.0.130/nios2eds/bin/gnu/h-x86_64-mingw32/bin/../lib/gcc/nios2-elf/4.9.1/../../../../../H-x86_64-mingw32/nios2-elf/lib\libc.a(lib_a-fflush.o)
                              d:/altera/15.0.0.130/nios2eds/bin/gnu/h-x86_64-mingw32/bin/../lib/gcc/nios2-elf/4.9.1/../../../../../H-x86_64-mingw32/nios2-elf/lib\libc.a(lib_a-vfprintf.o) (_fflush_r)
d:/altera/15.0.0.130/nios2eds/bin/gnu/h-x86_64-mingw32/bin/../lib/gcc/nios2-elf/4.9.1/../../../../../H-x86_64-mingw32/nios2-elf/lib\libc.a(lib_a-findfp.o)
                              d:/altera/15.0.0.130/nios2eds/bin/gnu/h-x86_64-mingw32/bin/../lib/gcc/nios2-elf/4.9.1/../../../../../H-x86_64-mingw32/nios2-elf/lib\libc.a(lib_a-vfprintf.o) (__sinit)
d:/altera/15.0.0.130/nios2eds/bin/gnu/h-x86_64-mingw32/bin/../lib/gcc/nios2-elf/4.9.1/../../../../../H-x86_64-mingw32/nios2-elf/lib\libc.a(lib_a-freer.o)
                              d:/altera/15.0.0.130/nios2eds/bin/gnu/h-x86_64-mingw32/bin/../lib/gcc/nios2-elf/4.9.1/../../../../../H-x86_64-mingw32/nios2-elf/lib\libc.a(lib_a-wsetup.o) (_free_r)
d:/altera/15.0.0.130/nios2eds/bin/gnu/h-x86_64-mingw32/bin/../lib/gcc/nios2-elf/4.9.1/../../../../../H-x86_64-mingw32/nios2-elf/lib\libc.a(lib_a-fvwrite.o)
                              d:/altera/15.0.0.130/nios2eds/bin/gnu/h-x86_64-mingw32/bin/../lib/gcc/nios2-elf/4.9.1/../../../../../H-x86_64-mingw32/nios2-elf/lib\libc.a(lib_a-puts.o) (__sfvwrite_r)
d:/altera/15.0.0.130/nios2eds/bin/gnu/h-x86_64-mingw32/bin/../lib/gcc/nios2-elf/4.9.1/../../../../../H-x86_64-mingw32/nios2-elf/lib\libc.a(lib_a-fwalk.o)
                              d:/altera/15.0.0.130/nios2eds/bin/gnu/h-x86_64-mingw32/bin/../lib/gcc/nios2-elf/4.9.1/../../../../../H-x86_64-mingw32/nios2-elf/lib\libc.a(lib_a-findfp.o) (_fwalk)
d:/altera/15.0.0.130/nios2eds/bin/gnu/h-x86_64-mingw32/bin/../lib/gcc/nios2-elf/4.9.1/../../../../../H-x86_64-mingw32/nios2-elf/lib\libc.a(lib_a-impure.o)
[...]
Memory Configuration

Name             Origin             Length             Attributes
reset            0x0000000001040000 0x0000000000000020
onchip_memory2   0x0000000001040020 0x000000000001ffe0
*default*        0x0000000000000000 0xffffffffffffffff

Linker script and memory map

LOAD ../DECA_TEMP_bsp//obj/HAL/src/crt0.o
LOAD obj/default/main.o
LOAD d:/altera/15.0.0.130/nios2eds/bin/gnu/h-x86_64-mingw32/bin/../lib/gcc/nios2-elf/4.9.1/../../../../../H-x86_64-mingw32/nios2-elf/lib\libstdc++.a
LOAD d:/altera/15.0.0.130/nios2eds/bin/gnu/h-x86_64-mingw32/bin/../lib/gcc/nios2-elf/4.9.1/../../../../../H-x86_64-mingw32/nios2-elf/lib\libm.a
LOAD d:/altera/15.0.0.130/nios2eds/bin/gnu/h-x86_64-mingw32/bin/../lib/gcc/nios2-elf/4.9.1\libgcc.a
START GROUP
LOAD d:/altera/15.0.0.130/nios2eds/bin/gnu/h-x86_64-mingw32/bin/../lib/gcc/nios2-elf/4.9.1/../../../../../H-x86_64-mingw32/nios2-elf/lib\libc.a
LOAD d:/altera/15.0.0.130/nios2eds/bin/gnu/h-x86_64-mingw32/bin/../lib/gcc/nios2-elf/4.9.1\libgcc.a
LOAD ../DECA_TEMP_bsp/\libhal_bsp.a
END GROUP
LOAD d:/altera/15.0.0.130/nios2eds/bin/gnu/h-x86_64-mingw32/bin/../lib/gcc/nios2-elf/4.9.1\libgcc.a
                0x0000000001040000                __alt_mem_onchip_memory2 = 0x1040000

.entry          0x0000000001040000       0x20
 *(.entry)
 .entry         0x0000000001040000       0x20 ../DECA_TEMP_bsp//obj/HAL/src/crt0.o
                0x0000000001040000                __reset

.exceptions     0x0000000001040020      0x220
                0x0000000001040020                PROVIDE (__ram_exceptions_start, ABSOLUTE (.))
                0x0000000001040020                . = ALIGN (0x20)
 *(.irq)
 *(.exceptions.entry.label)
 .exceptions.entry.label
                0x0000000001040020        0x0 ../DECA_TEMP_bsp/\libhal_bsp.a(alt_irq_entry.o)
                0x0000000001040020                alt_irq_entry
 .exceptions.entry.label
                0x0000000001040020        0x0 ../DECA_TEMP_bsp/\libhal_bsp.a(alt_exception_entry.o)
                0x0000000001040020                alt_exception
 *(.exceptions.entry.user)
 *(.exceptions.entry.ecc_fatal)
 *(.exceptions.entry)
 .exceptions.entry
                0x0000000001040020       0x54 ../DECA_TEMP_bsp/\libhal_bsp.a(alt_exception_entry.o)
 *(.exceptions.irqtest.user)
 *(.exceptions.irqtest)
 .exceptions.irqtest
                0x0000000001040074       0x10 ../DECA_TEMP_bsp/\libhal_bsp.a(alt_irq_entry.o)
 *(.exceptions.irqhandler.user)
 *(.exceptions.irqhandler)
 .exceptions.irqhandler
                0x0000000001040084        0x4 ../DECA_TEMP_bsp/\libhal_bsp.a(alt_irq_entry.o)
 *(.exceptions.irqreturn.user)
 *(.exceptions.irqreturn)
 .exceptions.irqreturn
                0x0000000001040088        0x4 ../DECA_TEMP_bsp/\libhal_bsp.a(alt_irq_entry.o)
 *(.exceptions.notirq.label)
 .exceptions.notirq.label
                0x000000000104008c        0x0 ../DECA_TEMP_bsp/\libhal_bsp.a(alt_irq_entry.o)
 *(.exceptions.notirq.user)
 *(.exceptions.notirq)
 .exceptions.notirq
                0x000000000104008c        0x8 ../DECA_TEMP_bsp/\libhal_bsp.a(alt_exception_entry.o)
 *(.exceptions.soft.user)
 *(.exceptions.soft)
 *(.exceptions.unknown.user)
 *(.exceptions.unknown)
 .exceptions.unknown
                0x0000000001040094       0x14 ../DECA_TEMP_bsp/\libhal_bsp.a(alt_exception_entry.o)
 *(.exceptions.exit.label)
 .exceptions.exit.label
                0x00000000010400a8        0x0 ../DECA_TEMP_bsp/\libhal_bsp.a(alt_irq_entry.o)
 .exceptions.exit.label
                0x00000000010400a8        0x0 ../DECA_TEMP_bsp/\libhal_bsp.a(alt_exception_entry.o)
 *(.exceptions.exit.user)
 *(.exceptions.exit)
 .exceptions.exit
                0x00000000010400a8       0x54 ../DECA_TEMP_bsp/\libhal_bsp.a(alt_exception_entry.o)
 *(.exceptions)
 .exceptions    0x00000000010400fc       0xd0 ../DECA_TEMP_bsp/\libhal_bsp.a(alt_irq_handler.o)
                0x00000000010400fc                alt_irq_handler
 .exceptions    0x00000000010401cc       0x74 ../DECA_TEMP_bsp/\libhal_bsp.a(alt_instruction_exception_entry.o)
                0x00000000010401cc                alt_instruction_exception_entry
                0x0000000001040240                PROVIDE (__ram_exceptions_end, ABSOLUTE (.))
                0x0000000001040020                PROVIDE (__flash_exceptions_start, LOADADDR (.exceptions))

.text           0x0000000001040240     0xf4f4
                0x0000000001040240                PROVIDE (stext, ABSOLUTE (.))
 *(.interp)
 *(.hash)
 *(.dynsym)
 *(.dynstr)
 *(.gnu.version)
 *(.gnu.version_d)
 *(.gnu.version_r)
 *(.rel.init)
 *(.rela.init)
 *(.rel.text .rel.text.* .rel.gnu.linkonce.t.*)
 *(.rela.text .rela.text.* .rela.gnu.linkonce.t.*)
 *(.rel.fini)
 *(.rela.fini)
 *(.rel.rodata .rel.rodata.* .rel.gnu.linkonce.r.*)
 *(.rela.rodata .rela.rodata.* .rela.gnu.linkonce.r.*)
 *(.rel.data .rel.data.* .rel.gnu.linkonce.d.*)
 *(.rela.data .rela.data.* .rela.gnu.linkonce.d.*)
 *(.rel.tdata .rel.tdata.* .rel.gnu.linkonce.td.*)
 *(.rela.tdata .rela.tdata.* .rela.gnu.linkonce.td.*)
 *(.rel.tbss .rel.tbss.* .rel.gnu.linkonce.tb.*)
 *(.rela.tbss .rela.tbss.* .rela.gnu.linkonce.tb.*)
 *(.rel.ctors)
 *(.rela.ctors)
 *(.rel.dtors)
 *(.rela.dtors)
 *(.rel.got)
 *(.rela.got)
 *(.rel.sdata .rel.sdata.* .rel.gnu.linkonce.s.*)
 *(.rela.sdata .rela.sdata.* .rela.gnu.linkonce.s.*)
 *(.rel.sbss .rel.sbss.* .rel.gnu.linkonce.sb.*)
 *(.rela.sbss .rela.sbss.* .rela.gnu.linkonce.sb.*)
 *(.rel.sdata2 .rel.sdata2.* .rel.gnu.linkonce.s2.*)
 *(.rela.sdata2 .rela.sdata2.* .rela.gnu.linkonce.s2.*)
 *(.rel.sbss2 .rel.sbss2.* .rel.gnu.linkonce.sb2.*)
 *(.rela.sbss2 .rela.sbss2.* .rela.gnu.linkonce.sb2.*)
 *(.rel.bss .rel.bss.* .rel.gnu.linkonce.b.*)
 *(.rela.bss .rela.bss.* .rela.gnu.linkonce.b.*)
 *(.rel.plt)
 *(.rela.plt)
 *(.rel.dyn)
 *(.init)
 *(.plt)
 *(.text .stub .text.* .gnu.linkonce.t.*)
 .text          0x0000000001040240       0x4c ../DECA_TEMP_bsp//obj/HAL/src/crt0.o
                0x0000000001040240                _start
 .text          0x000000000104028c      0x10c obj/default/main.o
                0x000000000104028c                main
 .text          0x0000000001040398      0x424 d:/altera/15.0.0.130/nios2eds/bin/gnu/h-x86_64-mingw32/bin/../lib/gcc/nios2-elf/4.9.1\libgcc.a(mulsf3.o)
                0x0000000001040398                __mulsf3
 .text          0x00000000010407bc      0x110 d:/altera/15.0.0.130/nios2eds/bin/gnu/h-x86_64-mingw32/bin/../lib/gcc/nios2-elf/4.9.1\libgcc.a(floatunsisf.o)
                0x00000000010407bc                __floatunsisf
 .text          0x00000000010408cc      0x110 d:/altera/15.0.0.130/nios2eds/bin/gnu/h-x86_64-mingw32/bin/../lib/gcc/nios2-elf/4.9.1\libgcc.a(extendsfdf2.o)
                0x00000000010408cc                __extendsfdf2
 .text          0x00000000010409dc       0x64 d:/altera/15.0.0.130/nios2eds/bin/gnu/h-x86_64-mingw32/bin/../lib/gcc/nios2-elf/4.9.1\libgcc.a(_clzsi2.o)
                0x00000000010409dc                __clzsi2
 .text          0x0000000001040a40        0x0 d:/altera/15.0.0.130/nios2eds/bin/gnu/h-x86_64-mingw32/bin/../lib/gcc/nios2-elf/4.9.1\libgcc.a(_clz.o)
 .text          0x0000000001040a40       0x68 d:/altera/15.0.0.130/nios2eds/bin/gnu/h-x86_64-mingw32/bin/../lib/gcc/nios2-elf/4.9.1/../../../../../H-x86_64-mingw32/nios2-elf/lib\libc.a(lib_a-printf.o)
                0x0000000001040a40                _printf_r
                0x0000000001040a6c                printf
 .text          0x0000000001040aa8       0xcc d:/altera/15.0.0.130/nios2eds/bin/gnu/h-x86_64-mingw32/bin/../lib/gcc/nios2-elf/4.9.1/../../../../../H-x86_64-mingw32/nios2-elf/lib\libc.a(lib_a-puts.o)
                0x0000000001040aa8                _puts_r
                0x0000000001040b60                puts
 .text          0x0000000001040b74       0x98 d:/altera/15.0.0.130/nios2eds/bin/gnu/h-x86_64-mingw32/bin/../lib/gcc/nios2-elf/4.9.1/../../../../../H-x86_64-mingw32/nios2-elf/lib\libc.a(lib_a-strlen.o)
                0x0000000001040b74                strlen
 .text          0x0000000001040c0c     0x2020 d:/altera/15.0.0.130/nios2eds/bin/gnu/h-x86_64-mingw32/bin/../lib/gcc/nios2-elf/4.9.1/../../../../../H-x86_64-mingw32/nios2-elf/lib\libc.a(lib_a-vfprintf.o)
                0x0000000001040c0c                ___vfprintf_internal_r
                0x0000000001042c08                __vfprintf_internal
 .text          0x0000000001042c2c      0x130 d:/altera/15.0.0.130/nios2eds/bin/gnu/h-x86_64-mingw32/bin/../lib/gcc/nios2-elf/4.9.1/../../../../../H-x86_64-mingw32/nios2-elf/lib\libc.a(lib_a-wsetup.o)
                0x0000000001042c2c                __swsetup_r
 .text          0x0000000001042d5c     0x1928 d:/altera/15.0.0.130/nios2eds/bin/gnu/h-x86_64-mingw32/bin/../lib/gcc/nios2-elf/4.9.1/../../../../../H-x86_64-mingw32/nios2-elf/lib\libc.a(lib_a-dtoa.o)
                0x0000000001042f5c                _dtoa_r
 .text          0x0000000001044684      0x258 d:/altera/15.0.0.130/nios2eds/bin/gnu/h-x86_64-mingw32/bin/../lib/gcc/nios2-elf/4.9.1/../../../../../H-x86_64-mingw32/nios2-elf/lib\libc.a(lib_a-fflush.o)
                0x0000000001044684                _fflush_r
                0x00000000010448ac                fflush
 .text          0x00000000010448dc      0x3a0 d:/altera/15.0.0.130/nios2eds/bin/gnu/h-x86_64-mingw32/bin/../lib/gcc/nios2-elf/4.9.1/../../../../../H-x86_64-mingw32/nios2-elf/lib\libc.a(lib_a-findfp.o)
                0x00000000010448ec                _cleanup_r
                0x0000000001044a98                __sfmoreglue
                0x0000000001044afc                __sfp
                0x0000000001044c14                _cleanup
                0x0000000001044c2c                __sinit
                0x0000000001044c3c                __sfp_lock_acquire
                0x0000000001044c40                __sfp_lock_release
                0x0000000001044c44                __sinit_lock_acquire
                0x0000000001044c48                __sinit_lock_release
                0x0000000001044c4c                __fp_lock_all
                0x0000000001044c64                __fp_unlock_all
 .text          0x0000000001044c7c      0x414 d:/altera/15.0.0.130/nios2eds/bin/gnu/h-x86_64-mingw32/bin/../lib/gcc/nios2-elf/4.9.1/../../../../../H-x86_64-mingw32/nios2-elf/lib\libc.a(lib_a-freer.o)
                0x0000000001044c7c                _malloc_trim_r
                0x0000000001044da0                _free_r
 .text          0x0000000001045090      0x4a4 d:/altera/15.0.0.130/nios2eds/bin/gnu/h-x86_64-mingw32/bin/../lib/gcc/nios2-elf/4.9.1/../../../../../H-x86_64-mingw32/nios2-elf/lib\libc.a(lib_a-fvwrite.o)
                0x0000000001045090                __sfvwrite_r
 .text          0x0000000001045534      0x170 d:/altera/15.0.0.130/nios2eds/bin/gnu/h-x86_64-mingw32/bin/../lib/gcc/nios2-elf/4.9.1/../../../../../H-x86_64-mingw32/nios2-elf/lib\libc.a(lib_a-fwalk.o)
                0x0000000001045534                _fwalk
                0x00000000010455ec                _fwalk_reent
 .text          0x00000000010456a4        0x0 d:/altera/15.0.0.130/nios2eds/bin/gnu/h-x86_64-mingw32/bin/../lib/gcc/nios2-elf/4.9.1/../../../../../H-x86_64-mingw32/nios2-elf/lib\libc.a(lib_a-impure.o)
 .text          0x00000000010456a4       0xe0 d:/altera/15.0.0.130/nios2eds/bin/gnu/h-x86_64-mingw32/bin/../lib/gcc/nios2-elf/4.9.1/../../../../../H-x86_64-mingw32/nios2-elf/lib\libc.a(lib_a-locale.o)
                0x00000000010456a4                _setlocale_r
                0x0000000001045720                __locale_charset
                0x000000000104572c                __locale_mb_cur_max
                0x000000000104573c                __locale_msgcharset
                0x0000000001045748                __locale_cjk_lang
                0x0000000001045750                _localeconv_r
                0x000000000104575c                setlocale
                0x0000000001045778                localeconv
 .text          0x0000000001045784      0x1b8 d:/altera/15.0.0.130/nios2eds/bin/gnu/h-x86_64-mingw32/bin/../lib/gcc/nios2-elf/4.9.1/../../../../../H-x86_64-mingw32/nios2-elf/lib\libc.a(lib_a-makebuf.o)
                0x0000000001045784                __smakebuf_r
 .text          0x000000000104593c      0x7a8 d:/altera/15.0.0.130/nios2eds/bin/gnu/h-x86_64-mingw32/bin/../lib/gcc/nios2-elf/4.9.1/../../../../../H-x86_64-mingw32/nios2-elf/lib\libc.a(lib_a-mallocr.o)
                0x000000000104593c                _malloc_r
 .text          0x00000000010460e4       0xe8 d:/altera/15.0.0.130/nios2eds/bin/gnu/h-x86_64-mingw32/bin/../lib/gcc/nios2-elf/4.9.1/../../../../../H-x86_64-mingw32/nios2-elf/lib\libc.a(lib_a-memchr.o)
                0x00000000010460e4                memchr
 .text          0x00000000010461cc      0x138 d:/altera/15.0.0.130/nios2eds/bin/gnu/h-x86_64-mingw32/bin/../lib/gcc/nios2-elf/4.9.1/../../../../../H-x86_64-mingw32/nios2-elf/lib\libc.a(lib_a-memcpy.o)
                0x00000000010461cc                memcpy
 .text          0x0000000001046304      0x15c d:/altera/15.0.0.130/nios2eds/bin/gnu/h-x86_64-mingw32/bin/../lib/gcc/nios2-elf/4.9.1/../../../../../H-x86_64-mingw32/nios2-elf/lib\libc.a(lib_a-memmove.o)
                0x0000000001046304                memmove
 .text          0x0000000001046460      0x124 d:/altera/15.0.0.130/nios2eds/bin/gnu/h-x86_64-mingw32/bin/../lib/gcc/nios2-elf/4.9.1/../../../../../H-x86_64-mingw32/nios2-elf/lib\libc.a(lib_a-memset.o)
                0x0000000001046460                memset
 .text          0x0000000001046584      0xf8c d:/altera/15.0.0.130/nios2eds/bin/gnu/h-x86_64-mingw32/bin/../lib/gcc/nios2-elf/4.9.1/../../../../../H-x86_64-mingw32/nios2-elf/lib\libc.a(lib_a-mprec.o)
                0x0000000001046584                _Balloc
                0x000000000104662c                _Bfree
                0x0000000001046654                __multadd
                0x0000000001046768                __s2b
                0x000000000104686c                __hi0bits
                0x00000000010468d4                __lo0bits
                0x0000000001046984                __i2b
                0x00000000010469c0                __multiply
                0x0000000001046bbc                __pow5mult
                0x0000000001046cfc                __lshift
                0x0000000001046e44                __mcmp
                0x0000000001046ea4                __mdiff
                0x000000000104703c                __ulp
                0x000000000104709c                __b2d
                0x00000000010471b8                __d2b
                0x00000000010472f4                __ratio
                0x0000000001047398                _mprec_log10
                0x000000000104740c                __copybits
                0x0000000001047484                __any_on
 .text          0x0000000001047510      0x5a0 d:/altera/15.0.0.130/nios2eds/bin/gnu/h-x86_64-mingw32/bin/../lib/gcc/nios2-elf/4.9.1/../../../../../H-x86_64-mingw32/nios2-elf/lib\libc.a(lib_a-reallocr.o)
                0x0000000001047510                _realloc_r
 .text          0x0000000001047ab0       0x74 d:/altera/15.0.0.130/nios2eds/bin/gnu/h-x86_64-mingw32/bin/../lib/gcc/nios2-elf/4.9.1/../../../../../H-x86_64-mingw32/nios2-elf/lib\libc.a(lib_a-s_fpclassify.o)
                0x0000000001047ab0                __fpclassifyd
 .text          0x0000000001047b24       0x54 d:/altera/15.0.0.130/nios2eds/bin/gnu/h-x86_64-mingw32/bin/../lib/gcc/nios2-elf/4.9.1/../../../../../H-x86_64-mingw32/nios2-elf/lib\libc.a(lib_a-sbrkr.o)
                0x0000000001047b24                _sbrk_r
 .text          0x0000000001047b78      0x13c d:/altera/15.0.0.130/nios2eds/bin/gnu/h-x86_64-mingw32/bin/../lib/gcc/nios2-elf/4.9.1/../../../../../H-x86_64-mingw32/nios2-elf/lib\libc.a(lib_a-stdio.o)
                0x0000000001047b78                __sread
                0x0000000001047bcc                __seofread
                0x0000000001047bd4                __swrite
                0x0000000001047c50                __sseek
                0x0000000001047cac                __sclose
 .text          0x0000000001047cb4       0xa4 d:/altera/15.0.0.130/nios2eds/bin/gnu/h-x86_64-mingw32/bin/../lib/gcc/nios2-elf/4.9.1/../../../../../H-x86_64-mingw32/nios2-elf/lib\libc.a(lib_a-strcmp.o)
                0x0000000001047cb4                strcmp
 .text          0x0000000001047d58     0x1494 d:/altera/15.0.0.130/nios2eds/bin/gnu/h-x86_64-mingw32/bin/../lib/gcc/nios2-elf/4.9.1/../../../../../H-x86_64-mingw32/nios2-elf/lib\libc.a(lib_a-vfiprintf.o)
                0x0000000001047e54                __sprint_r
                0x0000000001047e6c                ___vfiprintf_internal_r
                0x00000000010491c8                __vfiprintf_internal
 .text          0x00000000010491ec       0x5c d:/altera/15.0.0.130/nios2eds/bin/gnu/h-x86_64-mingw32/bin/../lib/gcc/nios2-elf/4.9.1/../../../../../H-x86_64-mingw32/nios2-elf/lib\libc.a(lib_a-writer.o)
                0x00000000010491ec                _write_r
 .text          0x0000000001049248       0x54 d:/altera/15.0.0.130/nios2eds/bin/gnu/h-x86_64-mingw32/bin/../lib/gcc/nios2-elf/4.9.1/../../../../../H-x86_64-mingw32/nios2-elf/lib\libc.a(closer.o)
                0x0000000001049248                _close_r
 .text          0x000000000104929c       0xc4 d:/altera/15.0.0.130/nios2eds/bin/gnu/h-x86_64-mingw32/bin/../lib/gcc/nios2-elf/4.9.1/../../../../../H-x86_64-mingw32/nios2-elf/lib\libc.a(lib_a-callocr.o)
                0x000000000104929c                _calloc_r
 .text          0x0000000001049360      0x114 d:/altera/15.0.0.130/nios2eds/bin/gnu/h-x86_64-mingw32/bin/../lib/gcc/nios2-elf/4.9.1/../../../../../H-x86_64-mingw32/nios2-elf/lib\libc.a(lib_a-fclose.o)
                0x0000000001049360                _fclose_r
                0x0000000001049460                fclose
 .text          0x0000000001049474      0x1dc d:/altera/15.0.0.130/nios2eds/bin/gnu/h-x86_64-mingw32/bin/../lib/gcc/nios2-elf/4.9.1/../../../../../H-x86_64-mingw32/nios2-elf/lib\libc.a(lib_a-fputwc.o)
                0x0000000001049474                _fputwc_r
                0x00000000010495f8                fputwc
 .text          0x0000000001049650       0x58 d:/altera/15.0.0.130/nios2eds/bin/gnu/h-x86_64-mingw32/bin/../lib/gcc/nios2-elf/4.9.1/../../../../../H-x86_64-mingw32/nios2-elf/lib\libc.a(lib_a-fstatr.o)
                0x0000000001049650                _fstat_r
 .text          0x00000000010496a8        0x0 d:/altera/15.0.0.130/nios2eds/bin/gnu/h-x86_64-mingw32/bin/../lib/gcc/nios2-elf/4.9.1/../../../../../H-x86_64-mingw32/nios2-elf/lib\libc.a(lib_a-int_errno.o)
 .text          0x00000000010496a8       0x54 d:/altera/15.0.0.130/nios2eds/bin/gnu/h-x86_64-mingw32/bin/../lib/gcc/nios2-elf/4.9.1/../../../../../H-x86_64-mingw32/nios2-elf/lib\libc.a(lib_a-isattyr.o)
                0x00000000010496a8                _isatty_r
 .text          0x00000000010496fc       0x5c d:/altera/15.0.0.130/nios2eds/bin/gnu/h-x86_64-mingw32/bin/../lib/gcc/nios2-elf/4.9.1/../../../../../H-x86_64-mingw32/nios2-elf/lib\libc.a(lib_a-lseekr.o)
                0x00000000010496fc                _lseek_r
 .text          0x0000000001049758       0x5c d:/altera/15.0.0.130/nios2eds/bin/gnu/h-x86_64-mingw32/bin/../lib/gcc/nios2-elf/4.9.1/../../../../../H-x86_64-mingw32/nios2-elf/lib\libc.a(lib_a-readr.o)
                0x0000000001049758                _read_r
 .text          0x00000000010497b4      0x170 d:/altera/15.0.0.130/nios2eds/bin/gnu/h-x86_64-mingw32/bin/../lib/gcc/nios2-elf/4.9.1/../../../../../H-x86_64-mingw32/nios2-elf/lib\libc.a(lib_a-wbuf.o)
                0x00000000010497b4                __swbuf_r
                0x0000000001049908                __swbuf
 .text          0x0000000001049924      0x174 d:/altera/15.0.0.130/nios2eds/bin/gnu/h-x86_64-mingw32/bin/../lib/gcc/nios2-elf/4.9.1/../../../../../H-x86_64-mingw32/nios2-elf/lib\libc.a(lib_a-wcrtomb.o)
                0x0000000001049924                _wcrtomb_r
                0x00000000010499c0                wcrtomb
 .text          0x0000000001049a98       0x8c d:/altera/15.0.0.130/nios2eds/bin/gnu/h-x86_64-mingw32/bin/../lib/gcc/nios2-elf/4.9.1/../../../../../H-x86_64-mingw32/nios2-elf/lib\libc.a(lib_a-wctomb_r.o)
                0x0000000001049a98                __ascii_wctomb
                0x0000000001049ac8                _wctomb_r
 .text          0x0000000001049b24      0x5c0 d:/altera/15.0.0.130/nios2eds/bin/gnu/h-x86_64-mingw32/bin/../lib/gcc/nios2-elf/4.9.1\libgcc.a(_udivdi3.o)
                0x0000000001049b24                __udivdi3
 .text          0x000000000104a0e4      0x590 d:/altera/15.0.0.130/nios2eds/bin/gnu/h-x86_64-mingw32/bin/../lib/gcc/nios2-elf/4.9.1\libgcc.a(_umoddi3.o)
                0x000000000104a0e4                __umoddi3
 .text          0x000000000104a674      0x12c d:/altera/15.0.0.130/nios2eds/bin/gnu/h-x86_64-mingw32/bin/../lib/gcc/nios2-elf/4.9.1\libgcc.a(lib2-divmod.o)
                0x000000000104a6e0                __divsi3
                0x000000000104a734                __modsi3
                0x000000000104a790                __udivsi3
                0x000000000104a798                __umodsi3
 .text          0x000000000104a7a0      0x89c d:/altera/15.0.0.130/nios2eds/bin/gnu/h-x86_64-mingw32/bin/../lib/gcc/nios2-elf/4.9.1\libgcc.a(adddf3.o)
                0x000000000104a7a0                __adddf3
 .text          0x000000000104b03c      0x8cc d:/altera/15.0.0.130/nios2eds/bin/gnu/h-x86_64-mingw32/bin/../lib/gcc/nios2-elf/4.9.1\libgcc.a(divdf3.o)
                0x000000000104b03c                __divdf3
 .text          0x000000000104b908       0x84 d:/altera/15.0.0.130/nios2eds/bin/gnu/h-x86_64-mingw32/bin/../lib/gcc/nios2-elf/4.9.1\libgcc.a(eqdf2.o)
                0x000000000104b908                __nedf2
                0x000000000104b908                __eqdf2
 .text          0x000000000104b98c       0xe0 d:/altera/15.0.0.130/nios2eds/bin/gnu/h-x86_64-mingw32/bin/../lib/gcc/nios2-elf/4.9.1\libgcc.a(gedf2.o)
                0x000000000104b98c                __gedf2
                0x000000000104b98c                __gtdf2
 .text          0x000000000104ba6c       0xe0 d:/altera/15.0.0.130/nios2eds/bin/gnu/h-x86_64-mingw32/bin/../lib/gcc/nios2-elf/4.9.1\libgcc.a(ledf2.o)
                0x000000000104ba6c                __ledf2
                0x000000000104ba6c                __ltdf2
 .text          0x000000000104bb4c      0x724 d:/altera/15.0.0.130/nios2eds/bin/gnu/h-x86_64-mingw32/bin/../lib/gcc/nios2-elf/4.9.1\libgcc.a(muldf3.o)
                0x000000000104bb4c                __muldf3
 .text          0x000000000104c270      0x8d0 d:/altera/15.0.0.130/nios2eds/bin/gnu/h-x86_64-mingw32/bin/../lib/gcc/nios2-elf/4.9.1\libgcc.a(subdf3.o)
                0x000000000104c270                __subdf3
 .text          0x000000000104cb40       0x88 d:/altera/15.0.0.130/nios2eds/bin/gnu/h-x86_64-mingw32/bin/../lib/gcc/nios2-elf/4.9.1\libgcc.a(fixdfsi.o)
                0x000000000104cb40                __fixdfsi
 .text          0x000000000104cbc8       0xd0 d:/altera/15.0.0.130/nios2eds/bin/gnu/h-x86_64-mingw32/bin/../lib/gcc/nios2-elf/4.9.1\libgcc.a(floatsidf.o)
                0x000000000104cbc8                __floatsidf
 .text          0x000000000104cc98       0xa4 d:/altera/15.0.0.130/nios2eds/bin/gnu/h-x86_64-mingw32/bin/../lib/gcc/nios2-elf/4.9.1\libgcc.a(floatunsidf.o)
                0x000000000104cc98                __floatunsidf
 .text          0x000000000104cd3c      0x120 ../DECA_TEMP_bsp/\libhal_bsp.a(alt_close.o)
                0x000000000104cd8c                close
 .text          0x000000000104ce5c       0x2c ../DECA_TEMP_bsp/\libhal_bsp.a(alt_dev.o)
 .text          0x000000000104ce88        0x0 ../DECA_TEMP_bsp/\libhal_bsp.a(alt_errno.o)
 .text          0x000000000104ce88      0x100 ../DECA_TEMP_bsp/\libhal_bsp.a(alt_fstat.o)
                0x000000000104ced8                fstat
 .text          0x000000000104cf88       0xf4 ../DECA_TEMP_bsp/\libhal_bsp.a(alt_isatty.o)
                0x000000000104cfd8                isatty
 .text          0x000000000104d07c       0xe4 ../DECA_TEMP_bsp/\libhal_bsp.a(alt_load.o)
                0x000000000104d0e0                alt_load
 .text          0x000000000104d160      0x124 ../DECA_TEMP_bsp/\libhal_bsp.a(alt_lseek.o)
                0x000000000104d1b0                lseek
 .text          0x000000000104d284       0x78 ../DECA_TEMP_bsp/\libhal_bsp.a(alt_main.o)
                0x000000000104d284                alt_main
 .text          0x000000000104d2fc       0x40 ../DECA_TEMP_bsp/\libhal_bsp.a(alt_malloc_lock.o)
                0x000000000104d2fc                __malloc_lock
                0x000000000104d31c                __malloc_unlock
 .text          0x000000000104d33c      0x14c ../DECA_TEMP_bsp/\libhal_bsp.a(alt_read.o)
                0x000000000104d38c                read
 .text          0x000000000104d488       0x60 ../DECA_TEMP_bsp/\libhal_bsp.a(alt_release_fd.o)
                0x000000000104d488                alt_release_fd
 .text          0x000000000104d4e8       0xb0 ../DECA_TEMP_bsp/\libhal_bsp.a(alt_sbrk.o)
                0x000000000104d4e8                sbrk
 .text          0x000000000104d598       0x30 ../DECA_TEMP_bsp/\libhal_bsp.a(alt_usleep.o)
                0x000000000104d598                usleep
 .text          0x000000000104d5c8      0x148 ../DECA_TEMP_bsp/\libhal_bsp.a(alt_write.o)
                0x000000000104d618                write
 .text          0x000000000104d710       0xc8 ../DECA_TEMP_bsp/\libhal_bsp.a(alt_sys_init.o)
                0x000000000104d748                alt_irq_init
                0x000000000104d77c                alt_sys_init
 .text          0x000000000104d7d8      0x164 ../DECA_TEMP_bsp/\libhal_bsp.a(altera_avalon_jtag_uart_fd.o)
                0x000000000104d7d8                altera_avalon_jtag_uart_read_fd
                0x000000000104d838                altera_avalon_jtag_uart_write_fd
                0x000000000104d898                altera_avalon_jtag_uart_close_fd
                0x000000000104d8e8                altera_avalon_jtag_uart_ioctl_fd
 .text          0x000000000104d93c      0x3d8 ../DECA_TEMP_bsp/\libhal_bsp.a(altera_avalon_jtag_uart_init.o)
                0x000000000104d93c                altera_avalon_jtag_uart_init
                0x000000000104dcac                altera_avalon_jtag_uart_close
 .text          0x000000000104dd14       0xec ../DECA_TEMP_bsp/\libhal_bsp.a(altera_avalon_jtag_uart_ioctl.o)
                0x000000000104dd14                altera_avalon_jtag_uart_ioctl
 .text          0x000000000104de00      0x20c ../DECA_TEMP_bsp/\libhal_bsp.a(altera_avalon_jtag_uart_read.o)
                0x000000000104de00                altera_avalon_jtag_uart_read
 .text          0x000000000104e00c      0x218 ../DECA_TEMP_bsp/\libhal_bsp.a(altera_avalon_jtag_uart_write.o)
                0x000000000104e00c                altera_avalon_jtag_uart_write
 .text          0x000000000104e224       0xfc ../DECA_TEMP_bsp/\libhal_bsp.a(altera_avalon_timer_sc.o)
                0x000000000104e298                alt_avalon_timer_sc_init
 .text          0x000000000104e320      0x140 ../DECA_TEMP_bsp/\libhal_bsp.a(alt_alarm_start.o)
                0x000000000104e320                alt_alarm_start
 .text          0x000000000104e460      0x158 ../DECA_TEMP_bsp/\libhal_bsp.a(alt_busy_sleep.o)
                0x000000000104e460                alt_busy_sleep
 .text          0x000000000104e5b8       0x44 ../DECA_TEMP_bsp/\libhal_bsp.a(alt_dcache_flush_all.o)
                0x000000000104e5b8                alt_dcache_flush_all
 .text          0x000000000104e5fc       0xf4 ../DECA_TEMP_bsp/\libhal_bsp.a(alt_dev_llist_insert.o)
                0x000000000104e64c                alt_dev_llist_insert
 .text          0x000000000104e6f0       0x5c ../DECA_TEMP_bsp/\libhal_bsp.a(alt_do_ctors.o)
                0x000000000104e6f0                _do_ctors
 .text          0x000000000104e74c       0x5c ../DECA_TEMP_bsp/\libhal_bsp.a(alt_do_dtors.o)
                0x000000000104e74c                _do_dtors
 .text          0x000000000104e7a8       0x30 ../DECA_TEMP_bsp/\libhal_bsp.a(alt_icache_flush_all.o)
                0x000000000104e7a8                alt_icache_flush_all
 .text          0x000000000104e7d8      0x1e0 ../DECA_TEMP_bsp/\libhal_bsp.a(alt_iic.o)
                0x000000000104e7d8                alt_ic_isr_register
                0x000000000104e828                alt_ic_irq_enable
                0x000000000104e8c8                alt_ic_irq_disable
                0x000000000104e96c                alt_ic_irq_enabled
 .text          0x000000000104e9b8       0xf0 ../DECA_TEMP_bsp/\libhal_bsp.a(alt_iic_isr_register.o)
                0x000000000104e9b8                alt_iic_isr_register
 .text          0x000000000104eaa8      0x138 ../DECA_TEMP_bsp/\libhal_bsp.a(alt_io_redirect.o)
                0x000000000104eb68                alt_io_redirect
 .text          0x000000000104ebe0        0x0 ../DECA_TEMP_bsp/\libhal_bsp.a(alt_irq_entry.o)
 .text          0x000000000104ebe0        0x0 ../DECA_TEMP_bsp/\libhal_bsp.a(alt_irq_handler.o)
 .text          0x000000000104ebe0        0x0 ../DECA_TEMP_bsp/\libhal_bsp.a(alt_irq_vars.o)
 .text          0x000000000104ebe0      0x274 ../DECA_TEMP_bsp/\libhal_bsp.a(alt_open.o)
                0x000000000104ecfc                open
 .text          0x000000000104ee54      0x19c ../DECA_TEMP_bsp/\libhal_bsp.a(alt_tick.o)
                0x000000000104ee54                alt_alarm_stop
                0x000000000104eeec                alt_tick
 .text          0x000000000104eff0       0x20 ../DECA_TEMP_bsp/\libhal_bsp.a(altera_nios2_gen2_irq.o)
                0x000000000104eff0                altera_nios2_gen2_irq_init
 .text          0x000000000104f010        0x0 ../DECA_TEMP_bsp/\libhal_bsp.a(alt_exception_entry.o)
 .text          0x000000000104f010       0x90 ../DECA_TEMP_bsp/\libhal_bsp.a(alt_find_dev.o)
                0x000000000104f010                alt_find_dev
 .text          0x000000000104f0a0      0x114 ../DECA_TEMP_bsp/\libhal_bsp.a(alt_find_file.o)
                0x000000000104f0a0                alt_find_file
 .text          0x000000000104f1b4       0xb4 ../DECA_TEMP_bsp/\libhal_bsp.a(alt_get_fd.o)
                0x000000000104f1b4                alt_get_fd
 .text          0x000000000104f268       0x8c ../DECA_TEMP_bsp/\libhal_bsp.a(alt_icache_flush.o)
                0x000000000104f268                alt_icache_flush
 .text          0x000000000104f2f4       0x9c ../DECA_TEMP_bsp/\libhal_bsp.a(alt_instruction_exception_entry.o)
                0x000000000104f2f4                alt_exception_cause_generated_bad_addr
 .text          0x000000000104f390       0x14 d:/altera/15.0.0.130/nios2eds/bin/gnu/h-x86_64-mingw32/bin/../lib/gcc/nios2-elf/4.9.1/../../../../../H-x86_64-mingw32/nios2-elf/lib\libc.a(lib_a-atexit.o)
                0x000000000104f390                atexit
 .text          0x000000000104f3a4       0x38 d:/altera/15.0.0.130/nios2eds/bin/gnu/h-x86_64-mingw32/bin/../lib/gcc/nios2-elf/4.9.1/../../../../../H-x86_64-mingw32/nios2-elf/lib\libc.a(lib_a-exit.o)
                0x000000000104f3a4                exit
 .text          0x000000000104f3dc       0x7c d:/altera/15.0.0.130/nios2eds/bin/gnu/h-x86_64-mingw32/bin/../lib/gcc/nios2-elf/4.9.1/../../../../../H-x86_64-mingw32/nios2-elf/lib\libc.a(lib_a-memcmp.o)
                0x000000000104f3dc                memcmp
 .text          0x000000000104f458      0x114 d:/altera/15.0.0.130/nios2eds/bin/gnu/h-x86_64-mingw32/bin/../lib/gcc/nios2-elf/4.9.1/../../../../../H-x86_64-mingw32/nios2-elf/lib\libc.a(lib_a-__atexit.o)
                0x000000000104f458                __register_exitproc
 .text          0x000000000104f56c      0x194 d:/altera/15.0.0.130/nios2eds/bin/gnu/h-x86_64-mingw32/bin/../lib/gcc/nios2-elf/4.9.1/../../../../../H-x86_64-mingw32/nios2-elf/lib\libc.a(lib_a-__call_atexit.o)
                0x000000000104f56c                __call_exitprocs
 .text          0x000000000104f700       0x34 ../DECA_TEMP_bsp/\libhal_bsp.a(alt_exit.o)
                0x000000000104f700                _exit
 *(.gnu.warning.*)
 *(.fini)
                0x000000000104f734                PROVIDE (__etext, ABSOLUTE (.))
                0x000000000104f734                PROVIDE (_etext, ABSOLUTE (.))
                0x000000000104f734                PROVIDE (etext, ABSOLUTE (.))
 *(.eh_frame_hdr)
                0x000000000104f734                . = ALIGN (0x4)
                0x000000000104f734                PROVIDE (__preinit_array_start, ABSOLUTE (.))
 *(.preinit_array)
                0x000000000104f734                PROVIDE (__preinit_array_end, ABSOLUTE (.))
                0x000000000104f734                PROVIDE (__init_array_start, ABSOLUTE (.))
 *(.init_array)
                0x000000000104f734                PROVIDE (__init_array_end, ABSOLUTE (.))
                0x000000000104f734                PROVIDE (__fini_array_start, ABSOLUTE (.))
 *(.fini_array)
                0x000000000104f734                PROVIDE (__fini_array_end, ABSOLUTE (.))
 *(.eh_frame)
 *(.gcc_except_table .gcc_except_table.*)
 *(.dynamic)
                0x000000000104f734                PROVIDE (__CTOR_LIST__, ABSOLUTE (.))
 *(.ctors)
 *(SORT(.ctors.*))
                0x000000000104f734                PROVIDE (__CTOR_END__, ABSOLUTE (.))
                0x000000000104f734                PROVIDE (__DTOR_LIST__, ABSOLUTE (.))
 *(.dtors)
 *(SORT(.dtors.*))
                0x000000000104f734                PROVIDE (__DTOR_END__, ABSOLUTE (.))
 *(.jcr)
                0x000000000104f734                . = ALIGN (0x4)

.rodata         0x000000000104f734      0x35c
                0x000000000104f734                PROVIDE (__ram_rodata_start, ABSOLUTE (.))
                0x000000000104f734                . = ALIGN (0x4)
 *(.rodata .rodata.* .gnu.linkonce.r.*)
 .rodata        0x000000000104f734       0x64 obj/default/main.o
 .rodata        0x000000000104f798      0x100 d:/altera/15.0.0.130/nios2eds/bin/gnu/h-x86_64-mingw32/bin/../lib/gcc/nios2-elf/4.9.1\libgcc.a(_clz.o)
                0x000000000104f798                __clz_tab
 .rodata.str1.4
                0x000000000104f898        0x2 d:/altera/15.0.0.130/nios2eds/bin/gnu/h-x86_64-mingw32/bin/../lib/gcc/nios2-elf/4.9.1/../../../../../H-x86_64-mingw32/nios2-elf/lib\libc.a(lib_a-puts.o)
                                          0x4 (size before relaxing)
 *fill*         0x000000000104f89a        0x2 
 .rodata.str1.4
                0x000000000104f89c       0x42 d:/altera/15.0.0.130/nios2eds/bin/gnu/h-x86_64-mingw32/bin/../lib/gcc/nios2-elf/4.9.1/../../../../../H-x86_64-mingw32/nios2-elf/lib\libc.a(lib_a-vfprintf.o)
                                         0x44 (size before relaxing)
 .rodata        0x000000000104f8de       0x20 d:/altera/15.0.0.130/nios2eds/bin/gnu/h-x86_64-mingw32/bin/../lib/gcc/nios2-elf/4.9.1/../../../../../H-x86_64-mingw32/nios2-elf/lib\libc.a(lib_a-vfprintf.o)
 *fill*         0x000000000104f8fe        0x2 
 .rodata.str1.4
                0x000000000104f900       0x10 d:/altera/15.0.0.130/nios2eds/bin/gnu/h-x86_64-mingw32/bin/../lib/gcc/nios2-elf/4.9.1/../../../../../H-x86_64-mingw32/nios2-elf/lib\libc.a(lib_a-dtoa.o)
                                         0x14 (size before relaxing)
 .rodata.str1.4
                0x000000000104f910        0x2 d:/altera/15.0.0.130/nios2eds/bin/gnu/h-x86_64-mingw32/bin/../lib/gcc/nios2-elf/4.9.1/../../../../../H-x86_64-mingw32/nios2-elf/lib\libc.a(lib_a-impure.o)
                                          0x4 (size before relaxing)
 *fill*         0x000000000104f912        0x2 
 .rodata.str1.4
                0x000000000104f914        0xc d:/altera/15.0.0.130/nios2eds/bin/gnu/h-x86_64-mingw32/bin/../lib/gcc/nios2-elf/4.9.1/../../../../../H-x86_64-mingw32/nios2-elf/lib\libc.a(lib_a-locale.o)
                                         0x14 (size before relaxing)
 .rodata        0x000000000104f920      0x124 d:/altera/15.0.0.130/nios2eds/bin/gnu/h-x86_64-mingw32/bin/../lib/gcc/nios2-elf/4.9.1/../../../../../H-x86_64-mingw32/nios2-elf/lib\libc.a(lib_a-mprec.o)
                0x000000000104f92c                __mprec_tinytens
                0x000000000104f954                __mprec_bigtens
                0x000000000104f97c                __mprec_tens
 .rodata.str1.4
                0x0000000000000000       0x30 d:/altera/15.0.0.130/nios2eds/bin/gnu/h-x86_64-mingw32/bin/../lib/gcc/nios2-elf/4.9.1/../../../../../H-x86_64-mingw32/nios2-elf/lib\libc.a(lib_a-vfiprintf.o)
 .rodata        0x000000000104fa44       0x20 d:/altera/15.0.0.130/nios2eds/bin/gnu/h-x86_64-mingw32/bin/../lib/gcc/nios2-elf/4.9.1/../../../../../H-x86_64-mingw32/nios2-elf/lib\libc.a(lib_a-vfiprintf.o)
 .rodata        0x000000000104fa64        0xc ../DECA_TEMP_bsp/\libhal_bsp.a(alt_dev.o)
 .rodata        0x000000000104fa70       0x10 ../DECA_TEMP_bsp/\libhal_bsp.a(alt_main.o)
 .rodata        0x000000000104fa80       0x10 ../DECA_TEMP_bsp/\libhal_bsp.a(alt_sys_init.o)
 *(.rodata1)
                0x000000000104fa90                . = ALIGN (0x4)
                0x000000000104fa90                PROVIDE (__ram_rodata_end, ABSOLUTE (.))
                0x000000000104f734                PROVIDE (__flash_rodata_start, LOADADDR (.rodata))

.rwdata         0x000000000104fa90     0x1aec load address 0x000000000105157c
                0x000000000104fa90                PROVIDE (__ram_rwdata_start, ABSOLUTE (.))
                0x000000000104fa90                . = ALIGN (0x4)
 *(.got.plt)
 *(.got)
 *(.data1)
 *(.data .data.* .gnu.linkonce.d.*)
 .data          0x000000000104fa90        0x0 ../DECA_TEMP_bsp//obj/HAL/src/crt0.o
 .data          0x000000000104fa90        0x0 obj/default/main.o
 .data          0x000000000104fa90        0x0 d:/altera/15.0.0.130/nios2eds/bin/gnu/h-x86_64-mingw32/bin/../lib/gcc/nios2-elf/4.9.1\libgcc.a(mulsf3.o)
 .data          0x000000000104fa90        0x0 d:/altera/15.0.0.130/nios2eds/bin/gnu/h-x86_64-mingw32/bin/../lib/gcc/nios2-elf/4.9.1\libgcc.a(floatunsisf.o)
 .data          0x000000000104fa90        0x0 d:/altera/15.0.0.130/nios2eds/bin/gnu/h-x86_64-mingw32/bin/../lib/gcc/nios2-elf/4.9.1\libgcc.a(extendsfdf2.o)
 .data          0x000000000104fa90        0x0 d:/altera/15.0.0.130/nios2eds/bin/gnu/h-x86_64-mingw32/bin/../lib/gcc/nios2-elf/4.9.1\libgcc.a(_clzsi2.o)
 .data          0x000000000104fa90        0x0 d:/altera/15.0.0.130/nios2eds/bin/gnu/h-x86_64-mingw32/bin/../lib/gcc/nios2-elf/4.9.1\libgcc.a(_clz.o)
 .data          0x000000000104fa90        0x0 d:/altera/15.0.0.130/nios2eds/bin/gnu/h-x86_64-mingw32/bin/../lib/gcc/nios2-elf/4.9.1/../../../../../H-x86_64-mingw32/nios2-elf/lib\libc.a(lib_a-printf.o)
 .data          0x000000000104fa90        0x0 d:/altera/15.0.0.130/nios2eds/bin/gnu/h-x86_64-mingw32/bin/../lib/gcc/nios2-elf/4.9.1/../../../../../H-x86_64-mingw32/nios2-elf/lib\libc.a(lib_a-puts.o)
 .data          0x000000000104fa90        0x0 d:/altera/15.0.0.130/nios2eds/bin/gnu/h-x86_64-mingw32/bin/../lib/gcc/nios2-elf/4.9.1/../../../../../H-x86_64-mingw32/nios2-elf/lib\libc.a(lib_a-strlen.o)
 .data          0x000000000104fa90        0x0 d:/altera/15.0.0.130/nios2eds/bin/gnu/h-x86_64-mingw32/bin/../lib/gcc/nios2-elf/4.9.1/../../../../../H-x86_64-mingw32/nios2-elf/lib\libc.a(lib_a-vfprintf.o)
 .data          0x000000000104fa90        0x0 d:/altera/15.0.0.130/nios2eds/bin/gnu/h-x86_64-mingw32/bin/../lib/gcc/nios2-elf/4.9.1/../../../../../H-x86_64-mingw32/nios2-elf/lib\libc.a(lib_a-wsetup.o)
 .data          0x000000000104fa90        0x0 d:/altera/15.0.0.130/nios2eds/bin/gnu/h-x86_64-mingw32/bin/../lib/gcc/nios2-elf/4.9.1/../../../../../H-x86_64-mingw32/nios2-elf/lib\libc.a(lib_a-dtoa.o)
 .data          0x000000000104fa90        0x0 d:/altera/15.0.0.130/nios2eds/bin/gnu/h-x86_64-mingw32/bin/../lib/gcc/nios2-elf/4.9.1/../../../../../H-x86_64-mingw32/nios2-elf/lib\libc.a(lib_a-fflush.o)
 .data          0x000000000104fa90        0x0 d:/altera/15.0.0.130/nios2eds/bin/gnu/h-x86_64-mingw32/bin/../lib/gcc/nios2-elf/4.9.1/../../../../../H-x86_64-mingw32/nios2-elf/lib\libc.a(lib_a-findfp.o)
 .data          0x000000000104fa90        0x0 d:/altera/15.0.0.130/nios2eds/bin/gnu/h-x86_64-mingw32/bin/../lib/gcc/nios2-elf/4.9.1/../../../../../H-x86_64-mingw32/nios2-elf/lib\libc.a(lib_a-freer.o)
 .data          0x000000000104fa90        0x0 d:/altera/15.0.0.130/nios2eds/bin/gnu/h-x86_64-mingw32/bin/../lib/gcc/nios2-elf/4.9.1/../../../../../H-x86_64-mingw32/nios2-elf/lib\libc.a(lib_a-fvwrite.o)
 .data          0x000000000104fa90        0x0 d:/altera/15.0.0.130/nios2eds/bin/gnu/h-x86_64-mingw32/bin/../lib/gcc/nios2-elf/4.9.1/../../../../../H-x86_64-mingw32/nios2-elf/lib\libc.a(lib_a-fwalk.o)
 .data          0x000000000104fa90      0x424 d:/altera/15.0.0.130/nios2eds/bin/gnu/h-x86_64-mingw32/bin/../lib/gcc/nios2-elf/4.9.1/../../../../../H-x86_64-mingw32/nios2-elf/lib\libc.a(lib_a-impure.o)
 .data          0x000000000104feb4       0x78 d:/altera/15.0.0.130/nios2eds/bin/gnu/h-x86_64-mingw32/bin/../lib/gcc/nios2-elf/4.9.1/../../../../../H-x86_64-mingw32/nios2-elf/lib\libc.a(lib_a-locale.o)
 .data          0x000000000104ff2c        0x0 d:/altera/15.0.0.130/nios2eds/bin/gnu/h-x86_64-mingw32/bin/../lib/gcc/nios2-elf/4.9.1/../../../../../H-x86_64-mingw32/nios2-elf/lib\libc.a(lib_a-makebuf.o)
 .data          0x000000000104ff2c      0x408 d:/altera/15.0.0.130/nios2eds/bin/gnu/h-x86_64-mingw32/bin/../lib/gcc/nios2-elf/4.9.1/../../../../../H-x86_64-mingw32/nios2-elf/lib\libc.a(lib_a-mallocr.o)
                0x000000000104ff2c                __malloc_av_
 .data          0x0000000001050334        0x0 d:/altera/15.0.0.130/nios2eds/bin/gnu/h-x86_64-mingw32/bin/../lib/gcc/nios2-elf/4.9.1/../../../../../H-x86_64-mingw32/nios2-elf/lib\libc.a(lib_a-memchr.o)
 .data          0x0000000001050334        0x0 d:/altera/15.0.0.130/nios2eds/bin/gnu/h-x86_64-mingw32/bin/../lib/gcc/nios2-elf/4.9.1/../../../../../H-x86_64-mingw32/nios2-elf/lib\libc.a(lib_a-memcpy.o)
 .data          0x0000000001050334        0x0 d:/altera/15.0.0.130/nios2eds/bin/gnu/h-x86_64-mingw32/bin/../lib/gcc/nios2-elf/4.9.1/../../../../../H-x86_64-mingw32/nios2-elf/lib\libc.a(lib_a-memmove.o)
 .data          0x0000000001050334        0x0 d:/altera/15.0.0.130/nios2eds/bin/gnu/h-x86_64-mingw32/bin/../lib/gcc/nios2-elf/4.9.1/../../../../../H-x86_64-mingw32/nios2-elf/lib\libc.a(lib_a-memset.o)
 .data          0x0000000001050334        0x0 d:/altera/15.0.0.130/nios2eds/bin/gnu/h-x86_64-mingw32/bin/../lib/gcc/nios2-elf/4.9.1/../../../../../H-x86_64-mingw32/nios2-elf/lib\libc.a(lib_a-mprec.o)
 .data          0x0000000001050334        0x0 d:/altera/15.0.0.130/nios2eds/bin/gnu/h-x86_64-mingw32/bin/../lib/gcc/nios2-elf/4.9.1/../../../../../H-x86_64-mingw32/nios2-elf/lib\libc.a(lib_a-reallocr.o)
 .data          0x0000000001050334        0x0 d:/altera/15.0.0.130/nios2eds/bin/gnu/h-x86_64-mingw32/bin/../lib/gcc/nios2-elf/4.9.1/../../../../../H-x86_64-mingw32/nios2-elf/lib\libc.a(lib_a-s_fpclassify.o)
 .data          0x0000000001050334        0x0 d:/altera/15.0.0.130/nios2eds/bin/gnu/h-x86_64-mingw32/bin/../lib/gcc/nios2-elf/4.9.1/../../../../../H-x86_64-mingw32/nios2-elf/lib\libc.a(lib_a-sbrkr.o)
 .data          0x0000000001050334        0x0 d:/altera/15.0.0.130/nios2eds/bin/gnu/h-x86_64-mingw32/bin/../lib/gcc/nios2-elf/4.9.1/../../../../../H-x86_64-mingw32/nios2-elf/lib\libc.a(lib_a-stdio.o)
 .data          0x0000000001050334        0x0 d:/altera/15.0.0.130/nios2eds/bin/gnu/h-x86_64-mingw32/bin/../lib/gcc/nios2-elf/4.9.1/../../../../../H-x86_64-mingw32/nios2-elf/lib\libc.a(lib_a-strcmp.o)
 .data          0x0000000001050334        0x0 d:/altera/15.0.0.130/nios2eds/bin/gnu/h-x86_64-mingw32/bin/../lib/gcc/nios2-elf/4.9.1/../../../../../H-x86_64-mingw32/nios2-elf/lib\libc.a(lib_a-vfiprintf.o)
 .data          0x0000000001050334        0x0 d:/altera/15.0.0.130/nios2eds/bin/gnu/h-x86_64-mingw32/bin/../lib/gcc/nios2-elf/4.9.1/../../../../../H-x86_64-mingw32/nios2-elf/lib\libc.a(lib_a-writer.o)
 .data          0x0000000001050334        0x0 d:/altera/15.0.0.130/nios2eds/bin/gnu/h-x86_64-mingw32/bin/../lib/gcc/nios2-elf/4.9.1/../../../../../H-x86_64-mingw32/nios2-elf/lib\libc.a(closer.o)
 .data          0x0000000001050334        0x0 d:/altera/15.0.0.130/nios2eds/bin/gnu/h-x86_64-mingw32/bin/../lib/gcc/nios2-elf/4.9.1/../../../../../H-x86_64-mingw32/nios2-elf/lib\libc.a(lib_a-callocr.o)
 .data          0x0000000001050334        0x0 d:/altera/15.0.0.130/nios2eds/bin/gnu/h-x86_64-mingw32/bin/../lib/gcc/nios2-elf/4.9.1/../../../../../H-x86_64-mingw32/nios2-elf/lib\libc.a(lib_a-fclose.o)
 .data          0x0000000001050334        0x0 d:/altera/15.0.0.130/nios2eds/bin/gnu/h-x86_64-mingw32/bin/../lib/gcc/nios2-elf/4.9.1/../../../../../H-x86_64-mingw32/nios2-elf/lib\libc.a(lib_a-fputwc.o)
 .data          0x0000000001050334        0x0 d:/altera/15.0.0.130/nios2eds/bin/gnu/h-x86_64-mingw32/bin/../lib/gcc/nios2-elf/4.9.1/../../../../../H-x86_64-mingw32/nios2-elf/lib\libc.a(lib_a-fstatr.o)
 .data          0x0000000001050334        0x0 d:/altera/15.0.0.130/nios2eds/bin/gnu/h-x86_64-mingw32/bin/../lib/gcc/nios2-elf/4.9.1/../../../../../H-x86_64-mingw32/nios2-elf/lib\libc.a(lib_a-int_errno.o)
 .data          0x0000000001050334        0x0 d:/altera/15.0.0.130/nios2eds/bin/gnu/h-x86_64-mingw32/bin/../lib/gcc/nios2-elf/4.9.1/../../../../../H-x86_64-mingw32/nios2-elf/lib\libc.a(lib_a-isattyr.o)
 .data          0x0000000001050334        0x0 d:/altera/15.0.0.130/nios2eds/bin/gnu/h-x86_64-mingw32/bin/../lib/gcc/nios2-elf/4.9.1/../../../../../H-x86_64-mingw32/nios2-elf/lib\libc.a(lib_a-lseekr.o)
 .data          0x0000000001050334        0x0 d:/altera/15.0.0.130/nios2eds/bin/gnu/h-x86_64-mingw32/bin/../lib/gcc/nios2-elf/4.9.1/../../../../../H-x86_64-mingw32/nios2-elf/lib\libc.a(lib_a-readr.o)
 .data          0x0000000001050334        0x0 d:/altera/15.0.0.130/nios2eds/bin/gnu/h-x86_64-mingw32/bin/../lib/gcc/nios2-elf/4.9.1/../../../../../H-x86_64-mingw32/nios2-elf/lib\libc.a(lib_a-wbuf.o)
 .data          0x0000000001050334        0x0 d:/altera/15.0.0.130/nios2eds/bin/gnu/h-x86_64-mingw32/bin/../lib/gcc/nios2-elf/4.9.1/../../../../../H-x86_64-mingw32/nios2-elf/lib\libc.a(lib_a-wcrtomb.o)
 .data          0x0000000001050334        0x0 d:/altera/15.0.0.130/nios2eds/bin/gnu/h-x86_64-mingw32/bin/../lib/gcc/nios2-elf/4.9.1/../../../../../H-x86_64-mingw32/nios2-elf/lib\libc.a(lib_a-wctomb_r.o)
 .data          0x0000000001050334        0x0 d:/altera/15.0.0.130/nios2eds/bin/gnu/h-x86_64-mingw32/bin/../lib/gcc/nios2-elf/4.9.1\libgcc.a(_udivdi3.o)
 .data          0x0000000001050334        0x0 d:/altera/15.0.0.130/nios2eds/bin/gnu/h-x86_64-mingw32/bin/../lib/gcc/nios2-elf/4.9.1\libgcc.a(_umoddi3.o)
 .data          0x0000000001050334        0x0 d:/altera/15.0.0.130/nios2eds/bin/gnu/h-x86_64-mingw32/bin/../lib/gcc/nios2-elf/4.9.1\libgcc.a(lib2-divmod.o)
 .data          0x0000000001050334        0x0 d:/altera/15.0.0.130/nios2eds/bin/gnu/h-x86_64-mingw32/bin/../lib/gcc/nios2-elf/4.9.1\libgcc.a(adddf3.o)
 .data          0x0000000001050334        0x0 d:/altera/15.0.0.130/nios2eds/bin/gnu/h-x86_64-mingw32/bin/../lib/gcc/nios2-elf/4.9.1\libgcc.a(divdf3.o)
 .data          0x0000000001050334        0x0 d:/altera/15.0.0.130/nios2eds/bin/gnu/h-x86_64-mingw32/bin/../lib/gcc/nios2-elf/4.9.1\libgcc.a(eqdf2.o)
 .data          0x0000000001050334        0x0 d:/altera/15.0.0.130/nios2eds/bin/gnu/h-x86_64-mingw32/bin/../lib/gcc/nios2-elf/4.9.1\libgcc.a(gedf2.o)
 .data          0x0000000001050334        0x0 d:/altera/15.0.0.130/nios2eds/bin/gnu/h-x86_64-mingw32/bin/../lib/gcc/nios2-elf/4.9.1\libgcc.a(ledf2.o)
 .data          0x0000000001050334        0x0 d:/altera/15.0.0.130/nios2eds/bin/gnu/h-x86_64-mingw32/bin/../lib/gcc/nios2-elf/4.9.1\libgcc.a(muldf3.o)
 .data          0x0000000001050334        0x0 d:/altera/15.0.0.130/nios2eds/bin/gnu/h-x86_64-mingw32/bin/../lib/gcc/nios2-elf/4.9.1\libgcc.a(subdf3.o)
 .data          0x0000000001050334        0x0 d:/altera/15.0.0.130/nios2eds/bin/gnu/h-x86_64-mingw32/bin/../lib/gcc/nios2-elf/4.9.1\libgcc.a(fixdfsi.o)
 .data          0x0000000001050334        0x0 d:/altera/15.0.0.130/nios2eds/bin/gnu/h-x86_64-mingw32/bin/../lib/gcc/nios2-elf/4.9.1\libgcc.a(floatsidf.o)
 .data          0x0000000001050334        0x0 d:/altera/15.0.0.130/nios2eds/bin/gnu/h-x86_64-mingw32/bin/../lib/gcc/nios2-elf/4.9.1\libgcc.a(floatunsidf.o)
 .data          0x0000000001050334        0x0 ../DECA_TEMP_bsp/\libhal_bsp.a(alt_close.o)
 .data          0x0000000001050334      0x1a8 ../DECA_TEMP_bsp/\libhal_bsp.a(alt_dev.o)
                0x0000000001050334                alt_dev_null
                0x000000000105035c                alt_fd_list
 .data          0x00000000010504dc        0x0 ../DECA_TEMP_bsp/\libhal_bsp.a(alt_errno.o)
 .data          0x00000000010504dc        0x0 ../DECA_TEMP_bsp/\libhal_bsp.a(alt_fstat.o)
 .data          0x00000000010504dc        0x0 ../DECA_TEMP_bsp/\libhal_bsp.a(alt_isatty.o)
 .data          0x00000000010504dc        0x0 ../DECA_TEMP_bsp/\libhal_bsp.a(alt_load.o)
 .data          0x00000000010504dc        0x0 ../DECA_TEMP_bsp/\libhal_bsp.a(alt_lseek.o)
 .data          0x00000000010504dc        0x0 ../DECA_TEMP_bsp/\libhal_bsp.a(alt_main.o)
 .data          0x00000000010504dc        0x0 ../DECA_TEMP_bsp/\libhal_bsp.a(alt_malloc_lock.o)
 .data          0x00000000010504dc        0x0 ../DECA_TEMP_bsp/\libhal_bsp.a(alt_read.o)
 .data          0x00000000010504dc        0x0 ../DECA_TEMP_bsp/\libhal_bsp.a(alt_release_fd.o)
 .data          0x00000000010504dc        0x0 ../DECA_TEMP_bsp/\libhal_bsp.a(alt_sbrk.o)
 .data          0x00000000010504dc        0x0 ../DECA_TEMP_bsp/\libhal_bsp.a(alt_usleep.o)
 .data          0x00000000010504dc        0x0 ../DECA_TEMP_bsp/\libhal_bsp.a(alt_write.o)
 .data          0x00000000010504dc     0x1060 ../DECA_TEMP_bsp/\libhal_bsp.a(alt_sys_init.o)
 .data          0x000000000105153c        0x0 ../DECA_TEMP_bsp/\libhal_bsp.a(altera_avalon_jtag_uart_fd.o)
 .data          0x000000000105153c        0x0 ../DECA_TEMP_bsp/\libhal_bsp.a(altera_avalon_jtag_uart_init.o)
 .data          0x000000000105153c        0x0 ../DECA_TEMP_bsp/\libhal_bsp.a(altera_avalon_jtag_uart_ioctl.o)
 .data          0x000000000105153c        0x0 ../DECA_TEMP_bsp/\libhal_bsp.a(altera_avalon_jtag_uart_read.o)
 .data          0x000000000105153c        0x0 ../DECA_TEMP_bsp/\libhal_bsp.a(altera_avalon_jtag_uart_write.o)
 .data          0x000000000105153c        0x0 ../DECA_TEMP_bsp/\libhal_bsp.a(altera_avalon_timer_sc.o)
 .data          0x000000000105153c        0x0 ../DECA_TEMP_bsp/\libhal_bsp.a(alt_alarm_start.o)
 .data          0x000000000105153c        0x0 ../DECA_TEMP_bsp/\libhal_bsp.a(alt_busy_sleep.o)
 .data          0x000000000105153c        0x0 ../DECA_TEMP_bsp/\libhal_bsp.a(alt_dcache_flush_all.o)
 .data          0x000000000105153c        0x0 ../DECA_TEMP_bsp/\libhal_bsp.a(alt_dev_llist_insert.o)
 .data          0x000000000105153c        0x0 ../DECA_TEMP_bsp/\libhal_bsp.a(alt_do_ctors.o)
 .data          0x000000000105153c        0x0 ../DECA_TEMP_bsp/\libhal_bsp.a(alt_do_dtors.o)
 .data          0x000000000105153c        0x0 ../DECA_TEMP_bsp/\libhal_bsp.a(alt_icache_flush_all.o)
 .data          0x000000000105153c        0x0 ../DECA_TEMP_bsp/\libhal_bsp.a(alt_iic.o)
 .data          0x000000000105153c        0x0 ../DECA_TEMP_bsp/\libhal_bsp.a(alt_iic_isr_register.o)
 .data          0x000000000105153c        0x0 ../DECA_TEMP_bsp/\libhal_bsp.a(alt_io_redirect.o)
 .data          0x000000000105153c        0x0 ../DECA_TEMP_bsp/\libhal_bsp.a(alt_irq_entry.o)
 .data          0x000000000105153c        0x0 ../DECA_TEMP_bsp/\libhal_bsp.a(alt_irq_handler.o)
 .data          0x000000000105153c        0x0 ../DECA_TEMP_bsp/\libhal_bsp.a(alt_irq_vars.o)
 .data          0x000000000105153c        0x0 ../DECA_TEMP_bsp/\libhal_bsp.a(alt_open.o)
 .data          0x000000000105153c        0x0 ../DECA_TEMP_bsp/\libhal_bsp.a(alt_tick.o)
 .data          0x000000000105153c        0x0 ../DECA_TEMP_bsp/\libhal_bsp.a(altera_nios2_gen2_irq.o)
 .data          0x000000000105153c        0x0 ../DECA_TEMP_bsp/\libhal_bsp.a(alt_exception_entry.o)
 .data          0x000000000105153c        0x0 ../DECA_TEMP_bsp/\libhal_bsp.a(alt_find_dev.o)
 .data          0x000000000105153c        0x0 ../DECA_TEMP_bsp/\libhal_bsp.a(alt_find_file.o)
 .data          0x000000000105153c        0x0 ../DECA_TEMP_bsp/\libhal_bsp.a(alt_get_fd.o)
 .data          0x000000000105153c        0x0 ../DECA_TEMP_bsp/\libhal_bsp.a(alt_icache_flush.o)
 .data          0x000000000105153c        0x0 ../DECA_TEMP_bsp/\libhal_bsp.a(alt_instruction_exception_entry.o)
 .data          0x000000000105153c        0x0 d:/altera/15.0.0.130/nios2eds/bin/gnu/h-x86_64-mingw32/bin/../lib/gcc/nios2-elf/4.9.1/../../../../../H-x86_64-mingw32/nios2-elf/lib\libc.a(lib_a-atexit.o)
 .data          0x000000000105153c        0x0 d:/altera/15.0.0.130/nios2eds/bin/gnu/h-x86_64-mingw32/bin/../lib/gcc/nios2-elf/4.9.1/../../../../../H-x86_64-mingw32/nios2-elf/lib\libc.a(lib_a-exit.o)
 .data          0x000000000105153c        0x0 d:/altera/15.0.0.130/nios2eds/bin/gnu/h-x86_64-mingw32/bin/../lib/gcc/nios2-elf/4.9.1/../../../../../H-x86_64-mingw32/nios2-elf/lib\libc.a(lib_a-memcmp.o)
 .data          0x000000000105153c        0x0 d:/altera/15.0.0.130/nios2eds/bin/gnu/h-x86_64-mingw32/bin/../lib/gcc/nios2-elf/4.9.1/../../../../../H-x86_64-mingw32/nios2-elf/lib\libc.a(lib_a-__atexit.o)
 .data          0x000000000105153c        0x0 d:/altera/15.0.0.130/nios2eds/bin/gnu/h-x86_64-mingw32/bin/../lib/gcc/nios2-elf/4.9.1/../../../../../H-x86_64-mingw32/nios2-elf/lib\libc.a(lib_a-__call_atexit.o)
 .data          0x000000000105153c        0x0 ../DECA_TEMP_bsp/\libhal_bsp.a(alt_exit.o)
                0x000000000105953c                _gp = ABSOLUTE ((. + 0x8000))
                0x000000000105953c                PROVIDE (gp, _gp)
 *(.rwdata .rwdata.*)
 *(.sdata .sdata.* .gnu.linkonce.s.*)
 .sdata         0x000000000105153c        0x8 d:/altera/15.0.0.130/nios2eds/bin/gnu/h-x86_64-mingw32/bin/../lib/gcc/nios2-elf/4.9.1/../../../../../H-x86_64-mingw32/nios2-elf/lib\libc.a(lib_a-impure.o)
                0x000000000105153c                _global_impure_ptr
                0x0000000001051540                _impure_ptr
 .sdata         0x0000000001051544        0x4 d:/altera/15.0.0.130/nios2eds/bin/gnu/h-x86_64-mingw32/bin/../lib/gcc/nios2-elf/4.9.1/../../../../../H-x86_64-mingw32/nios2-elf/lib\libc.a(lib_a-locale.o)
                0x0000000001051544                __mb_cur_max
 .sdata         0x0000000001051548        0x8 d:/altera/15.0.0.130/nios2eds/bin/gnu/h-x86_64-mingw32/bin/../lib/gcc/nios2-elf/4.9.1/../../../../../H-x86_64-mingw32/nios2-elf/lib\libc.a(lib_a-mallocr.o)
                0x0000000001051548                __malloc_sbrk_base
                0x000000000105154c                __malloc_trim_threshold
 .sdata         0x0000000001051550        0x4 d:/altera/15.0.0.130/nios2eds/bin/gnu/h-x86_64-mingw32/bin/../lib/gcc/nios2-elf/4.9.1/../../../../../H-x86_64-mingw32/nios2-elf/lib\libc.a(lib_a-wctomb_r.o)
                0x0000000001051550                __wctomb
 .sdata         0x0000000001051554       0x14 ../DECA_TEMP_bsp/\libhal_bsp.a(alt_dev.o)
                0x0000000001051554                alt_fs_list
                0x000000000105155c                alt_dev_list
                0x0000000001051564                alt_max_fd
 .sdata         0x0000000001051568        0x4 ../DECA_TEMP_bsp/\libhal_bsp.a(alt_errno.o)
                0x0000000001051568                alt_errno
 .sdata         0x000000000105156c        0x4 ../DECA_TEMP_bsp/\libhal_bsp.a(alt_sbrk.o)
 .sdata         0x0000000001051570        0x4 ../DECA_TEMP_bsp/\libhal_bsp.a(alt_irq_vars.o)
                0x0000000001051570                alt_priority_mask
 .sdata         0x0000000001051574        0x8 ../DECA_TEMP_bsp/\libhal_bsp.a(alt_tick.o)
                0x0000000001051574                alt_alarm_list
 *(.sdata2 .sdata2.* .gnu.linkonce.s2.*)
                0x000000000105157c                . = ALIGN (0x4)
                0x000000000105157c                _edata = ABSOLUTE (.)
                0x000000000105157c                PROVIDE (edata, ABSOLUTE (.))
                0x000000000105157c                PROVIDE (__ram_rwdata_end, ABSOLUTE (.))
                0x000000000105157c                PROVIDE (__flash_rwdata_start, LOADADDR (.rwdata))

.bss            0x0000000001053068      0x160
                0x0000000001053068                __bss_start = ABSOLUTE (.)
                0x0000000001053068                PROVIDE (__sbss_start, ABSOLUTE (.))
                0x0000000001053068                PROVIDE (___sbss_start, ABSOLUTE (.))
 *(.dynsbss)
 *(.sbss .sbss.* .gnu.linkonce.sb.*)
 .sbss          0x0000000001053068        0xc d:/altera/15.0.0.130/nios2eds/bin/gnu/h-x86_64-mingw32/bin/../lib/gcc/nios2-elf/4.9.1/../../../../../H-x86_64-mingw32/nios2-elf/lib\libc.a(lib_a-locale.o)
                0x0000000001053068                _PathLocale
                0x000000000105306c                __mlocale_changed
                0x0000000001053070                __nlocale_changed
 .sbss          0x0000000001053074        0xc d:/altera/15.0.0.130/nios2eds/bin/gnu/h-x86_64-mingw32/bin/../lib/gcc/nios2-elf/4.9.1/../../../../../H-x86_64-mingw32/nios2-elf/lib\libc.a(lib_a-mallocr.o)
                0x0000000001053074                __malloc_max_total_mem
                0x0000000001053078                __malloc_max_sbrked_mem
                0x000000000105307c                __malloc_top_pad
 .sbss          0x0000000001053080        0x4 d:/altera/15.0.0.130/nios2eds/bin/gnu/h-x86_64-mingw32/bin/../lib/gcc/nios2-elf/4.9.1/../../../../../H-x86_64-mingw32/nios2-elf/lib\libc.a(lib_a-int_errno.o)
                0x0000000001053080                errno
 .sbss          0x0000000001053084        0xc ../DECA_TEMP_bsp/\libhal_bsp.a(alt_main.o)
                0x0000000001053084                alt_argc
                0x0000000001053088                alt_argv
                0x000000000105308c                alt_envp
 .sbss          0x0000000001053090        0x4 ../DECA_TEMP_bsp/\libhal_bsp.a(alt_irq_vars.o)
                0x0000000001053090                alt_irq_active
 .sbss          0x0000000001053094        0x8 ../DECA_TEMP_bsp/\libhal_bsp.a(alt_tick.o)
                0x0000000001053094                _alt_tick_rate
                0x0000000001053098                _alt_nticks
 .sbss          0x000000000105309c        0x4 ../DECA_TEMP_bsp/\libhal_bsp.a(alt_instruction_exception_entry.o)
                0x000000000105309c                alt_instruction_exception_handler
 *(.sbss2 .sbss2.* .gnu.linkonce.sb2.*)
 *(.scommon)
                0x00000000010530a0                PROVIDE (__sbss_end, ABSOLUTE (.))
                0x00000000010530a0                PROVIDE (___sbss_end, ABSOLUTE (.))
 *(.dynbss)
 *(.bss .bss.* .gnu.linkonce.b.*)
 .bss           0x00000000010530a0        0x0 ../DECA_TEMP_bsp//obj/HAL/src/crt0.o
 .bss           0x00000000010530a0        0x0 obj/default/main.o
 .bss           0x00000000010530a0        0x0 d:/altera/15.0.0.130/nios2eds/bin/gnu/h-x86_64-mingw32/bin/../lib/gcc/nios2-elf/4.9.1\libgcc.a(mulsf3.o)
 .bss           0x00000000010530a0        0x0 d:/altera/15.0.0.130/nios2eds/bin/gnu/h-x86_64-mingw32/bin/../lib/gcc/nios2-elf/4.9.1\libgcc.a(floatunsisf.o)
 .bss           0x00000000010530a0        0x0 d:/altera/15.0.0.130/nios2eds/bin/gnu/h-x86_64-mingw32/bin/../lib/gcc/nios2-elf/4.9.1\libgcc.a(extendsfdf2.o)
 .bss           0x00000000010530a0        0x0 d:/altera/15.0.0.130/nios2eds/bin/gnu/h-x86_64-mingw32/bin/../lib/gcc/nios2-elf/4.9.1\libgcc.a(_clzsi2.o)
 .bss           0x00000000010530a0        0x0 d:/altera/15.0.0.130/nios2eds/bin/gnu/h-x86_64-mingw32/bin/../lib/gcc/nios2-elf/4.9.1\libgcc.a(_clz.o)
 .bss           0x00000000010530a0        0x0 d:/altera/15.0.0.130/nios2eds/bin/gnu/h-x86_64-mingw32/bin/../lib/gcc/nios2-elf/4.9.1/../../../../../H-x86_64-mingw32/nios2-elf/lib\libc.a(lib_a-printf.o)
 .bss           0x00000000010530a0        0x0 d:/altera/15.0.0.130/nios2eds/bin/gnu/h-x86_64-mingw32/bin/../lib/gcc/nios2-elf/4.9.1/../../../../../H-x86_64-mingw32/nios2-elf/lib\libc.a(lib_a-puts.o)
 .bss           0x00000000010530a0        0x0 d:/altera/15.0.0.130/nios2eds/bin/gnu/h-x86_64-mingw32/bin/../lib/gcc/nios2-elf/4.9.1/../../../../../H-x86_64-mingw32/nios2-elf/lib\libc.a(lib_a-strlen.o)
 .bss           0x00000000010530a0        0x0 d:/altera/15.0.0.130/nios2eds/bin/gnu/h-x86_64-mingw32/bin/../lib/gcc/nios2-elf/4.9.1/../../../../../H-x86_64-mingw32/nios2-elf/lib\libc.a(lib_a-vfprintf.o)
 .bss           0x00000000010530a0        0x0 d:/altera/15.0.0.130/nios2eds/bin/gnu/h-x86_64-mingw32/bin/../lib/gcc/nios2-elf/4.9.1/../../../../../H-x86_64-mingw32/nios2-elf/lib\libc.a(lib_a-wsetup.o)
 .bss           0x00000000010530a0        0x0 d:/altera/15.0.0.130/nios2eds/bin/gnu/h-x86_64-mingw32/bin/../lib/gcc/nios2-elf/4.9.1/../../../../../H-x86_64-mingw32/nios2-elf/lib\libc.a(lib_a-dtoa.o)
 .bss           0x00000000010530a0        0x0 d:/altera/15.0.0.130/nios2eds/bin/gnu/h-x86_64-mingw32/bin/../lib/gcc/nios2-elf/4.9.1/../../../../../H-x86_64-mingw32/nios2-elf/lib\libc.a(lib_a-fflush.o)
 .bss           0x00000000010530a0        0x0 d:/altera/15.0.0.130/nios2eds/bin/gnu/h-x86_64-mingw32/bin/../lib/gcc/nios2-elf/4.9.1/../../../../../H-x86_64-mingw32/nios2-elf/lib\libc.a(lib_a-findfp.o)
 .bss           0x00000000010530a0        0x0 d:/altera/15.0.0.130/nios2eds/bin/gnu/h-x86_64-mingw32/bin/../lib/gcc/nios2-elf/4.9.1/../../../../../H-x86_64-mingw32/nios2-elf/lib\libc.a(lib_a-freer.o)
 .bss           0x00000000010530a0        0x0 d:/altera/15.0.0.130/nios2eds/bin/gnu/h-x86_64-mingw32/bin/../lib/gcc/nios2-elf/4.9.1/../../../../../H-x86_64-mingw32/nios2-elf/lib\libc.a(lib_a-fvwrite.o)
 .bss           0x00000000010530a0        0x0 d:/altera/15.0.0.130/nios2eds/bin/gnu/h-x86_64-mingw32/bin/../lib/gcc/nios2-elf/4.9.1/../../../../../H-x86_64-mingw32/nios2-elf/lib\libc.a(lib_a-fwalk.o)
 .bss           0x00000000010530a0        0x0 d:/altera/15.0.0.130/nios2eds/bin/gnu/h-x86_64-mingw32/bin/../lib/gcc/nios2-elf/4.9.1/../../../../../H-x86_64-mingw32/nios2-elf/lib\libc.a(lib_a-impure.o)
 .bss           0x00000000010530a0        0x0 d:/altera/15.0.0.130/nios2eds/bin/gnu/h-x86_64-mingw32/bin/../lib/gcc/nios2-elf/4.9.1/../../../../../H-x86_64-mingw32/nios2-elf/lib\libc.a(lib_a-locale.o)
 .bss           0x00000000010530a0        0x0 d:/altera/15.0.0.130/nios2eds/bin/gnu/h-x86_64-mingw32/bin/../lib/gcc/nios2-elf/4.9.1/../../../../../H-x86_64-mingw32/nios2-elf/lib\libc.a(lib_a-makebuf.o)
 .bss           0x00000000010530a0       0x28 d:/altera/15.0.0.130/nios2eds/bin/gnu/h-x86_64-mingw32/bin/../lib/gcc/nios2-elf/4.9.1/../../../../../H-x86_64-mingw32/nios2-elf/lib\libc.a(lib_a-mallocr.o)
                0x00000000010530a0                __malloc_current_mallinfo
 .bss           0x00000000010530c8        0x0 d:/altera/15.0.0.130/nios2eds/bin/gnu/h-x86_64-mingw32/bin/../lib/gcc/nios2-elf/4.9.1/../../../../../H-x86_64-mingw32/nios2-elf/lib\libc.a(lib_a-memchr.o)
 .bss           0x00000000010530c8        0x0 d:/altera/15.0.0.130/nios2eds/bin/gnu/h-x86_64-mingw32/bin/../lib/gcc/nios2-elf/4.9.1/../../../../../H-x86_64-mingw32/nios2-elf/lib\libc.a(lib_a-memcpy.o)
 .bss           0x00000000010530c8        0x0 d:/altera/15.0.0.130/nios2eds/bin/gnu/h-x86_64-mingw32/bin/../lib/gcc/nios2-elf/4.9.1/../../../../../H-x86_64-mingw32/nios2-elf/lib\libc.a(lib_a-memmove.o)
 .bss           0x00000000010530c8        0x0 d:/altera/15.0.0.130/nios2eds/bin/gnu/h-x86_64-mingw32/bin/../lib/gcc/nios2-elf/4.9.1/../../../../../H-x86_64-mingw32/nios2-elf/lib\libc.a(lib_a-memset.o)
 .bss           0x00000000010530c8        0x0 d:/altera/15.0.0.130/nios2eds/bin/gnu/h-x86_64-mingw32/bin/../lib/gcc/nios2-elf/4.9.1/../../../../../H-x86_64-mingw32/nios2-elf/lib\libc.a(lib_a-mprec.o)
 .bss           0x00000000010530c8        0x0 d:/altera/15.0.0.130/nios2eds/bin/gnu/h-x86_64-mingw32/bin/../lib/gcc/nios2-elf/4.9.1/../../../../../H-x86_64-mingw32/nios2-elf/lib\libc.a(lib_a-reallocr.o)
 .bss           0x00000000010530c8        0x0 d:/altera/15.0.0.130/nios2eds/bin/gnu/h-x86_64-mingw32/bin/../lib/gcc/nios2-elf/4.9.1/../../../../../H-x86_64-mingw32/nios2-elf/lib\libc.a(lib_a-s_fpclassify.o)
 .bss           0x00000000010530c8        0x0 d:/altera/15.0.0.130/nios2eds/bin/gnu/h-x86_64-mingw32/bin/../lib/gcc/nios2-elf/4.9.1/../../../../../H-x86_64-mingw32/nios2-elf/lib\libc.a(lib_a-sbrkr.o)
 .bss           0x00000000010530c8        0x0 d:/altera/15.0.0.130/nios2eds/bin/gnu/h-x86_64-mingw32/bin/../lib/gcc/nios2-elf/4.9.1/../../../../../H-x86_64-mingw32/nios2-elf/lib\libc.a(lib_a-stdio.o)
 .bss           0x00000000010530c8        0x0 d:/altera/15.0.0.130/nios2eds/bin/gnu/h-x86_64-mingw32/bin/../lib/gcc/nios2-elf/4.9.1/../../../../../H-x86_64-mingw32/nios2-elf/lib\libc.a(lib_a-strcmp.o)
 .bss           0x00000000010530c8        0x0 d:/altera/15.0.0.130/nios2eds/bin/gnu/h-x86_64-mingw32/bin/../lib/gcc/nios2-elf/4.9.1/../../../../../H-x86_64-mingw32/nios2-elf/lib\libc.a(lib_a-vfiprintf.o)
 .bss           0x00000000010530c8        0x0 d:/altera/15.0.0.130/nios2eds/bin/gnu/h-x86_64-mingw32/bin/../lib/gcc/nios2-elf/4.9.1/../../../../../H-x86_64-mingw32/nios2-elf/lib\libc.a(lib_a-writer.o)
 .bss           0x00000000010530c8        0x0 d:/altera/15.0.0.130/nios2eds/bin/gnu/h-x86_64-mingw32/bin/../lib/gcc/nios2-elf/4.9.1/../../../../../H-x86_64-mingw32/nios2-elf/lib\libc.a(closer.o)
 .bss           0x00000000010530c8        0x0 d:/altera/15.0.0.130/nios2eds/bin/gnu/h-x86_64-mingw32/bin/../lib/gcc/nios2-elf/4.9.1/../../../../../H-x86_64-mingw32/nios2-elf/lib\libc.a(lib_a-callocr.o)
 .bss           0x00000000010530c8        0x0 d:/altera/15.0.0.130/nios2eds/bin/gnu/h-x86_64-mingw32/bin/../lib/gcc/nios2-elf/4.9.1/../../../../../H-x86_64-mingw32/nios2-elf/lib\libc.a(lib_a-fclose.o)
 .bss           0x00000000010530c8        0x0 d:/altera/15.0.0.130/nios2eds/bin/gnu/h-x86_64-mingw32/bin/../lib/gcc/nios2-elf/4.9.1/../../../../../H-x86_64-mingw32/nios2-elf/lib\libc.a(lib_a-fputwc.o)
 .bss           0x00000000010530c8        0x0 d:/altera/15.0.0.130/nios2eds/bin/gnu/h-x86_64-mingw32/bin/../lib/gcc/nios2-elf/4.9.1/../../../../../H-x86_64-mingw32/nios2-elf/lib\libc.a(lib_a-fstatr.o)
 .bss           0x00000000010530c8        0x0 d:/altera/15.0.0.130/nios2eds/bin/gnu/h-x86_64-mingw32/bin/../lib/gcc/nios2-elf/4.9.1/../../../../../H-x86_64-mingw32/nios2-elf/lib\libc.a(lib_a-int_errno.o)
 .bss           0x00000000010530c8        0x0 d:/altera/15.0.0.130/nios2eds/bin/gnu/h-x86_64-mingw32/bin/../lib/gcc/nios2-elf/4.9.1/../../../../../H-x86_64-mingw32/nios2-elf/lib\libc.a(lib_a-isattyr.o)
 .bss           0x00000000010530c8        0x0 d:/altera/15.0.0.130/nios2eds/bin/gnu/h-x86_64-mingw32/bin/../lib/gcc/nios2-elf/4.9.1/../../../../../H-x86_64-mingw32/nios2-elf/lib\libc.a(lib_a-lseekr.o)
 .bss           0x00000000010530c8        0x0 d:/altera/15.0.0.130/nios2eds/bin/gnu/h-x86_64-mingw32/bin/../lib/gcc/nios2-elf/4.9.1/../../../../../H-x86_64-mingw32/nios2-elf/lib\libc.a(lib_a-readr.o)
 .bss           0x00000000010530c8        0x0 d:/altera/15.0.0.130/nios2eds/bin/gnu/h-x86_64-mingw32/bin/../lib/gcc/nios2-elf/4.9.1/../../../../../H-x86_64-mingw32/nios2-elf/lib\libc.a(lib_a-wbuf.o)
 .bss           0x00000000010530c8        0x0 d:/altera/15.0.0.130/nios2eds/bin/gnu/h-x86_64-mingw32/bin/../lib/gcc/nios2-elf/4.9.1/../../../../../H-x86_64-mingw32/nios2-elf/lib\libc.a(lib_a-wcrtomb.o)
 .bss           0x00000000010530c8        0x0 d:/altera/15.0.0.130/nios2eds/bin/gnu/h-x86_64-mingw32/bin/../lib/gcc/nios2-elf/4.9.1/../../../../../H-x86_64-mingw32/nios2-elf/lib\libc.a(lib_a-wctomb_r.o)
 .bss           0x00000000010530c8        0x0 d:/altera/15.0.0.130/nios2eds/bin/gnu/h-x86_64-mingw32/bin/../lib/gcc/nios2-elf/4.9.1\libgcc.a(_udivdi3.o)
 .bss           0x00000000010530c8        0x0 d:/altera/15.0.0.130/nios2eds/bin/gnu/h-x86_64-mingw32/bin/../lib/gcc/nios2-elf/4.9.1\libgcc.a(_umoddi3.o)
 .bss           0x00000000010530c8        0x0 d:/altera/15.0.0.130/nios2eds/bin/gnu/h-x86_64-mingw32/bin/../lib/gcc/nios2-elf/4.9.1\libgcc.a(lib2-divmod.o)
 .bss           0x00000000010530c8        0x0 d:/altera/15.0.0.130/nios2eds/bin/gnu/h-x86_64-mingw32/bin/../lib/gcc/nios2-elf/4.9.1\libgcc.a(adddf3.o)
 .bss           0x00000000010530c8        0x0 d:/altera/15.0.0.130/nios2eds/bin/gnu/h-x86_64-mingw32/bin/../lib/gcc/nios2-elf/4.9.1\libgcc.a(divdf3.o)
 .bss           0x00000000010530c8        0x0 d:/altera/15.0.0.130/nios2eds/bin/gnu/h-x86_64-mingw32/bin/../lib/gcc/nios2-elf/4.9.1\libgcc.a(eqdf2.o)
 .bss           0x00000000010530c8        0x0 d:/altera/15.0.0.130/nios2eds/bin/gnu/h-x86_64-mingw32/bin/../lib/gcc/nios2-elf/4.9.1\libgcc.a(gedf2.o)
 .bss           0x00000000010530c8        0x0 d:/altera/15.0.0.130/nios2eds/bin/gnu/h-x86_64-mingw32/bin/../lib/gcc/nios2-elf/4.9.1\libgcc.a(ledf2.o)
 .bss           0x00000000010530c8        0x0 d:/altera/15.0.0.130/nios2eds/bin/gnu/h-x86_64-mingw32/bin/../lib/gcc/nios2-elf/4.9.1\libgcc.a(muldf3.o)
 .bss           0x00000000010530c8        0x0 d:/altera/15.0.0.130/nios2eds/bin/gnu/h-x86_64-mingw32/bin/../lib/gcc/nios2-elf/4.9.1\libgcc.a(subdf3.o)
 .bss           0x00000000010530c8        0x0 d:/altera/15.0.0.130/nios2eds/bin/gnu/h-x86_64-mingw32/bin/../lib/gcc/nios2-elf/4.9.1\libgcc.a(fixdfsi.o)
 .bss           0x00000000010530c8        0x0 d:/altera/15.0.0.130/nios2eds/bin/gnu/h-x86_64-mingw32/bin/../lib/gcc/nios2-elf/4.9.1\libgcc.a(floatsidf.o)
 .bss           0x00000000010530c8        0x0 d:/altera/15.0.0.130/nios2eds/bin/gnu/h-x86_64-mingw32/bin/../lib/gcc/nios2-elf/4.9.1\libgcc.a(floatunsidf.o)
 .bss           0x00000000010530c8        0x0 ../DECA_TEMP_bsp/\libhal_bsp.a(alt_close.o)
 .bss           0x00000000010530c8        0x0 ../DECA_TEMP_bsp/\libhal_bsp.a(alt_dev.o)
 .bss           0x00000000010530c8        0x0 ../DECA_TEMP_bsp/\libhal_bsp.a(alt_errno.o)
 .bss           0x00000000010530c8        0x0 ../DECA_TEMP_bsp/\libhal_bsp.a(alt_fstat.o)
 .bss           0x00000000010530c8        0x0 ../DECA_TEMP_bsp/\libhal_bsp.a(alt_isatty.o)
 .bss           0x00000000010530c8        0x0 ../DECA_TEMP_bsp/\libhal_bsp.a(alt_load.o)
 .bss           0x00000000010530c8        0x0 ../DECA_TEMP_bsp/\libhal_bsp.a(alt_lseek.o)
 .bss           0x00000000010530c8        0x0 ../DECA_TEMP_bsp/\libhal_bsp.a(alt_main.o)
 .bss           0x00000000010530c8        0x0 ../DECA_TEMP_bsp/\libhal_bsp.a(alt_malloc_lock.o)
 .bss           0x00000000010530c8        0x0 ../DECA_TEMP_bsp/\libhal_bsp.a(alt_read.o)
 .bss           0x00000000010530c8        0x0 ../DECA_TEMP_bsp/\libhal_bsp.a(alt_release_fd.o)
 .bss           0x00000000010530c8        0x0 ../DECA_TEMP_bsp/\libhal_bsp.a(alt_sbrk.o)
 .bss           0x00000000010530c8        0x0 ../DECA_TEMP_bsp/\libhal_bsp.a(alt_usleep.o)
 .bss           0x00000000010530c8        0x0 ../DECA_TEMP_bsp/\libhal_bsp.a(alt_write.o)
 .bss           0x00000000010530c8        0x0 ../DECA_TEMP_bsp/\libhal_bsp.a(alt_sys_init.o)
 .bss           0x00000000010530c8        0x0 ../DECA_TEMP_bsp/\libhal_bsp.a(altera_avalon_jtag_uart_fd.o)
 .bss           0x00000000010530c8        0x0 ../DECA_TEMP_bsp/\libhal_bsp.a(altera_avalon_jtag_uart_init.o)
 .bss           0x00000000010530c8        0x0 ../DECA_TEMP_bsp/\libhal_bsp.a(altera_avalon_jtag_uart_ioctl.o)
 .bss           0x00000000010530c8        0x0 ../DECA_TEMP_bsp/\libhal_bsp.a(altera_avalon_jtag_uart_read.o)
 .bss           0x00000000010530c8        0x0 ../DECA_TEMP_bsp/\libhal_bsp.a(altera_avalon_jtag_uart_write.o)
 .bss           0x00000000010530c8        0x0 ../DECA_TEMP_bsp/\libhal_bsp.a(altera_avalon_timer_sc.o)
 .bss           0x00000000010530c8        0x0 ../DECA_TEMP_bsp/\libhal_bsp.a(alt_alarm_start.o)
 .bss           0x00000000010530c8        0x0 ../DECA_TEMP_bsp/\libhal_bsp.a(alt_busy_sleep.o)
 .bss           0x00000000010530c8        0x0 ../DECA_TEMP_bsp/\libhal_bsp.a(alt_dcache_flush_all.o)
 .bss           0x00000000010530c8        0x0 ../DECA_TEMP_bsp/\libhal_bsp.a(alt_dev_llist_insert.o)
 .bss           0x00000000010530c8        0x0 ../DECA_TEMP_bsp/\libhal_bsp.a(alt_do_ctors.o)
 .bss           0x00000000010530c8        0x0 ../DECA_TEMP_bsp/\libhal_bsp.a(alt_do_dtors.o)
 .bss           0x00000000010530c8        0x0 ../DECA_TEMP_bsp/\libhal_bsp.a(alt_icache_flush_all.o)
 .bss           0x00000000010530c8        0x0 ../DECA_TEMP_bsp/\libhal_bsp.a(alt_iic.o)
 .bss           0x00000000010530c8        0x0 ../DECA_TEMP_bsp/\libhal_bsp.a(alt_iic_isr_register.o)
 .bss           0x00000000010530c8        0x0 ../DECA_TEMP_bsp/\libhal_bsp.a(alt_io_redirect.o)
 .bss           0x00000000010530c8        0x0 ../DECA_TEMP_bsp/\libhal_bsp.a(alt_irq_entry.o)
 .bss           0x00000000010530c8        0x0 ../DECA_TEMP_bsp/\libhal_bsp.a(alt_irq_handler.o)
 .bss           0x00000000010530c8        0x0 ../DECA_TEMP_bsp/\libhal_bsp.a(alt_irq_vars.o)
 .bss           0x00000000010530c8        0x0 ../DECA_TEMP_bsp/\libhal_bsp.a(alt_open.o)
 .bss           0x00000000010530c8        0x0 ../DECA_TEMP_bsp/\libhal_bsp.a(alt_tick.o)
 .bss           0x00000000010530c8        0x0 ../DECA_TEMP_bsp/\libhal_bsp.a(altera_nios2_gen2_irq.o)
 .bss           0x00000000010530c8        0x0 ../DECA_TEMP_bsp/\libhal_bsp.a(alt_exception_entry.o)
 .bss           0x00000000010530c8        0x0 ../DECA_TEMP_bsp/\libhal_bsp.a(alt_find_dev.o)
 .bss           0x00000000010530c8        0x0 ../DECA_TEMP_bsp/\libhal_bsp.a(alt_find_file.o)
 .bss           0x00000000010530c8        0x0 ../DECA_TEMP_bsp/\libhal_bsp.a(alt_get_fd.o)
 .bss           0x00000000010530c8        0x0 ../DECA_TEMP_bsp/\libhal_bsp.a(alt_icache_flush.o)
 .bss           0x00000000010530c8        0x0 ../DECA_TEMP_bsp/\libhal_bsp.a(alt_instruction_exception_entry.o)
 .bss           0x00000000010530c8        0x0 d:/altera/15.0.0.130/nios2eds/bin/gnu/h-x86_64-mingw32/bin/../lib/gcc/nios2-elf/4.9.1/../../../../../H-x86_64-mingw32/nios2-elf/lib\libc.a(lib_a-atexit.o)
 .bss           0x00000000010530c8        0x0 d:/altera/15.0.0.130/nios2eds/bin/gnu/h-x86_64-mingw32/bin/../lib/gcc/nios2-elf/4.9.1/../../../../../H-x86_64-mingw32/nios2-elf/lib\libc.a(lib_a-exit.o)
 .bss           0x00000000010530c8        0x0 d:/altera/15.0.0.130/nios2eds/bin/gnu/h-x86_64-mingw32/bin/../lib/gcc/nios2-elf/4.9.1/../../../../../H-x86_64-mingw32/nios2-elf/lib\libc.a(lib_a-memcmp.o)
 .bss           0x00000000010530c8        0x0 d:/altera/15.0.0.130/nios2eds/bin/gnu/h-x86_64-mingw32/bin/../lib/gcc/nios2-elf/4.9.1/../../../../../H-x86_64-mingw32/nios2-elf/lib\libc.a(lib_a-__atexit.o)
 .bss           0x00000000010530c8        0x0 d:/altera/15.0.0.130/nios2eds/bin/gnu/h-x86_64-mingw32/bin/../lib/gcc/nios2-elf/4.9.1/../../../../../H-x86_64-mingw32/nios2-elf/lib\libc.a(lib_a-__call_atexit.o)
 .bss           0x00000000010530c8        0x0 ../DECA_TEMP_bsp/\libhal_bsp.a(alt_exit.o)
 *(COMMON)
 COMMON         0x00000000010530c8      0x100 ../DECA_TEMP_bsp/\libhal_bsp.a(alt_irq_handler.o)
                0x00000000010530c8                alt_irq
                0x00000000010531c8                . = ALIGN (0x4)
                0x00000000010531c8                __bss_end = ABSOLUTE (.)

.onchip_memory2
                0x00000000010531c8        0x0
                0x00000000010531c8                PROVIDE (_alt_partition_onchip_memory2_start, ABSOLUTE (.))
 *(.onchip_memory2 .onchip_memory2. onchip_memory2.*)
                0x00000000010531c8                . = ALIGN (0x4)
                0x00000000010531c8                PROVIDE (_alt_partition_onchip_memory2_end, ABSOLUTE (.))
                0x00000000010531c8                _end = ABSOLUTE (.)
                0x00000000010531c8                end = ABSOLUTE (.)
                0x00000000010531c8                __alt_stack_base = ABSOLUTE (.)
                0x00000000010531c8                PROVIDE (_alt_partition_onchip_memory2_load_addr, LOADADDR (.onchip_memory2))

.stab
 *(.stab)

.stabstr
 *(.stabstr)

.stab.excl
 *(.stab.excl)

.stab.exclstr
 *(.stab.exclstr)

.stab.index
 *(.stab.index)

.stab.indexstr
 *(.stab.indexstr)

.comment        0x0000000000000000       0x23
 *(.comment)
 .comment       0x0000000000000000       0x23 obj/default/main.o
                                         0x24 (size before relaxing)
 .comment       0x0000000000000000       0x24 d:/altera/15.0.0.130/nios2eds/bin/gnu/h-x86_64-mingw32/bin/../lib/gcc/nios2-elf/4.9.1\libgcc.a(mulsf3.o)
 .comment       0x0000000000000000       0x24 d:/altera/15.0.0.130/nios2eds/bin/gnu/h-x86_64-mingw32/bin/../lib/gcc/nios2-elf/4.9.1\libgcc.a(floatunsisf.o)
 .comment       0x0000000000000000       0x24 d:/altera/15.0.0.130/nios2eds/bin/gnu/h-x86_64-mingw32/bin/../lib/gcc/nios2-elf/4.9.1\libgcc.a(extendsfdf2.o)
 .comment       0x0000000000000000       0x24 d:/altera/15.0.0.130/nios2eds/bin/gnu/h-x86_64-mingw32/bin/../lib/gcc/nios2-elf/4.9.1\libgcc.a(_clzsi2.o)
 .comment       0x0000000000000000       0x24 d:/altera/15.0.0.130/nios2eds/bin/gnu/h-x86_64-mingw32/bin/../lib/gcc/nios2-elf/4.9.1\libgcc.a(_clz.o)
 .comment       0x0000000000000000       0x24 d:/altera/15.0.0.130/nios2eds/bin/gnu/h-x86_64-mingw32/bin/../lib/gcc/nios2-elf/4.9.1/../../../../../H-x86_64-mingw32/nios2-elf/lib\libc.a(lib_a-printf.o)
 .comment       0x0000000000000000       0x24 d:/altera/15.0.0.130/nios2eds/bin/gnu/h-x86_64-mingw32/bin/../lib/gcc/nios2-elf/4.9.1/../../../../../H-x86_64-mingw32/nios2-elf/lib\libc.a(lib_a-puts.o)
 .comment       0x0000000000000000       0x24 d:/altera/15.0.0.130/nios2eds/bin/gnu/h-x86_64-mingw32/bin/../lib/gcc/nios2-elf/4.9.1/../../../../../H-x86_64-mingw32/nios2-elf/lib\libc.a(lib_a-strlen.o)
 .comment       0x0000000000000000       0x24 d:/altera/15.0.0.130/nios2eds/bin/gnu/h-x86_64-mingw32/bin/../lib/gcc/nios2-elf/4.9.1/../../../../../H-x86_64-mingw32/nios2-elf/lib\libc.a(lib_a-vfprintf.o)
 .comment       0x0000000000000000       0x24 d:/altera/15.0.0.130/nios2eds/bin/gnu/h-x86_64-mingw32/bin/../lib/gcc/nios2-elf/4.9.1/../../../../../H-x86_64-mingw32/nios2-elf/lib\libc.a(lib_a-wsetup.o)
 .comment       0x0000000000000000       0x24 d:/altera/15.0.0.130/nios2eds/bin/gnu/h-x86_64-mingw32/bin/../lib/gcc/nios2-elf/4.9.1/../../../../../H-x86_64-mingw32/nios2-elf/lib\libc.a(lib_a-dtoa.o)
 .comment       0x0000000000000000       0x24 d:/altera/15.0.0.130/nios2eds/bin/gnu/h-x86_64-mingw32/bin/../lib/gcc/nios2-elf/4.9.1/../../../../../H-x86_64-mingw32/nios2-elf/lib\libc.a(lib_a-fflush.o)
 .comment       0x0000000000000000       0x24 d:/altera/15.0.0.130/nios2eds/bin/gnu/h-x86_64-mingw32/bin/../lib/gcc/nios2-elf/4.9.1/../../../../../H-x86_64-mingw32/nios2-elf/lib\libc.a(lib_a-findfp.o)
 .comment       0x0000000000000000       0x24 d:/altera/15.0.0.130/nios2eds/bin/gnu/h-x86_64-mingw32/bin/../lib/gcc/nios2-elf/4.9.1/../../../../../H-x86_64-mingw32/nios2-elf/lib\libc.a(lib_a-freer.o)
 .comment       0x0000000000000000       0x24 d:/altera/15.0.0.130/nios2eds/bin/gnu/h-x86_64-mingw32/bin/../lib/gcc/nios2-elf/4.9.1/../../../../../H-x86_64-mingw32/nios2-elf/lib\libc.a(lib_a-fvwrite.o)
 .comment       0x0000000000000000       0x24 d:/altera/15.0.0.130/nios2eds/bin/gnu/h-x86_64-mingw32/bin/../lib/gcc/nios2-elf/4.9.1/../../../../../H-x86_64-mingw32/nios2-elf/lib\libc.a(lib_a-fwalk.o)
 .comment       0x0000000000000000       0x24 d:/altera/15.0.0.130/nios2eds/bin/gnu/h-x86_64-mingw32/bin/../lib/gcc/nios2-elf/4.9.1/../../../../../H-x86_64-mingw32/nios2-elf/lib\libc.a(lib_a-impure.o)
 .comment       0x0000000000000000       0x24 d:/altera/15.0.0.130/nios2eds/bin/gnu/h-x86_64-mingw32/bin/../lib/gcc/nios2-elf/4.9.1/../../../../../H-x86_64-mingw32/nios2-elf/lib\libc.a(lib_a-locale.o)
 .comment       0x0000000000000000       0x24 d:/altera/15.0.0.130/nios2eds/bin/gnu/h-x86_64-mingw32/bin/../lib/gcc/nios2-elf/4.9.1/../../../../../H-x86_64-mingw32/nios2-elf/lib\libc.a(lib_a-makebuf.o)
 .comment       0x0000000000000000       0x24 d:/altera/15.0.0.130/nios2eds/bin/gnu/h-x86_64-mingw32/bin/../lib/gcc/nios2-elf/4.9.1/../../../../../H-x86_64-mingw32/nios2-elf/lib\libc.a(lib_a-mallocr.o)
 .comment       0x0000000000000000       0x24 d:/altera/15.0.0.130/nios2eds/bin/gnu/h-x86_64-mingw32/bin/../lib/gcc/nios2-elf/4.9.1/../../../../../H-x86_64-mingw32/nios2-elf/lib\libc.a(lib_a-memchr.o)
 .comment       0x0000000000000000       0x24 d:/altera/15.0.0.130/nios2eds/bin/gnu/h-x86_64-mingw32/bin/../lib/gcc/nios2-elf/4.9.1/../../../../../H-x86_64-mingw32/nios2-elf/lib\libc.a(lib_a-memcpy.o)
 .comment       0x0000000000000000       0x24 d:/altera/15.0.0.130/nios2eds/bin/gnu/h-x86_64-mingw32/bin/../lib/gcc/nios2-elf/4.9.1/../../../../../H-x86_64-mingw32/nios2-elf/lib\libc.a(lib_a-memmove.o)
 .comment       0x0000000000000000       0x24 d:/altera/15.0.0.130/nios2eds/bin/gnu/h-x86_64-mingw32/bin/../lib/gcc/nios2-elf/4.9.1/../../../../../H-x86_64-mingw32/nios2-elf/lib\libc.a(lib_a-memset.o)
 .comment       0x0000000000000000       0x24 d:/altera/15.0.0.130/nios2eds/bin/gnu/h-x86_64-mingw32/bin/../lib/gcc/nios2-elf/4.9.1/../../../../../H-x86_64-mingw32/nios2-elf/lib\libc.a(lib_a-mprec.o)
 .comment       0x0000000000000000       0x24 d:/altera/15.0.0.130/nios2eds/bin/gnu/h-x86_64-mingw32/bin/../lib/gcc/nios2-elf/4.9.1/../../../../../H-x86_64-mingw32/nios2-elf/lib\libc.a(lib_a-reallocr.o)
 .comment       0x0000000000000000       0x24 d:/altera/15.0.0.130/nios2eds/bin/gnu/h-x86_64-mingw32/bin/../lib/gcc/nios2-elf/4.9.1/../../../../../H-x86_64-mingw32/nios2-elf/lib\libc.a(lib_a-s_fpclassify.o)
 .comment       0x0000000000000000       0x24 d:/altera/15.0.0.130/nios2eds/bin/gnu/h-x86_64-mingw32/bin/../lib/gcc/nios2-elf/4.9.1/../../../../../H-x86_64-mingw32/nios2-elf/lib\libc.a(lib_a-sbrkr.o)
 .comment       0x0000000000000000       0x24 d:/altera/15.0.0.130/nios2eds/bin/gnu/h-x86_64-mingw32/bin/../lib/gcc/nios2-elf/4.9.1/../../../../../H-x86_64-mingw32/nios2-elf/lib\libc.a(lib_a-stdio.o)
 .comment       0x0000000000000000       0x24 d:/altera/15.0.0.130/nios2eds/bin/gnu/h-x86_64-mingw32/bin/../lib/gcc/nios2-elf/4.9.1/../../../../../H-x86_64-mingw32/nios2-elf/lib\libc.a(lib_a-strcmp.o)
 .comment       0x0000000000000000       0x24 d:/altera/15.0.0.130/nios2eds/bin/gnu/h-x86_64-mingw32/bin/../lib/gcc/nios2-elf/4.9.1/../../../../../H-x86_64-mingw32/nios2-elf/lib\libc.a(lib_a-vfiprintf.o)
 .comment       0x0000000000000000       0x24 d:/altera/15.0.0.130/nios2eds/bin/gnu/h-x86_64-mingw32/bin/../lib/gcc/nios2-elf/4.9.1/../../../../../H-x86_64-mingw32/nios2-elf/lib\libc.a(lib_a-writer.o)
 .comment       0x0000000000000000       0x24 d:/altera/15.0.0.130/nios2eds/bin/gnu/h-x86_64-mingw32/bin/../lib/gcc/nios2-elf/4.9.1/../../../../../H-x86_64-mingw32/nios2-elf/lib\libc.a(closer.o)
 .comment       0x0000000000000000       0x24 d:/altera/15.0.0.130/nios2eds/bin/gnu/h-x86_64-mingw32/bin/../lib/gcc/nios2-elf/4.9.1/../../../../../H-x86_64-mingw32/nios2-elf/lib\libc.a(lib_a-callocr.o)
 .comment       0x0000000000000000       0x24 d:/altera/15.0.0.130/nios2eds/bin/gnu/h-x86_64-mingw32/bin/../lib/gcc/nios2-elf/4.9.1/../../../../../H-x86_64-mingw32/nios2-elf/lib\libc.a(lib_a-fclose.o)
 .comment       0x0000000000000000       0x24 d:/altera/15.0.0.130/nios2eds/bin/gnu/h-x86_64-mingw32/bin/../lib/gcc/nios2-elf/4.9.1/../../../../../H-x86_64-mingw32/nios2-elf/lib\libc.a(lib_a-fputwc.o)
 .comment       0x0000000000000000       0x24 d:/altera/15.0.0.130/nios2eds/bin/gnu/h-x86_64-mingw32/bin/../lib/gcc/nios2-elf/4.9.1/../../../../../H-x86_64-mingw32/nios2-elf/lib\libc.a(lib_a-fstatr.o)
 .comment       0x0000000000000000       0x24 d:/altera/15.0.0.130/nios2eds/bin/gnu/h-x86_64-mingw32/bin/../lib/gcc/nios2-elf/4.9.1/../../../../../H-x86_64-mingw32/nios2-elf/lib\libc.a(lib_a-int_errno.o)
 .comment       0x0000000000000000       0x24 d:/altera/15.0.0.130/nios2eds/bin/gnu/h-x86_64-mingw32/bin/../lib/gcc/nios2-elf/4.9.1/../../../../../H-x86_64-mingw32/nios2-elf/lib\libc.a(lib_a-isattyr.o)
 .comment       0x0000000000000000       0x24 d:/altera/15.0.0.130/nios2eds/bin/gnu/h-x86_64-mingw32/bin/../lib/gcc/nios2-elf/4.9.1/../../../../../H-x86_64-mingw32/nios2-elf/lib\libc.a(lib_a-lseekr.o)
 .comment       0x0000000000000000       0x24 d:/altera/15.0.0.130/nios2eds/bin/gnu/h-x86_64-mingw32/bin/../lib/gcc/nios2-elf/4.9.1/../../../../../H-x86_64-mingw32/nios2-elf/lib\libc.a(lib_a-readr.o)
 .comment       0x0000000000000000       0x24 d:/altera/15.0.0.130/nios2eds/bin/gnu/h-x86_64-mingw32/bin/../lib/gcc/nios2-elf/4.9.1/../../../../../H-x86_64-mingw32/nios2-elf/lib\libc.a(lib_a-wbuf.o)
 .comment       0x0000000000000000       0x24 d:/altera/15.0.0.130/nios2eds/bin/gnu/h-x86_64-mingw32/bin/../lib/gcc/nios2-elf/4.9.1/../../../../../H-x86_64-mingw32/nios2-elf/lib\libc.a(lib_a-wcrtomb.o)
 .comment       0x0000000000000000       0x24 d:/altera/15.0.0.130/nios2eds/bin/gnu/h-x86_64-mingw32/bin/../lib/gcc/nios2-elf/4.9.1/../../../../../H-x86_64-mingw32/nios2-elf/lib\libc.a(lib_a-wctomb_r.o)
 .comment       0x0000000000000000       0x24 d:/altera/15.0.0.130/nios2eds/bin/gnu/h-x86_64-mingw32/bin/../lib/gcc/nios2-elf/4.9.1\libgcc.a(_udivdi3.o)
 .comment       0x0000000000000000       0x24 d:/altera/15.0.0.130/nios2eds/bin/gnu/h-x86_64-mingw32/bin/../lib/gcc/nios2-elf/4.9.1\libgcc.a(_umoddi3.o)
 .comment       0x0000000000000000       0x24 d:/altera/15.0.0.130/nios2eds/bin/gnu/h-x86_64-mingw32/bin/../lib/gcc/nios2-elf/4.9.1\libgcc.a(lib2-divmod.o)
 .comment       0x0000000000000000       0x24 d:/altera/15.0.0.130/nios2eds/bin/gnu/h-x86_64-mingw32/bin/../lib/gcc/nios2-elf/4.9.1\libgcc.a(adddf3.o)
 .comment       0x0000000000000000       0x24 d:/altera/15.0.0.130/nios2eds/bin/gnu/h-x86_64-mingw32/bin/../lib/gcc/nios2-elf/4.9.1\libgcc.a(divdf3.o)
 .comment       0x0000000000000000       0x24 d:/altera/15.0.0.130/nios2eds/bin/gnu/h-x86_64-mingw32/bin/../lib/gcc/nios2-elf/4.9.1\libgcc.a(eqdf2.o)
 .comment       0x0000000000000000       0x24 d:/altera/15.0.0.130/nios2eds/bin/gnu/h-x86_64-mingw32/bin/../lib/gcc/nios2-elf/4.9.1\libgcc.a(gedf2.o)
 .comment       0x0000000000000000       0x24 d:/altera/15.0.0.130/nios2eds/bin/gnu/h-x86_64-mingw32/bin/../lib/gcc/nios2-elf/4.9.1\libgcc.a(ledf2.o)
 .comment       0x0000000000000000       0x24 d:/altera/15.0.0.130/nios2eds/bin/gnu/h-x86_64-mingw32/bin/../lib/gcc/nios2-elf/4.9.1\libgcc.a(muldf3.o)
 .comment       0x0000000000000000       0x24 d:/altera/15.0.0.130/nios2eds/bin/gnu/h-x86_64-mingw32/bin/../lib/gcc/nios2-elf/4.9.1\libgcc.a(subdf3.o)
 .comment       0x0000000000000000       0x24 d:/altera/15.0.0.130/nios2eds/bin/gnu/h-x86_64-mingw32/bin/../lib/gcc/nios2-elf/4.9.1\libgcc.a(fixdfsi.o)
 .comment       0x0000000000000000       0x24 d:/altera/15.0.0.130/nios2eds/bin/gnu/h-x86_64-mingw32/bin/../lib/gcc/nios2-elf/4.9.1\libgcc.a(floatsidf.o)
 .comment       0x0000000000000000       0x24 d:/altera/15.0.0.130/nios2eds/bin/gnu/h-x86_64-mingw32/bin/../lib/gcc/nios2-elf/4.9.1\libgcc.a(floatunsidf.o)
 .comment       0x0000000000000000       0x24 ../DECA_TEMP_bsp/\libhal_bsp.a(alt_close.o)
 .comment       0x0000000000000000       0x24 ../DECA_TEMP_bsp/\libhal_bsp.a(alt_dev.o)
 .comment       0x0000000000000000       0x24 ../DECA_TEMP_bsp/\libhal_bsp.a(alt_errno.o)
 .comment       0x0000000000000000       0x24 ../DECA_TEMP_bsp/\libhal_bsp.a(alt_fstat.o)
 .comment       0x0000000000000000       0x24 ../DECA_TEMP_bsp/\libhal_bsp.a(alt_isatty.o)
 .comment       0x0000000000000000       0x24 ../DECA_TEMP_bsp/\libhal_bsp.a(alt_load.o)
 .comment       0x0000000000000000       0x24 ../DECA_TEMP_bsp/\libhal_bsp.a(alt_lseek.o)
 .comment       0x0000000000000000       0x24 ../DECA_TEMP_bsp/\libhal_bsp.a(alt_main.o)
 .comment       0x0000000000000000       0x24 ../DECA_TEMP_bsp/\libhal_bsp.a(alt_malloc_lock.o)
 .comment       0x0000000000000000       0x24 ../DECA_TEMP_bsp/\libhal_bsp.a(alt_read.o)
 .comment       0x0000000000000000       0x24 ../DECA_TEMP_bsp/\libhal_bsp.a(alt_release_fd.o)
 .comment       0x0000000000000000       0x24 ../DECA_TEMP_bsp/\libhal_bsp.a(alt_sbrk.o)
 .comment       0x0000000000000000       0x24 ../DECA_TEMP_bsp/\libhal_bsp.a(alt_usleep.o)
 .comment       0x0000000000000000       0x24 ../DECA_TEMP_bsp/\libhal_bsp.a(alt_write.o)
 .comment       0x0000000000000000       0x24 ../DECA_TEMP_bsp/\libhal_bsp.a(alt_sys_init.o)
 .comment       0x0000000000000000       0x24 ../DECA_TEMP_bsp/\libhal_bsp.a(altera_avalon_jtag_uart_fd.o)
 .comment       0x0000000000000000       0x24 ../DECA_TEMP_bsp/\libhal_bsp.a(altera_avalon_jtag_uart_init.o)
 .comment       0x0000000000000000       0x24 ../DECA_TEMP_bsp/\libhal_bsp.a(altera_avalon_jtag_uart_ioctl.o)
 .comment       0x0000000000000000       0x24 ../DECA_TEMP_bsp/\libhal_bsp.a(altera_avalon_jtag_uart_read.o)
 .comment       0x0000000000000000       0x24 ../DECA_TEMP_bsp/\libhal_bsp.a(altera_avalon_jtag_uart_write.o)
 .comment       0x0000000000000000       0x24 ../DECA_TEMP_bsp/\libhal_bsp.a(altera_avalon_timer_sc.o)
 .comment       0x0000000000000000       0x24 ../DECA_TEMP_bsp/\libhal_bsp.a(alt_alarm_start.o)
 .comment       0x0000000000000000       0x24 ../DECA_TEMP_bsp/\libhal_bsp.a(alt_busy_sleep.o)
 .comment       0x0000000000000000       0x24 ../DECA_TEMP_bsp/\libhal_bsp.a(alt_dcache_flush_all.o)
 .comment       0x0000000000000000       0x24 ../DECA_TEMP_bsp/\libhal_bsp.a(alt_dev_llist_insert.o)
 .comment       0x0000000000000000       0x24 ../DECA_TEMP_bsp/\libhal_bsp.a(alt_do_ctors.o)
 .comment       0x0000000000000000       0x24 ../DECA_TEMP_bsp/\libhal_bsp.a(alt_do_dtors.o)
 .comment       0x0000000000000000       0x24 ../DECA_TEMP_bsp/\libhal_bsp.a(alt_icache_flush_all.o)
 .comment       0x0000000000000000       0x24 ../DECA_TEMP_bsp/\libhal_bsp.a(alt_iic.o)
 .comment       0x0000000000000000       0x24 ../DECA_TEMP_bsp/\libhal_bsp.a(alt_iic_isr_register.o)
 .comment       0x0000000000000000       0x24 ../DECA_TEMP_bsp/\libhal_bsp.a(alt_io_redirect.o)
 .comment       0x0000000000000000       0x24 ../DECA_TEMP_bsp/\libhal_bsp.a(alt_irq_handler.o)
 .comment       0x0000000000000000       0x24 ../DECA_TEMP_bsp/\libhal_bsp.a(alt_irq_vars.o)
 .comment       0x0000000000000000       0x24 ../DECA_TEMP_bsp/\libhal_bsp.a(alt_open.o)
 .comment       0x0000000000000000       0x24 ../DECA_TEMP_bsp/\libhal_bsp.a(alt_tick.o)
 .comment       0x0000000000000000       0x24 ../DECA_TEMP_bsp/\libhal_bsp.a(altera_nios2_gen2_irq.o)
 .comment       0x0000000000000000       0x24 ../DECA_TEMP_bsp/\libhal_bsp.a(alt_find_dev.o)
 .comment       0x0000000000000000       0x24 ../DECA_TEMP_bsp/\libhal_bsp.a(alt_find_file.o)
 .comment       0x0000000000000000       0x24 ../DECA_TEMP_bsp/\libhal_bsp.a(alt_get_fd.o)
 .comment       0x0000000000000000       0x24 ../DECA_TEMP_bsp/\libhal_bsp.a(alt_icache_flush.o)
 .comment       0x0000000000000000       0x24 ../DECA_TEMP_bsp/\libhal_bsp.a(alt_instruction_exception_entry.o)
 .comment       0x0000000000000000       0x24 d:/altera/15.0.0.130/nios2eds/bin/gnu/h-x86_64-mingw32/bin/../lib/gcc/nios2-elf/4.9.1/../../../../../H-x86_64-mingw32/nios2-elf/lib\libc.a(lib_a-atexit.o)
 .comment       0x0000000000000000       0x24 d:/altera/15.0.0.130/nios2eds/bin/gnu/h-x86_64-mingw32/bin/../lib/gcc/nios2-elf/4.9.1/../../../../../H-x86_64-mingw32/nios2-elf/lib\libc.a(lib_a-exit.o)
 .comment       0x0000000000000000       0x24 d:/altera/15.0.0.130/nios2eds/bin/gnu/h-x86_64-mingw32/bin/../lib/gcc/nios2-elf/4.9.1/../../../../../H-x86_64-mingw32/nios2-elf/lib\libc.a(lib_a-memcmp.o)
 .comment       0x0000000000000000       0x24 d:/altera/15.0.0.130/nios2eds/bin/gnu/h-x86_64-mingw32/bin/../lib/gcc/nios2-elf/4.9.1/../../../../../H-x86_64-mingw32/nios2-elf/lib\libc.a(lib_a-__atexit.o)
 .comment       0x0000000000000000       0x24 d:/altera/15.0.0.130/nios2eds/bin/gnu/h-x86_64-mingw32/bin/../lib/gcc/nios2-elf/4.9.1/../../../../../H-x86_64-mingw32/nios2-elf/lib\libc.a(lib_a-__call_atexit.o)
 .comment       0x0000000000000000       0x24 ../DECA_TEMP_bsp/\libhal_bsp.a(alt_exit.o)

.debug
 *(.debug)

.line
 *(.line)

.debug_srcinfo
 *(.debug_srcinfo)

.debug_sfnames
 *(.debug_sfnames)

.debug_aranges  0x0000000000000000      0xd90
 *(.debug_aranges)
 .debug_aranges
                0x0000000000000000       0x28 ../DECA_TEMP_bsp//obj/HAL/src/crt0.o
 .debug_aranges
                0x0000000000000028       0x20 obj/default/main.o
 .debug_aranges
                0x0000000000000048       0x20 d:/altera/15.0.0.130/nios2eds/bin/gnu/h-x86_64-mingw32/bin/../lib/gcc/nios2-elf/4.9.1\libgcc.a(mulsf3.o)
 .debug_aranges
                0x0000000000000068       0x20 d:/altera/15.0.0.130/nios2eds/bin/gnu/h-x86_64-mingw32/bin/../lib/gcc/nios2-elf/4.9.1\libgcc.a(floatunsisf.o)
 .debug_aranges
                0x0000000000000088       0x20 d:/altera/15.0.0.130/nios2eds/bin/gnu/h-x86_64-mingw32/bin/../lib/gcc/nios2-elf/4.9.1\libgcc.a(extendsfdf2.o)
 .debug_aranges
                0x00000000000000a8       0x20 d:/altera/15.0.0.130/nios2eds/bin/gnu/h-x86_64-mingw32/bin/../lib/gcc/nios2-elf/4.9.1\libgcc.a(_clzsi2.o)
 .debug_aranges
                0x00000000000000c8       0x18 d:/altera/15.0.0.130/nios2eds/bin/gnu/h-x86_64-mingw32/bin/../lib/gcc/nios2-elf/4.9.1\libgcc.a(_clz.o)
 .debug_aranges
                0x00000000000000e0       0x20 d:/altera/15.0.0.130/nios2eds/bin/gnu/h-x86_64-mingw32/bin/../lib/gcc/nios2-elf/4.9.1/../../../../../H-x86_64-mingw32/nios2-elf/lib\libc.a(lib_a-printf.o)
 .debug_aranges
                0x0000000000000100       0x20 d:/altera/15.0.0.130/nios2eds/bin/gnu/h-x86_64-mingw32/bin/../lib/gcc/nios2-elf/4.9.1/../../../../../H-x86_64-mingw32/nios2-elf/lib\libc.a(lib_a-puts.o)
 .debug_aranges
                0x0000000000000120       0x20 d:/altera/15.0.0.130/nios2eds/bin/gnu/h-x86_64-mingw32/bin/../lib/gcc/nios2-elf/4.9.1/../../../../../H-x86_64-mingw32/nios2-elf/lib\libc.a(lib_a-strlen.o)
 .debug_aranges