------------------------------------------------------------
TimeQuest Timing Analyzer Summary
------------------------------------------------------------

Type  : Slow 1200mV 85C Model Setup 'u_vpg|u_pll|altpll_component|auto_generated|pll1|clk[0]'
Slack : 3.325
TNS   : 0.000

Type  : Slow 1200mV 85C Model Setup 'MAX10_CLK2_50'
Slack : 16.226
TNS   : 0.000

Type  : Slow 1200mV 85C Model Setup 'u_sys_pll|altpll_component|auto_generated|pll1|clk[0]'
Slack : 642.209
TNS   : 0.000

Type  : Slow 1200mV 85C Model Hold 'u_sys_pll|altpll_component|auto_generated|pll1|clk[0]'
Slack : 0.330
TNS   : 0.000

Type  : Slow 1200mV 85C Model Hold 'u_vpg|u_pll|altpll_component|auto_generated|pll1|clk[0]'
Slack : 0.331
TNS   : 0.000

Type  : Slow 1200mV 85C Model Hold 'MAX10_CLK2_50'
Slack : 0.359
TNS   : 0.000

Type  : Slow 1200mV 85C Model Minimum Pulse Width 'u_vpg|u_pll|altpll_component|auto_generated|pll1|clk[0]'
Slack : 3.101
TNS   : 0.000

Type  : Slow 1200mV 85C Model Minimum Pulse Width 'MAX10_CLK2_50'
Slack : 9.607
TNS   : 0.000

Type  : Slow 1200mV 85C Model Minimum Pulse Width 'MAX10_CLK1_50'
Slack : 9.807
TNS   : 0.000

Type  : Slow 1200mV 85C Model Minimum Pulse Width 'USB_CLKIN'
Slack : 11.666
TNS   : 0.000

Type  : Slow 1200mV 85C Model Minimum Pulse Width 'NET_RX_CLK'
Slack : 36.000
TNS   : 0.000

Type  : Slow 1200mV 85C Model Minimum Pulse Width 'NET_TX_CLK'
Slack : 36.000
TNS   : 0.000

Type  : Slow 1200mV 85C Model Minimum Pulse Width 'ADC_CLK_10'
Slack : 96.000
TNS   : 0.000

Type  : Slow 1200mV 85C Model Minimum Pulse Width 'u_sys_pll|altpll_component|auto_generated|pll1|clk[0]'
Slack : 325.278
TNS   : 0.000

Type  : Slow 1200mV 0C Model Setup 'u_vpg|u_pll|altpll_component|auto_generated|pll1|clk[0]'
Slack : 3.648
TNS   : 0.000

Type  : Slow 1200mV 0C Model Setup 'MAX10_CLK2_50'
Slack : 16.608
TNS   : 0.000

Type  : Slow 1200mV 0C Model Setup 'u_sys_pll|altpll_component|auto_generated|pll1|clk[0]'
Slack : 643.061
TNS   : 0.000

Type  : Slow 1200mV 0C Model Hold 'u_sys_pll|altpll_component|auto_generated|pll1|clk[0]'
Slack : 0.298
TNS   : 0.000

Type  : Slow 1200mV 0C Model Hold 'u_vpg|u_pll|altpll_component|auto_generated|pll1|clk[0]'
Slack : 0.300
TNS   : 0.000

Type  : Slow 1200mV 0C Model Hold 'MAX10_CLK2_50'
Slack : 0.325
TNS   : 0.000

Type  : Slow 1200mV 0C Model Minimum Pulse Width 'u_vpg|u_pll|altpll_component|auto_generated|pll1|clk[0]'
Slack : 3.089
TNS   : 0.000

Type  : Slow 1200mV 0C Model Minimum Pulse Width 'MAX10_CLK2_50'
Slack : 9.618
TNS   : 0.000

Type  : Slow 1200mV 0C Model Minimum Pulse Width 'MAX10_CLK1_50'
Slack : 9.857
TNS   : 0.000

Type  : Slow 1200mV 0C Model Minimum Pulse Width 'USB_CLKIN'
Slack : 11.666
TNS   : 0.000

Type  : Slow 1200mV 0C Model Minimum Pulse Width 'NET_RX_CLK'
Slack : 36.000
TNS   : 0.000

Type  : Slow 1200mV 0C Model Minimum Pulse Width 'NET_TX_CLK'
Slack : 36.000
TNS   : 0.000

Type  : Slow 1200mV 0C Model Minimum Pulse Width 'ADC_CLK_10'
Slack : 96.000
TNS   : 0.000

Type  : Slow 1200mV 0C Model Minimum Pulse Width 'u_sys_pll|altpll_component|auto_generated|pll1|clk[0]'
Slack : 325.257
TNS   : 0.000

Type  : Fast 1200mV 0C Model Setup 'u_vpg|u_pll|altpll_component|auto_generated|pll1|clk[0]'
Slack : 5.081
TNS   : 0.000

Type  : Fast 1200mV 0C Model Setup 'MAX10_CLK2_50'
Slack : 18.009
TNS   : 0.000

Type  : Fast 1200mV 0C Model Setup 'u_sys_pll|altpll_component|auto_generated|pll1|clk[0]'
Slack : 646.634
TNS   : 0.000

Type  : Fast 1200mV 0C Model Hold 'u_sys_pll|altpll_component|auto_generated|pll1|clk[0]'
Slack : 0.150
TNS   : 0.000

Type  : Fast 1200mV 0C Model Hold 'u_vpg|u_pll|altpll_component|auto_generated|pll1|clk[0]'
Slack : 0.152
TNS   : 0.000

Type  : Fast 1200mV 0C Model Hold 'MAX10_CLK2_50'
Slack : 0.166
TNS   : 0.000

Type  : Fast 1200mV 0C Model Minimum Pulse Width 'u_vpg|u_pll|altpll_component|auto_generated|pll1|clk[0]'
Slack : 3.144
TNS   : 0.000

Type  : Fast 1200mV 0C Model Minimum Pulse Width 'MAX10_CLK2_50'
Slack : 9.283
TNS   : 0.000

Type  : Fast 1200mV 0C Model Minimum Pulse Width 'MAX10_CLK1_50'
Slack : 9.641
TNS   : 0.000

Type  : Fast 1200mV 0C Model Minimum Pulse Width 'USB_CLKIN'
Slack : 11.666
TNS   : 0.000

Type  : Fast 1200mV 0C Model Minimum Pulse Width 'NET_RX_CLK'
Slack : 36.000
TNS   : 0.000

Type  : Fast 1200mV 0C Model Minimum Pulse Width 'NET_TX_CLK'
Slack : 36.000
TNS   : 0.000

Type  : Fast 1200mV 0C Model Minimum Pulse Width 'ADC_CLK_10'
Slack : 96.000
TNS   : 0.000

Type  : Fast 1200mV 0C Model Minimum Pulse Width 'u_sys_pll|altpll_component|auto_generated|pll1|clk[0]'
Slack : 325.275
TNS   : 0.000

------------------------------------------------------------
