Archive member included to satisfy reference by file (symbol)

c:/altera/15.0_b144/nios2eds/bin/gnu/h-x86_64-mingw32/bin/../lib/gcc/nios2-elf/4.9.1\libgcc.a(floatsisf.o)
                              obj/default/main.o (__floatsisf)
c:/altera/15.0_b144/nios2eds/bin/gnu/h-x86_64-mingw32/bin/../lib/gcc/nios2-elf/4.9.1\libgcc.a(divdf3.o)
                              obj/default/main.o (__divdf3)
c:/altera/15.0_b144/nios2eds/bin/gnu/h-x86_64-mingw32/bin/../lib/gcc/nios2-elf/4.9.1\libgcc.a(muldf3.o)
                              obj/default/main.o (__muldf3)
c:/altera/15.0_b144/nios2eds/bin/gnu/h-x86_64-mingw32/bin/../lib/gcc/nios2-elf/4.9.1\libgcc.a(subdf3.o)
                              obj/default/main.o (__subdf3)
c:/altera/15.0_b144/nios2eds/bin/gnu/h-x86_64-mingw32/bin/../lib/gcc/nios2-elf/4.9.1\libgcc.a(fixdfsi.o)
                              obj/default/main.o (__fixdfsi)
c:/altera/15.0_b144/nios2eds/bin/gnu/h-x86_64-mingw32/bin/../lib/gcc/nios2-elf/4.9.1\libgcc.a(extendsfdf2.o)
                              obj/default/main.o (__extendsfdf2)
c:/altera/15.0_b144/nios2eds/bin/gnu/h-x86_64-mingw32/bin/../lib/gcc/nios2-elf/4.9.1\libgcc.a(truncdfsf2.o)
                              obj/default/main.o (__truncdfsf2)
c:/altera/15.0_b144/nios2eds/bin/gnu/h-x86_64-mingw32/bin/../lib/gcc/nios2-elf/4.9.1\libgcc.a(_clzsi2.o)
                              c:/altera/15.0_b144/nios2eds/bin/gnu/h-x86_64-mingw32/bin/../lib/gcc/nios2-elf/4.9.1\libgcc.a(floatsisf.o) (__clzsi2)
c:/altera/15.0_b144/nios2eds/bin/gnu/h-x86_64-mingw32/bin/../lib/gcc/nios2-elf/4.9.1\libgcc.a(lib2-divmod.o)
                              c:/altera/15.0_b144/nios2eds/bin/gnu/h-x86_64-mingw32/bin/../lib/gcc/nios2-elf/4.9.1\libgcc.a(divdf3.o) (__udivsi3)
c:/altera/15.0_b144/nios2eds/bin/gnu/h-x86_64-mingw32/bin/../lib/gcc/nios2-elf/4.9.1\libgcc.a(_clz.o)
                              c:/altera/15.0_b144/nios2eds/bin/gnu/h-x86_64-mingw32/bin/../lib/gcc/nios2-elf/4.9.1\libgcc.a(_clzsi2.o) (__clz_tab)
c:/altera/15.0_b144/nios2eds/bin/gnu/h-x86_64-mingw32/bin/../lib/gcc/nios2-elf/4.9.1/../../../../../H-x86_64-mingw32/nios2-elf/lib\libc.a(lib_a-printf.o)
                              obj/default/main.o (printf)
c:/altera/15.0_b144/nios2eds/bin/gnu/h-x86_64-mingw32/bin/../lib/gcc/nios2-elf/4.9.1/../../../../../H-x86_64-mingw32/nios2-elf/lib\libc.a(lib_a-puts.o)
                              obj/default/main.o (puts)
c:/altera/15.0_b144/nios2eds/bin/gnu/h-x86_64-mingw32/bin/../lib/gcc/nios2-elf/4.9.1/../../../../../H-x86_64-mingw32/nios2-elf/lib\libc.a(lib_a-strlen.o)
                              c:/altera/15.0_b144/nios2eds/bin/gnu/h-x86_64-mingw32/bin/../lib/gcc/nios2-elf/4.9.1/../../../../../H-x86_64-mingw32/nios2-elf/lib\libc.a(lib_a-puts.o) (strlen)
c:/altera/15.0_b144/nios2eds/bin/gnu/h-x86_64-mingw32/bin/../lib/gcc/nios2-elf/4.9.1/../../../../../H-x86_64-mingw32/nios2-elf/lib\libc.a(lib_a-vfprintf.o)
                              c:/altera/15.0_b144/nios2eds/bin/gnu/h-x86_64-mingw32/bin/../lib/gcc/nios2-elf/4.9.1/../../../../../H-x86_64-mingw32/nios2-elf/lib\libc.a(lib_a-printf.o) (___vfprintf_internal_r)
c:/altera/15.0_b144/nios2eds/bin/gnu/h-x86_64-mingw32/bin/../lib/gcc/nios2-elf/4.9.1/../../../../../H-x86_64-mingw32/nios2-elf/lib\libc.a(lib_a-wsetup.o)
                              c:/altera/15.0_b144/nios2eds/bin/gnu/h-x86_64-mingw32/bin/../lib/gcc/nios2-elf/4.9.1/../../../../../H-x86_64-mingw32/nios2-elf/lib\libc.a(lib_a-vfprintf.o) (__swsetup_r)
c:/altera/15.0_b144/nios2eds/bin/gnu/h-x86_64-mingw32/bin/../lib/gcc/nios2-elf/4.9.1/../../../../../H-x86_64-mingw32/nios2-elf/lib\libc.a(lib_a-dtoa.o)
                              c:/altera/15.0_b144/nios2eds/bin/gnu/h-x86_64-mingw32/bin/../lib/gcc/nios2-elf/4.9.1/../../../../../H-x86_64-mingw32/nios2-elf/lib\libc.a(lib_a-vfprintf.o) (_dtoa_r)
c:/altera/15.0_b144/nios2eds/bin/gnu/h-x86_64-mingw32/bin/../lib/gcc/nios2-elf/4.9.1/../../../../../H-x86_64-mingw32/nios2-elf/lib\libc.a(lib_a-fflush.o)
                              c:/altera/15.0_b144/nios2eds/bin/gnu/h-x86_64-mingw32/bin/../lib/gcc/nios2-elf/4.9.1/../../../../../H-x86_64-mingw32/nios2-elf/lib\libc.a(lib_a-vfprintf.o) (_fflush_r)
c:/altera/15.0_b144/nios2eds/bin/gnu/h-x86_64-mingw32/bin/../lib/gcc/nios2-elf/4.9.1/../../../../../H-x86_64-mingw32/nios2-elf/lib\libc.a(lib_a-findfp.o)
                              c:/altera/15.0_b144/nios2eds/bin/gnu/h-x86_64-mingw32/bin/../lib/gcc/nios2-elf/4.9.1/../../../../../H-x86_64-mingw32/nios2-elf/lib\libc.a(lib_a-vfprintf.o) (__sinit)
c:/altera/15.0_b144/nios2eds/bin/gnu/h-x86_64-mingw32/bin/../lib/gcc/nios2-elf/4.9.1/../../../../../H-x86_64-mingw32/nios2-elf/lib\libc.a(lib_a-freer.o)
                              c:/altera/15.0_b144/nios2eds/bin/gnu/h-x86_64-mingw32/bin/../lib/gcc/nios2-elf/4.9.1/../../../../../H-x86_64-mingw32/nios2-elf/lib\libc.a(lib_a-wsetup.o) (_free_r)
[...]
Memory Configuration

Name             Origin             Length             Attributes
reset            0x0000000000020000 0x0000000000000020
onchip_memory2   0x0000000000020020 0x000000000001f3e0
*default*        0x0000000000000000 0xffffffffffffffff

Linker script and memory map

LOAD ../adc_demo_bsp//obj/HAL/src/crt0.o
LOAD obj/default/main.o
LOAD c:/altera/15.0_b144/nios2eds/bin/gnu/h-x86_64-mingw32/bin/../lib/gcc/nios2-elf/4.9.1/../../../../../H-x86_64-mingw32/nios2-elf/lib\libstdc++.a
LOAD c:/altera/15.0_b144/nios2eds/bin/gnu/h-x86_64-mingw32/bin/../lib/gcc/nios2-elf/4.9.1/../../../../../H-x86_64-mingw32/nios2-elf/lib\libm.a
LOAD c:/altera/15.0_b144/nios2eds/bin/gnu/h-x86_64-mingw32/bin/../lib/gcc/nios2-elf/4.9.1\libgcc.a
START GROUP
LOAD c:/altera/15.0_b144/nios2eds/bin/gnu/h-x86_64-mingw32/bin/../lib/gcc/nios2-elf/4.9.1/../../../../../H-x86_64-mingw32/nios2-elf/lib\libc.a
LOAD c:/altera/15.0_b144/nios2eds/bin/gnu/h-x86_64-mingw32/bin/../lib/gcc/nios2-elf/4.9.1\libgcc.a
LOAD ../adc_demo_bsp/\libhal_bsp.a
LOAD c:/altera/15.0_b144/nios2eds/bin/gnu/h-x86_64-mingw32/bin/../lib/gcc/nios2-elf/4.9.1/../../../../../H-x86_64-mingw32/nios2-elf/lib\libm.a
END GROUP
LOAD c:/altera/15.0_b144/nios2eds/bin/gnu/h-x86_64-mingw32/bin/../lib/gcc/nios2-elf/4.9.1\libgcc.a
                0x0000000000020000                __alt_mem_onchip_memory2 = 0x20000

.entry          0x0000000000020000       0x20
 *(.entry)
 .entry         0x0000000000020000       0x20 ../adc_demo_bsp//obj/HAL/src/crt0.o
                0x0000000000020000                __reset

.exceptions     0x0000000000020020      0x220
                0x0000000000020020                PROVIDE (__ram_exceptions_start, ABSOLUTE (.))
                0x0000000000020020                . = ALIGN (0x20)
 *(.irq)
 *(.exceptions.entry.label)
 .exceptions.entry.label
                0x0000000000020020        0x0 ../adc_demo_bsp/\libhal_bsp.a(alt_irq_entry.o)
                0x0000000000020020                alt_irq_entry
 .exceptions.entry.label
                0x0000000000020020        0x0 ../adc_demo_bsp/\libhal_bsp.a(alt_exception_entry.o)
                0x0000000000020020                alt_exception
 *(.exceptions.entry.user)
 *(.exceptions.entry.ecc_fatal)
 *(.exceptions.entry)
 .exceptions.entry
                0x0000000000020020       0x54 ../adc_demo_bsp/\libhal_bsp.a(alt_exception_entry.o)
 *(.exceptions.irqtest.user)
 *(.exceptions.irqtest)
 .exceptions.irqtest
                0x0000000000020074       0x10 ../adc_demo_bsp/\libhal_bsp.a(alt_irq_entry.o)
 *(.exceptions.irqhandler.user)
 *(.exceptions.irqhandler)
 .exceptions.irqhandler
                0x0000000000020084        0x4 ../adc_demo_bsp/\libhal_bsp.a(alt_irq_entry.o)
 *(.exceptions.irqreturn.user)
 *(.exceptions.irqreturn)
 .exceptions.irqreturn
                0x0000000000020088        0x4 ../adc_demo_bsp/\libhal_bsp.a(alt_irq_entry.o)
 *(.exceptions.notirq.label)
 .exceptions.notirq.label
                0x000000000002008c        0x0 ../adc_demo_bsp/\libhal_bsp.a(alt_irq_entry.o)
 *(.exceptions.notirq.user)
 *(.exceptions.notirq)
 .exceptions.notirq
                0x000000000002008c        0x8 ../adc_demo_bsp/\libhal_bsp.a(alt_exception_entry.o)
 *(.exceptions.soft.user)
 *(.exceptions.soft)
 *(.exceptions.unknown.user)
 *(.exceptions.unknown)
 .exceptions.unknown
                0x0000000000020094       0x14 ../adc_demo_bsp/\libhal_bsp.a(alt_exception_entry.o)
 *(.exceptions.exit.label)
 .exceptions.exit.label
                0x00000000000200a8        0x0 ../adc_demo_bsp/\libhal_bsp.a(alt_irq_entry.o)
 .exceptions.exit.label
                0x00000000000200a8        0x0 ../adc_demo_bsp/\libhal_bsp.a(alt_exception_entry.o)
 *(.exceptions.exit.user)
 *(.exceptions.exit)
 .exceptions.exit
                0x00000000000200a8       0x54 ../adc_demo_bsp/\libhal_bsp.a(alt_exception_entry.o)
 *(.exceptions)
 .exceptions    0x00000000000200fc       0xd0 ../adc_demo_bsp/\libhal_bsp.a(alt_irq_handler.o)
                0x00000000000200fc                alt_irq_handler
 .exceptions    0x00000000000201cc       0x74 ../adc_demo_bsp/\libhal_bsp.a(alt_instruction_exception_entry.o)
                0x00000000000201cc                alt_instruction_exception_entry
                0x0000000000020240                PROVIDE (__ram_exceptions_end, ABSOLUTE (.))
                0x0000000000020020                PROVIDE (__flash_exceptions_start, LOADADDR (.exceptions))

.text           0x0000000000020240     0xfad0
                0x0000000000020240                PROVIDE (stext, ABSOLUTE (.))
 *(.interp)
 *(.hash)
 *(.dynsym)
 *(.dynstr)
 *(.gnu.version)
 *(.gnu.version_d)
 *(.gnu.version_r)
 *(.rel.init)
 *(.rela.init)
 *(.rel.text .rel.text.* .rel.gnu.linkonce.t.*)
 *(.rela.text .rela.text.* .rela.gnu.linkonce.t.*)
 *(.rel.fini)
 *(.rela.fini)
 *(.rel.rodata .rel.rodata.* .rel.gnu.linkonce.r.*)
 *(.rela.rodata .rela.rodata.* .rela.gnu.linkonce.r.*)
 *(.rel.data .rel.data.* .rel.gnu.linkonce.d.*)
 *(.rela.data .rela.data.* .rela.gnu.linkonce.d.*)
 *(.rel.tdata .rel.tdata.* .rel.gnu.linkonce.td.*)
 *(.rela.tdata .rela.tdata.* .rela.gnu.linkonce.td.*)
 *(.rel.tbss .rel.tbss.* .rel.gnu.linkonce.tb.*)
 *(.rela.tbss .rela.tbss.* .rela.gnu.linkonce.tb.*)
 *(.rel.ctors)
 *(.rela.ctors)
 *(.rel.dtors)
 *(.rela.dtors)
 *(.rel.got)
 *(.rela.got)
 *(.rel.sdata .rel.sdata.* .rel.gnu.linkonce.s.*)
 *(.rela.sdata .rela.sdata.* .rela.gnu.linkonce.s.*)
 *(.rel.sbss .rel.sbss.* .rel.gnu.linkonce.sb.*)
 *(.rela.sbss .rela.sbss.* .rela.gnu.linkonce.sb.*)
 *(.rel.sdata2 .rel.sdata2.* .rel.gnu.linkonce.s2.*)
 *(.rela.sdata2 .rela.sdata2.* .rela.gnu.linkonce.s2.*)
 *(.rel.sbss2 .rel.sbss2.* .rel.gnu.linkonce.sb2.*)
 *(.rela.sbss2 .rela.sbss2.* .rela.gnu.linkonce.sb2.*)
 *(.rel.bss .rel.bss.* .rel.gnu.linkonce.b.*)
 *(.rela.bss .rela.bss.* .rela.gnu.linkonce.b.*)
 *(.rel.plt)
 *(.rela.plt)
 *(.rel.dyn)
 *(.init)
 *(.plt)
 *(.text .stub .text.* .gnu.linkonce.t.*)
 .text          0x0000000000020240       0x4c ../adc_demo_bsp//obj/HAL/src/crt0.o
                0x0000000000020240                _start
 .text          0x000000000002028c      0x3e4 obj/default/main.o
                0x000000000002028c                main
 .text          0x0000000000020670      0x134 c:/altera/15.0_b144/nios2eds/bin/gnu/h-x86_64-mingw32/bin/../lib/gcc/nios2-elf/4.9.1\libgcc.a(floatsisf.o)
                0x0000000000020670                __floatsisf
 .text          0x00000000000207a4      0x8cc c:/altera/15.0_b144/nios2eds/bin/gnu/h-x86_64-mingw32/bin/../lib/gcc/nios2-elf/4.9.1\libgcc.a(divdf3.o)
                0x00000000000207a4                __divdf3
 .text          0x0000000000021070      0x724 c:/altera/15.0_b144/nios2eds/bin/gnu/h-x86_64-mingw32/bin/../lib/gcc/nios2-elf/4.9.1\libgcc.a(muldf3.o)
                0x0000000000021070                __muldf3
 .text          0x0000000000021794      0x8d0 c:/altera/15.0_b144/nios2eds/bin/gnu/h-x86_64-mingw32/bin/../lib/gcc/nios2-elf/4.9.1\libgcc.a(subdf3.o)
                0x0000000000021794                __subdf3
 .text          0x0000000000022064       0x88 c:/altera/15.0_b144/nios2eds/bin/gnu/h-x86_64-mingw32/bin/../lib/gcc/nios2-elf/4.9.1\libgcc.a(fixdfsi.o)
                0x0000000000022064                __fixdfsi
 .text          0x00000000000220ec      0x110 c:/altera/15.0_b144/nios2eds/bin/gnu/h-x86_64-mingw32/bin/../lib/gcc/nios2-elf/4.9.1\libgcc.a(extendsfdf2.o)
                0x00000000000220ec                __extendsfdf2
 .text          0x00000000000221fc      0x198 c:/altera/15.0_b144/nios2eds/bin/gnu/h-x86_64-mingw32/bin/../lib/gcc/nios2-elf/4.9.1\libgcc.a(truncdfsf2.o)
                0x00000000000221fc                __truncdfsf2
 .text          0x0000000000022394       0x64 c:/altera/15.0_b144/nios2eds/bin/gnu/h-x86_64-mingw32/bin/../lib/gcc/nios2-elf/4.9.1\libgcc.a(_clzsi2.o)
                0x0000000000022394                __clzsi2
 .text          0x00000000000223f8      0x12c c:/altera/15.0_b144/nios2eds/bin/gnu/h-x86_64-mingw32/bin/../lib/gcc/nios2-elf/4.9.1\libgcc.a(lib2-divmod.o)
                0x0000000000022464                __divsi3
                0x00000000000224b8                __modsi3
                0x0000000000022514                __udivsi3
                0x000000000002251c                __umodsi3
 .text          0x0000000000022524        0x0 c:/altera/15.0_b144/nios2eds/bin/gnu/h-x86_64-mingw32/bin/../lib/gcc/nios2-elf/4.9.1\libgcc.a(_clz.o)
 .text          0x0000000000022524       0x68 c:/altera/15.0_b144/nios2eds/bin/gnu/h-x86_64-mingw32/bin/../lib/gcc/nios2-elf/4.9.1/../../../../../H-x86_64-mingw32/nios2-elf/lib\libc.a(lib_a-printf.o)
                0x0000000000022524                _printf_r
                0x0000000000022550                printf
 .text          0x000000000002258c       0xcc c:/altera/15.0_b144/nios2eds/bin/gnu/h-x86_64-mingw32/bin/../lib/gcc/nios2-elf/4.9.1/../../../../../H-x86_64-mingw32/nios2-elf/lib\libc.a(lib_a-puts.o)
                0x000000000002258c                _puts_r
                0x0000000000022644                puts
 .text          0x0000000000022658       0x98 c:/altera/15.0_b144/nios2eds/bin/gnu/h-x86_64-mingw32/bin/../lib/gcc/nios2-elf/4.9.1/../../../../../H-x86_64-mingw32/nios2-elf/lib\libc.a(lib_a-strlen.o)
                0x0000000000022658                strlen
 .text          0x00000000000226f0     0x2020 c:/altera/15.0_b144/nios2eds/bin/gnu/h-x86_64-mingw32/bin/../lib/gcc/nios2-elf/4.9.1/../../../../../H-x86_64-mingw32/nios2-elf/lib\libc.a(lib_a-vfprintf.o)
                0x00000000000226f0                ___vfprintf_internal_r
                0x00000000000246ec                __vfprintf_internal
 .text          0x0000000000024710      0x130 c:/altera/15.0_b144/nios2eds/bin/gnu/h-x86_64-mingw32/bin/../lib/gcc/nios2-elf/4.9.1/../../../../../H-x86_64-mingw32/nios2-elf/lib\libc.a(lib_a-wsetup.o)
                0x0000000000024710                __swsetup_r
 .text          0x0000000000024840     0x1928 c:/altera/15.0_b144/nios2eds/bin/gnu/h-x86_64-mingw32/bin/../lib/gcc/nios2-elf/4.9.1/../../../../../H-x86_64-mingw32/nios2-elf/lib\libc.a(lib_a-dtoa.o)
                0x0000000000024a40                _dtoa_r
 .text          0x0000000000026168      0x258 c:/altera/15.0_b144/nios2eds/bin/gnu/h-x86_64-mingw32/bin/../lib/gcc/nios2-elf/4.9.1/../../../../../H-x86_64-mingw32/nios2-elf/lib\libc.a(lib_a-fflush.o)
                0x0000000000026168                _fflush_r
                0x0000000000026390                fflush
 .text          0x00000000000263c0      0x3a0 c:/altera/15.0_b144/nios2eds/bin/gnu/h-x86_64-mingw32/bin/../lib/gcc/nios2-elf/4.9.1/../../../../../H-x86_64-mingw32/nios2-elf/lib\libc.a(lib_a-findfp.o)
                0x00000000000263d0                _cleanup_r
                0x000000000002657c                __sfmoreglue
                0x00000000000265e0                __sfp
                0x00000000000266f8                _cleanup
                0x0000000000026710                __sinit
                0x0000000000026720                __sfp_lock_acquire
                0x0000000000026724                __sfp_lock_release
                0x0000000000026728                __sinit_lock_acquire
                0x000000000002672c                __sinit_lock_release
                0x0000000000026730                __fp_lock_all
                0x0000000000026748                __fp_unlock_all
 .text          0x0000000000026760      0x414 c:/altera/15.0_b144/nios2eds/bin/gnu/h-x86_64-mingw32/bin/../lib/gcc/nios2-elf/4.9.1/../../../../../H-x86_64-mingw32/nios2-elf/lib\libc.a(lib_a-freer.o)
                0x0000000000026760                _malloc_trim_r
                0x0000000000026884                _free_r
 .text          0x0000000000026b74      0x4a4 c:/altera/15.0_b144/nios2eds/bin/gnu/h-x86_64-mingw32/bin/../lib/gcc/nios2-elf/4.9.1/../../../../../H-x86_64-mingw32/nios2-elf/lib\libc.a(lib_a-fvwrite.o)
                0x0000000000026b74                __sfvwrite_r
 .text          0x0000000000027018      0x170 c:/altera/15.0_b144/nios2eds/bin/gnu/h-x86_64-mingw32/bin/../lib/gcc/nios2-elf/4.9.1/../../../../../H-x86_64-mingw32/nios2-elf/lib\libc.a(lib_a-fwalk.o)
                0x0000000000027018                _fwalk
                0x00000000000270d0                _fwalk_reent
 .text          0x0000000000027188        0x0 c:/altera/15.0_b144/nios2eds/bin/gnu/h-x86_64-mingw32/bin/../lib/gcc/nios2-elf/4.9.1/../../../../../H-x86_64-mingw32/nios2-elf/lib\libc.a(lib_a-impure.o)
 .text          0x0000000000027188       0xe0 c:/altera/15.0_b144/nios2eds/bin/gnu/h-x86_64-mingw32/bin/../lib/gcc/nios2-elf/4.9.1/../../../../../H-x86_64-mingw32/nios2-elf/lib\libc.a(lib_a-locale.o)
                0x0000000000027188                _setlocale_r
                0x0000000000027204                __locale_charset
                0x0000000000027210                __locale_mb_cur_max
                0x0000000000027220                __locale_msgcharset
                0x000000000002722c                __locale_cjk_lang
                0x0000000000027234                _localeconv_r
                0x0000000000027240                setlocale
                0x000000000002725c                localeconv
 .text          0x0000000000027268      0x1b8 c:/altera/15.0_b144/nios2eds/bin/gnu/h-x86_64-mingw32/bin/../lib/gcc/nios2-elf/4.9.1/../../../../../H-x86_64-mingw32/nios2-elf/lib\libc.a(lib_a-makebuf.o)
                0x0000000000027268                __smakebuf_r
 .text          0x0000000000027420      0x7a8 c:/altera/15.0_b144/nios2eds/bin/gnu/h-x86_64-mingw32/bin/../lib/gcc/nios2-elf/4.9.1/../../../../../H-x86_64-mingw32/nios2-elf/lib\libc.a(lib_a-mallocr.o)
                0x0000000000027420                _malloc_r
 .text          0x0000000000027bc8       0xe8 c:/altera/15.0_b144/nios2eds/bin/gnu/h-x86_64-mingw32/bin/../lib/gcc/nios2-elf/4.9.1/../../../../../H-x86_64-mingw32/nios2-elf/lib\libc.a(lib_a-memchr.o)
                0x0000000000027bc8                memchr
 .text          0x0000000000027cb0      0x138 c:/altera/15.0_b144/nios2eds/bin/gnu/h-x86_64-mingw32/bin/../lib/gcc/nios2-elf/4.9.1/../../../../../H-x86_64-mingw32/nios2-elf/lib\libc.a(lib_a-memcpy.o)
                0x0000000000027cb0                memcpy
 .text          0x0000000000027de8      0x15c c:/altera/15.0_b144/nios2eds/bin/gnu/h-x86_64-mingw32/bin/../lib/gcc/nios2-elf/4.9.1/../../../../../H-x86_64-mingw32/nios2-elf/lib\libc.a(lib_a-memmove.o)
                0x0000000000027de8                memmove
 .text          0x0000000000027f44      0x124 c:/altera/15.0_b144/nios2eds/bin/gnu/h-x86_64-mingw32/bin/../lib/gcc/nios2-elf/4.9.1/../../../../../H-x86_64-mingw32/nios2-elf/lib\libc.a(lib_a-memset.o)
                0x0000000000027f44                memset
 .text          0x0000000000028068      0xf8c c:/altera/15.0_b144/nios2eds/bin/gnu/h-x86_64-mingw32/bin/../lib/gcc/nios2-elf/4.9.1/../../../../../H-x86_64-mingw32/nios2-elf/lib\libc.a(lib_a-mprec.o)
                0x0000000000028068                _Balloc
                0x0000000000028110                _Bfree
                0x0000000000028138                __multadd
                0x000000000002824c                __s2b
                0x0000000000028350                __hi0bits
                0x00000000000283b8                __lo0bits
                0x0000000000028468                __i2b
                0x00000000000284a4                __multiply
                0x00000000000286a0                __pow5mult
                0x00000000000287e0                __lshift
                0x0000000000028928                __mcmp
                0x0000000000028988                __mdiff
                0x0000000000028b20                __ulp
                0x0000000000028b80                __b2d
                0x0000000000028c9c                __d2b
                0x0000000000028dd8                __ratio
                0x0000000000028e7c                _mprec_log10
                0x0000000000028ef0                __copybits
                0x0000000000028f68                __any_on
 .text          0x0000000000028ff4      0x5a0 c:/altera/15.0_b144/nios2eds/bin/gnu/h-x86_64-mingw32/bin/../lib/gcc/nios2-elf/4.9.1/../../../../../H-x86_64-mingw32/nios2-elf/lib\libc.a(lib_a-reallocr.o)
                0x0000000000028ff4                _realloc_r
 .text          0x0000000000029594       0x74 c:/altera/15.0_b144/nios2eds/bin/gnu/h-x86_64-mingw32/bin/../lib/gcc/nios2-elf/4.9.1/../../../../../H-x86_64-mingw32/nios2-elf/lib\libc.a(lib_a-s_fpclassify.o)
                0x0000000000029594                __fpclassifyd
 .text          0x0000000000029608       0x54 c:/altera/15.0_b144/nios2eds/bin/gnu/h-x86_64-mingw32/bin/../lib/gcc/nios2-elf/4.9.1/../../../../../H-x86_64-mingw32/nios2-elf/lib\libc.a(lib_a-sbrkr.o)
                0x0000000000029608                _sbrk_r
 .text          0x000000000002965c      0x13c c:/altera/15.0_b144/nios2eds/bin/gnu/h-x86_64-mingw32/bin/../lib/gcc/nios2-elf/4.9.1/../../../../../H-x86_64-mingw32/nios2-elf/lib\libc.a(lib_a-stdio.o)
                0x000000000002965c                __sread
                0x00000000000296b0                __seofread
                0x00000000000296b8                __swrite
                0x0000000000029734                __sseek
                0x0000000000029790                __sclose
 .text          0x0000000000029798       0xa4 c:/altera/15.0_b144/nios2eds/bin/gnu/h-x86_64-mingw32/bin/../lib/gcc/nios2-elf/4.9.1/../../../../../H-x86_64-mingw32/nios2-elf/lib\libc.a(lib_a-strcmp.o)
                0x0000000000029798                strcmp
 .text          0x000000000002983c     0x1494 c:/altera/15.0_b144/nios2eds/bin/gnu/h-x86_64-mingw32/bin/../lib/gcc/nios2-elf/4.9.1/../../../../../H-x86_64-mingw32/nios2-elf/lib\libc.a(lib_a-vfiprintf.o)
                0x0000000000029938                __sprint_r
                0x0000000000029950                ___vfiprintf_internal_r
                0x000000000002acac                __vfiprintf_internal
 .text          0x000000000002acd0       0x5c c:/altera/15.0_b144/nios2eds/bin/gnu/h-x86_64-mingw32/bin/../lib/gcc/nios2-elf/4.9.1/../../../../../H-x86_64-mingw32/nios2-elf/lib\libc.a(lib_a-writer.o)
                0x000000000002acd0                _write_r
 .text          0x000000000002ad2c       0x54 c:/altera/15.0_b144/nios2eds/bin/gnu/h-x86_64-mingw32/bin/../lib/gcc/nios2-elf/4.9.1/../../../../../H-x86_64-mingw32/nios2-elf/lib\libc.a(closer.o)
                0x000000000002ad2c                _close_r
 .text          0x000000000002ad80       0xc4 c:/altera/15.0_b144/nios2eds/bin/gnu/h-x86_64-mingw32/bin/../lib/gcc/nios2-elf/4.9.1/../../../../../H-x86_64-mingw32/nios2-elf/lib\libc.a(lib_a-callocr.o)
                0x000000000002ad80                _calloc_r
 .text          0x000000000002ae44      0x114 c:/altera/15.0_b144/nios2eds/bin/gnu/h-x86_64-mingw32/bin/../lib/gcc/nios2-elf/4.9.1/../../../../../H-x86_64-mingw32/nios2-elf/lib\libc.a(lib_a-fclose.o)
                0x000000000002ae44                _fclose_r
                0x000000000002af44                fclose
 .text          0x000000000002af58      0x1dc c:/altera/15.0_b144/nios2eds/bin/gnu/h-x86_64-mingw32/bin/../lib/gcc/nios2-elf/4.9.1/../../../../../H-x86_64-mingw32/nios2-elf/lib\libc.a(lib_a-fputwc.o)
                0x000000000002af58                _fputwc_r
                0x000000000002b0dc                fputwc
 .text          0x000000000002b134       0x58 c:/altera/15.0_b144/nios2eds/bin/gnu/h-x86_64-mingw32/bin/../lib/gcc/nios2-elf/4.9.1/../../../../../H-x86_64-mingw32/nios2-elf/lib\libc.a(lib_a-fstatr.o)
                0x000000000002b134                _fstat_r
 .text          0x000000000002b18c        0x0 c:/altera/15.0_b144/nios2eds/bin/gnu/h-x86_64-mingw32/bin/../lib/gcc/nios2-elf/4.9.1/../../../../../H-x86_64-mingw32/nios2-elf/lib\libc.a(lib_a-int_errno.o)
 .text          0x000000000002b18c       0x54 c:/altera/15.0_b144/nios2eds/bin/gnu/h-x86_64-mingw32/bin/../lib/gcc/nios2-elf/4.9.1/../../../../../H-x86_64-mingw32/nios2-elf/lib\libc.a(lib_a-isattyr.o)
                0x000000000002b18c                _isatty_r
 .text          0x000000000002b1e0       0x5c c:/altera/15.0_b144/nios2eds/bin/gnu/h-x86_64-mingw32/bin/../lib/gcc/nios2-elf/4.9.1/../../../../../H-x86_64-mingw32/nios2-elf/lib\libc.a(lib_a-lseekr.o)
                0x000000000002b1e0                _lseek_r
 .text          0x000000000002b23c       0x5c c:/altera/15.0_b144/nios2eds/bin/gnu/h-x86_64-mingw32/bin/../lib/gcc/nios2-elf/4.9.1/../../../../../H-x86_64-mingw32/nios2-elf/lib\libc.a(lib_a-readr.o)
                0x000000000002b23c                _read_r
 .text          0x000000000002b298      0x170 c:/altera/15.0_b144/nios2eds/bin/gnu/h-x86_64-mingw32/bin/../lib/gcc/nios2-elf/4.9.1/../../../../../H-x86_64-mingw32/nios2-elf/lib\libc.a(lib_a-wbuf.o)
                0x000000000002b298                __swbuf_r
                0x000000000002b3ec                __swbuf
 .text          0x000000000002b408      0x174 c:/altera/15.0_b144/nios2eds/bin/gnu/h-x86_64-mingw32/bin/../lib/gcc/nios2-elf/4.9.1/../../../../../H-x86_64-mingw32/nios2-elf/lib\libc.a(lib_a-wcrtomb.o)
                0x000000000002b408                _wcrtomb_r
                0x000000000002b4a4                wcrtomb
 .text          0x000000000002b57c       0x8c c:/altera/15.0_b144/nios2eds/bin/gnu/h-x86_64-mingw32/bin/../lib/gcc/nios2-elf/4.9.1/../../../../../H-x86_64-mingw32/nios2-elf/lib\libc.a(lib_a-wctomb_r.o)
                0x000000000002b57c                __ascii_wctomb
                0x000000000002b5ac                _wctomb_r
 .text          0x000000000002b608      0x5c0 c:/altera/15.0_b144/nios2eds/bin/gnu/h-x86_64-mingw32/bin/../lib/gcc/nios2-elf/4.9.1\libgcc.a(_udivdi3.o)
                0x000000000002b608                __udivdi3
 .text          0x000000000002bbc8      0x590 c:/altera/15.0_b144/nios2eds/bin/gnu/h-x86_64-mingw32/bin/../lib/gcc/nios2-elf/4.9.1\libgcc.a(_umoddi3.o)
                0x000000000002bbc8                __umoddi3
 .text          0x000000000002c158      0x89c c:/altera/15.0_b144/nios2eds/bin/gnu/h-x86_64-mingw32/bin/../lib/gcc/nios2-elf/4.9.1\libgcc.a(adddf3.o)
                0x000000000002c158                __adddf3
 .text          0x000000000002c9f4       0x84 c:/altera/15.0_b144/nios2eds/bin/gnu/h-x86_64-mingw32/bin/../lib/gcc/nios2-elf/4.9.1\libgcc.a(eqdf2.o)
                0x000000000002c9f4                __nedf2
                0x000000000002c9f4                __eqdf2
 .text          0x000000000002ca78       0xe0 c:/altera/15.0_b144/nios2eds/bin/gnu/h-x86_64-mingw32/bin/../lib/gcc/nios2-elf/4.9.1\libgcc.a(gedf2.o)
                0x000000000002ca78                __gedf2
                0x000000000002ca78                __gtdf2
 .text          0x000000000002cb58       0xe0 c:/altera/15.0_b144/nios2eds/bin/gnu/h-x86_64-mingw32/bin/../lib/gcc/nios2-elf/4.9.1\libgcc.a(ledf2.o)
                0x000000000002cb58                __ledf2
                0x000000000002cb58                __ltdf2
 .text          0x000000000002cc38       0xd0 c:/altera/15.0_b144/nios2eds/bin/gnu/h-x86_64-mingw32/bin/../lib/gcc/nios2-elf/4.9.1\libgcc.a(floatsidf.o)
                0x000000000002cc38                __floatsidf
 .text          0x000000000002cd08       0xa4 c:/altera/15.0_b144/nios2eds/bin/gnu/h-x86_64-mingw32/bin/../lib/gcc/nios2-elf/4.9.1\libgcc.a(floatunsidf.o)
                0x000000000002cd08                __floatunsidf
 .text          0x000000000002cdac      0x120 ../adc_demo_bsp/\libhal_bsp.a(alt_close.o)
                0x000000000002cdfc                close
 .text          0x000000000002cecc       0x2c ../adc_demo_bsp/\libhal_bsp.a(alt_dev.o)
 .text          0x000000000002cef8        0x0 ../adc_demo_bsp/\libhal_bsp.a(alt_errno.o)
 .text          0x000000000002cef8      0x100 ../adc_demo_bsp/\libhal_bsp.a(alt_fstat.o)
                0x000000000002cf48                fstat
 .text          0x000000000002cff8       0xf4 ../adc_demo_bsp/\libhal_bsp.a(alt_isatty.o)
                0x000000000002d048                isatty
 .text          0x000000000002d0ec       0xe4 ../adc_demo_bsp/\libhal_bsp.a(alt_load.o)
                0x000000000002d150                alt_load
 .text          0x000000000002d1d0      0x124 ../adc_demo_bsp/\libhal_bsp.a(alt_lseek.o)
                0x000000000002d220                lseek
 .text          0x000000000002d2f4       0x78 ../adc_demo_bsp/\libhal_bsp.a(alt_main.o)
                0x000000000002d2f4                alt_main
 .text          0x000000000002d36c       0x40 ../adc_demo_bsp/\libhal_bsp.a(alt_malloc_lock.o)
                0x000000000002d36c                __malloc_lock
                0x000000000002d38c                __malloc_unlock
 .text          0x000000000002d3ac      0x14c ../adc_demo_bsp/\libhal_bsp.a(alt_read.o)
                0x000000000002d3fc                read
 .text          0x000000000002d4f8       0x60 ../adc_demo_bsp/\libhal_bsp.a(alt_release_fd.o)
                0x000000000002d4f8                alt_release_fd
 .text          0x000000000002d558       0xb0 ../adc_demo_bsp/\libhal_bsp.a(alt_sbrk.o)
                0x000000000002d558                sbrk
 .text          0x000000000002d608       0x30 ../adc_demo_bsp/\libhal_bsp.a(alt_usleep.o)
                0x000000000002d608                usleep
 .text          0x000000000002d638      0x148 ../adc_demo_bsp/\libhal_bsp.a(alt_write.o)
                0x000000000002d688                write
 .text          0x000000000002d780       0xf4 ../adc_demo_bsp/\libhal_bsp.a(alt_sys_init.o)
                0x000000000002d7b8                alt_irq_init
                0x000000000002d7ec                alt_sys_init
 .text          0x000000000002d874      0x164 ../adc_demo_bsp/\libhal_bsp.a(altera_avalon_jtag_uart_fd.o)
                0x000000000002d874                altera_avalon_jtag_uart_read_fd
                0x000000000002d8d4                altera_avalon_jtag_uart_write_fd
                0x000000000002d934                altera_avalon_jtag_uart_close_fd
                0x000000000002d984                altera_avalon_jtag_uart_ioctl_fd
 .text          0x000000000002d9d8      0x3d8 ../adc_demo_bsp/\libhal_bsp.a(altera_avalon_jtag_uart_init.o)
                0x000000000002d9d8                altera_avalon_jtag_uart_init
                0x000000000002dd48                altera_avalon_jtag_uart_close
 .text          0x000000000002ddb0       0xec ../adc_demo_bsp/\libhal_bsp.a(altera_avalon_jtag_uart_ioctl.o)
                0x000000000002ddb0                altera_avalon_jtag_uart_ioctl
 .text          0x000000000002de9c      0x20c ../adc_demo_bsp/\libhal_bsp.a(altera_avalon_jtag_uart_read.o)
                0x000000000002de9c                altera_avalon_jtag_uart_read
 .text          0x000000000002e0a8      0x218 ../adc_demo_bsp/\libhal_bsp.a(altera_avalon_jtag_uart_write.o)
                0x000000000002e0a8                altera_avalon_jtag_uart_write
 .text          0x000000000002e2c0       0xfc ../adc_demo_bsp/\libhal_bsp.a(altera_avalon_timer_sc.o)
                0x000000000002e334                alt_avalon_timer_sc_init
 .text          0x000000000002e3bc      0x540 ../adc_demo_bsp/\libhal_bsp.a(altera_modular_adc.o)
                0x000000000002e460                alt_adc_word_read
                0x000000000002e50c                altera_modular_adc_init
                0x000000000002e57c                alt_adc_register_callback
                0x000000000002e614                altera_modular_adc_open
                0x000000000002e654                adc_stop
                0x000000000002e6a0                adc_start
                0x000000000002e6d4                adc_set_mode_run_once
                0x000000000002e710                adc_set_mode_run_continuously
                0x000000000002e748                adc_recalibrate
                0x000000000002e7c0                adc_interrupt_enable
                0x000000000002e800                adc_interrupt_disable
                0x000000000002e844                adc_clear_interrupt_status
                0x000000000002e884                adc_interrupt_asserted
                0x000000000002e8c4                adc_wait_for_interrupt
 .text          0x000000000002e8fc      0x140 ../adc_demo_bsp/\libhal_bsp.a(alt_alarm_start.o)
                0x000000000002e8fc                alt_alarm_start
 .text          0x000000000002ea3c      0x158 ../adc_demo_bsp/\libhal_bsp.a(alt_busy_sleep.o)
                0x000000000002ea3c                alt_busy_sleep
 .text          0x000000000002eb94       0x44 ../adc_demo_bsp/\libhal_bsp.a(alt_dcache_flush_all.o)
                0x000000000002eb94                alt_dcache_flush_all
 .text          0x000000000002ebd8       0xf4 ../adc_demo_bsp/\libhal_bsp.a(alt_dev_llist_insert.o)
                0x000000000002ec28                alt_dev_llist_insert
 .text          0x000000000002eccc       0x5c ../adc_demo_bsp/\libhal_bsp.a(alt_do_ctors.o)
                0x000000000002eccc                _do_ctors
 .text          0x000000000002ed28       0x5c ../adc_demo_bsp/\libhal_bsp.a(alt_do_dtors.o)
                0x000000000002ed28                _do_dtors
 .text          0x000000000002ed84       0x90 ../adc_demo_bsp/\libhal_bsp.a(alt_find_dev.o)
                0x000000000002ed84                alt_find_dev
 .text          0x000000000002ee14       0x30 ../adc_demo_bsp/\libhal_bsp.a(alt_icache_flush_all.o)
                0x000000000002ee14                alt_icache_flush_all
 .text          0x000000000002ee44      0x1e0 ../adc_demo_bsp/\libhal_bsp.a(alt_iic.o)
                0x000000000002ee44                alt_ic_isr_register
                0x000000000002ee94                alt_ic_irq_enable
                0x000000000002ef34                alt_ic_irq_disable
                0x000000000002efd8                alt_ic_irq_enabled
 .text          0x000000000002f024       0xf0 ../adc_demo_bsp/\libhal_bsp.a(alt_iic_isr_register.o)
                0x000000000002f024                alt_iic_isr_register
 .text          0x000000000002f114      0x138 ../adc_demo_bsp/\libhal_bsp.a(alt_io_redirect.o)
                0x000000000002f1d4                alt_io_redirect
 .text          0x000000000002f24c        0x0 ../adc_demo_bsp/\libhal_bsp.a(alt_irq_entry.o)
 .text          0x000000000002f24c        0x0 ../adc_demo_bsp/\libhal_bsp.a(alt_irq_handler.o)
 .text          0x000000000002f24c        0x0 ../adc_demo_bsp/\libhal_bsp.a(alt_irq_vars.o)
 .text          0x000000000002f24c      0x274 ../adc_demo_bsp/\libhal_bsp.a(alt_open.o)
                0x000000000002f368                open
 .text          0x000000000002f4c0      0x19c ../adc_demo_bsp/\libhal_bsp.a(alt_tick.o)
                0x000000000002f4c0                alt_alarm_stop
                0x000000000002f558                alt_tick
 .text          0x000000000002f65c       0x20 ../adc_demo_bsp/\libhal_bsp.a(altera_nios2_gen2_irq.o)
                0x000000000002f65c                altera_nios2_gen2_irq_init
 .text          0x000000000002f67c        0x0 ../adc_demo_bsp/\libhal_bsp.a(alt_exception_entry.o)
 .text          0x000000000002f67c      0x114 ../adc_demo_bsp/\libhal_bsp.a(alt_find_file.o)
                0x000000000002f67c                alt_find_file
 .text          0x000000000002f790       0xb4 ../adc_demo_bsp/\libhal_bsp.a(alt_get_fd.o)
                0x000000000002f790                alt_get_fd
 .text          0x000000000002f844       0x8c ../adc_demo_bsp/\libhal_bsp.a(alt_icache_flush.o)
                0x000000000002f844                alt_icache_flush
 .text          0x000000000002f8d0       0x9c ../adc_demo_bsp/\libhal_bsp.a(alt_instruction_exception_entry.o)
                0x000000000002f8d0                alt_exception_cause_generated_bad_addr
 .text          0x000000000002f96c       0x14 c:/altera/15.0_b144/nios2eds/bin/gnu/h-x86_64-mingw32/bin/../lib/gcc/nios2-elf/4.9.1/../../../../../H-x86_64-mingw32/nios2-elf/lib\libc.a(lib_a-atexit.o)
                0x000000000002f96c                atexit
 .text          0x000000000002f980       0x38 c:/altera/15.0_b144/nios2eds/bin/gnu/h-x86_64-mingw32/bin/../lib/gcc/nios2-elf/4.9.1/../../../../../H-x86_64-mingw32/nios2-elf/lib\libc.a(lib_a-exit.o)
                0x000000000002f980                exit
 .text          0x000000000002f9b8       0x7c c:/altera/15.0_b144/nios2eds/bin/gnu/h-x86_64-mingw32/bin/../lib/gcc/nios2-elf/4.9.1/../../../../../H-x86_64-mingw32/nios2-elf/lib\libc.a(lib_a-memcmp.o)
                0x000000000002f9b8                memcmp
 .text          0x000000000002fa34      0x114 c:/altera/15.0_b144/nios2eds/bin/gnu/h-x86_64-mingw32/bin/../lib/gcc/nios2-elf/4.9.1/../../../../../H-x86_64-mingw32/nios2-elf/lib\libc.a(lib_a-__atexit.o)
                0x000000000002fa34                __register_exitproc
 .text          0x000000000002fb48      0x194 c:/altera/15.0_b144/nios2eds/bin/gnu/h-x86_64-mingw32/bin/../lib/gcc/nios2-elf/4.9.1/../../../../../H-x86_64-mingw32/nios2-elf/lib\libc.a(lib_a-__call_atexit.o)
                0x000000000002fb48                __call_exitprocs
 .text          0x000000000002fcdc       0x34 ../adc_demo_bsp/\libhal_bsp.a(alt_exit.o)
                0x000000000002fcdc                _exit
 *(.gnu.warning.*)
 *(.fini)
                0x000000000002fd10                PROVIDE (__etext, ABSOLUTE (.))
                0x000000000002fd10                PROVIDE (_etext, ABSOLUTE (.))
                0x000000000002fd10                PROVIDE (etext, ABSOLUTE (.))
 *(.eh_frame_hdr)
                0x000000000002fd10                . = ALIGN (0x4)
                0x000000000002fd10                PROVIDE (__preinit_array_start, ABSOLUTE (.))
 *(.preinit_array)
                0x000000000002fd10                PROVIDE (__preinit_array_end, ABSOLUTE (.))
                0x000000000002fd10                PROVIDE (__init_array_start, ABSOLUTE (.))
 *(.init_array)
                0x000000000002fd10                PROVIDE (__init_array_end, ABSOLUTE (.))
                0x000000000002fd10                PROVIDE (__fini_array_start, ABSOLUTE (.))
 *(.fini_array)
                0x000000000002fd10                PROVIDE (__fini_array_end, ABSOLUTE (.))
 *(.eh_frame)
 *(.gcc_except_table .gcc_except_table.*)
 *(.dynamic)
                0x000000000002fd10                PROVIDE (__CTOR_LIST__, ABSOLUTE (.))
 *(.ctors)
 *(SORT(.ctors.*))
                0x000000000002fd10                PROVIDE (__CTOR_END__, ABSOLUTE (.))
                0x000000000002fd10                PROVIDE (__DTOR_LIST__, ABSOLUTE (.))
 *(.dtors)
 *(SORT(.dtors.*))
                0x000000000002fd10                PROVIDE (__DTOR_END__, ABSOLUTE (.))
 *(.jcr)
                0x000000000002fd10                . = ALIGN (0x4)

.rodata         0x000000000002fd10      0x390
                0x000000000002fd10                PROVIDE (__ram_rodata_start, ABSOLUTE (.))
                0x000000000002fd10                . = ALIGN (0x4)
 *(.rodata .rodata.* .gnu.linkonce.r.*)
 .rodata        0x000000000002fd10       0x50 obj/default/main.o
 .rodata        0x000000000002fd60      0x100 c:/altera/15.0_b144/nios2eds/bin/gnu/h-x86_64-mingw32/bin/../lib/gcc/nios2-elf/4.9.1\libgcc.a(_clz.o)
                0x000000000002fd60                __clz_tab
 .rodata.str1.4
                0x000000000002fe60        0x2 c:/altera/15.0_b144/nios2eds/bin/gnu/h-x86_64-mingw32/bin/../lib/gcc/nios2-elf/4.9.1/../../../../../H-x86_64-mingw32/nios2-elf/lib\libc.a(lib_a-puts.o)
                                          0x4 (size before relaxing)
 *fill*         0x000000000002fe62        0x2 
 .rodata.str1.4
                0x000000000002fe64       0x42 c:/altera/15.0_b144/nios2eds/bin/gnu/h-x86_64-mingw32/bin/../lib/gcc/nios2-elf/4.9.1/../../../../../H-x86_64-mingw32/nios2-elf/lib\libc.a(lib_a-vfprintf.o)
                                         0x44 (size before relaxing)
 .rodata        0x000000000002fea6       0x20 c:/altera/15.0_b144/nios2eds/bin/gnu/h-x86_64-mingw32/bin/../lib/gcc/nios2-elf/4.9.1/../../../../../H-x86_64-mingw32/nios2-elf/lib\libc.a(lib_a-vfprintf.o)
 *fill*         0x000000000002fec6        0x2 
 .rodata.str1.4
                0x000000000002fec8       0x10 c:/altera/15.0_b144/nios2eds/bin/gnu/h-x86_64-mingw32/bin/../lib/gcc/nios2-elf/4.9.1/../../../../../H-x86_64-mingw32/nios2-elf/lib\libc.a(lib_a-dtoa.o)
                                         0x14 (size before relaxing)
 .rodata.str1.4
                0x000000000002fed8        0x2 c:/altera/15.0_b144/nios2eds/bin/gnu/h-x86_64-mingw32/bin/../lib/gcc/nios2-elf/4.9.1/../../../../../H-x86_64-mingw32/nios2-elf/lib\libc.a(lib_a-impure.o)
                                          0x4 (size before relaxing)
 *fill*         0x000000000002feda        0x2 
 .rodata.str1.4
                0x000000000002fedc        0xc c:/altera/15.0_b144/nios2eds/bin/gnu/h-x86_64-mingw32/bin/../lib/gcc/nios2-elf/4.9.1/../../../../../H-x86_64-mingw32/nios2-elf/lib\libc.a(lib_a-locale.o)
                                         0x14 (size before relaxing)
 .rodata        0x000000000002fee8      0x124 c:/altera/15.0_b144/nios2eds/bin/gnu/h-x86_64-mingw32/bin/../lib/gcc/nios2-elf/4.9.1/../../../../../H-x86_64-mingw32/nios2-elf/lib\libc.a(lib_a-mprec.o)
                0x000000000002fef4                __mprec_tinytens
                0x000000000002ff1c                __mprec_bigtens
                0x000000000002ff44                __mprec_tens
 .rodata.str1.4
                0x0000000000000000       0x30 c:/altera/15.0_b144/nios2eds/bin/gnu/h-x86_64-mingw32/bin/../lib/gcc/nios2-elf/4.9.1/../../../../../H-x86_64-mingw32/nios2-elf/lib\libc.a(lib_a-vfiprintf.o)
 .rodata        0x000000000003000c       0x20 c:/altera/15.0_b144/nios2eds/bin/gnu/h-x86_64-mingw32/bin/../lib/gcc/nios2-elf/4.9.1/../../../../../H-x86_64-mingw32/nios2-elf/lib\libc.a(lib_a-vfiprintf.o)
 .rodata        0x000000000003002c        0xc ../adc_demo_bsp/\libhal_bsp.a(alt_dev.o)
 .rodata        0x0000000000030038       0x10 ../adc_demo_bsp/\libhal_bsp.a(alt_main.o)
 .rodata        0x0000000000030048       0x58 ../adc_demo_bsp/\libhal_bsp.a(alt_sys_init.o)
 *(.rodata1)
                0x00000000000300a0                . = ALIGN (0x4)
                0x00000000000300a0                PROVIDE (__ram_rodata_end, ABSOLUTE (.))
                0x000000000002fd10                PROVIDE (__flash_rodata_start, LOADADDR (.rodata))

.rwdata         0x00000000000300a0     0x1b6c load address 0x0000000000031c0c
                0x00000000000300a0                PROVIDE (__ram_rwdata_start, ABSOLUTE (.))
                0x00000000000300a0                . = ALIGN (0x4)
 *(.got.plt)
 *(.got)
 *(.data1)
 *(.data .data.* .gnu.linkonce.d.*)
 .data          0x00000000000300a0        0x0 ../adc_demo_bsp//obj/HAL/src/crt0.o
 .data          0x00000000000300a0        0x0 obj/default/main.o
 .data          0x00000000000300a0        0x0 c:/altera/15.0_b144/nios2eds/bin/gnu/h-x86_64-mingw32/bin/../lib/gcc/nios2-elf/4.9.1\libgcc.a(floatsisf.o)
 .data          0x00000000000300a0        0x0 c:/altera/15.0_b144/nios2eds/bin/gnu/h-x86_64-mingw32/bin/../lib/gcc/nios2-elf/4.9.1\libgcc.a(divdf3.o)
 .data          0x00000000000300a0        0x0 c:/altera/15.0_b144/nios2eds/bin/gnu/h-x86_64-mingw32/bin/../lib/gcc/nios2-elf/4.9.1\libgcc.a(muldf3.o)
 .data          0x00000000000300a0        0x0 c:/altera/15.0_b144/nios2eds/bin/gnu/h-x86_64-mingw32/bin/../lib/gcc/nios2-elf/4.9.1\libgcc.a(subdf3.o)
 .data          0x00000000000300a0        0x0 c:/altera/15.0_b144/nios2eds/bin/gnu/h-x86_64-mingw32/bin/../lib/gcc/nios2-elf/4.9.1\libgcc.a(fixdfsi.o)
 .data          0x00000000000300a0        0x0 c:/altera/15.0_b144/nios2eds/bin/gnu/h-x86_64-mingw32/bin/../lib/gcc/nios2-elf/4.9.1\libgcc.a(extendsfdf2.o)
 .data          0x00000000000300a0        0x0 c:/altera/15.0_b144/nios2eds/bin/gnu/h-x86_64-mingw32/bin/../lib/gcc/nios2-elf/4.9.1\libgcc.a(truncdfsf2.o)
 .data          0x00000000000300a0        0x0 c:/altera/15.0_b144/nios2eds/bin/gnu/h-x86_64-mingw32/bin/../lib/gcc/nios2-elf/4.9.1\libgcc.a(_clzsi2.o)
 .data          0x00000000000300a0        0x0 c:/altera/15.0_b144/nios2eds/bin/gnu/h-x86_64-mingw32/bin/../lib/gcc/nios2-elf/4.9.1\libgcc.a(lib2-divmod.o)
 .data          0x00000000000300a0        0x0 c:/altera/15.0_b144/nios2eds/bin/gnu/h-x86_64-mingw32/bin/../lib/gcc/nios2-elf/4.9.1\libgcc.a(_clz.o)
 .data          0x00000000000300a0        0x0 c:/altera/15.0_b144/nios2eds/bin/gnu/h-x86_64-mingw32/bin/../lib/gcc/nios2-elf/4.9.1/../../../../../H-x86_64-mingw32/nios2-elf/lib\libc.a(lib_a-printf.o)
 .data          0x00000000000300a0        0x0 c:/altera/15.0_b144/nios2eds/bin/gnu/h-x86_64-mingw32/bin/../lib/gcc/nios2-elf/4.9.1/../../../../../H-x86_64-mingw32/nios2-elf/lib\libc.a(lib_a-puts.o)
 .data          0x00000000000300a0        0x0 c:/altera/15.0_b144/nios2eds/bin/gnu/h-x86_64-mingw32/bin/../lib/gcc/nios2-elf/4.9.1/../../../../../H-x86_64-mingw32/nios2-elf/lib\libc.a(lib_a-strlen.o)
 .data          0x00000000000300a0        0x0 c:/altera/15.0_b144/nios2eds/bin/gnu/h-x86_64-mingw32/bin/../lib/gcc/nios2-elf/4.9.1/../../../../../H-x86_64-mingw32/nios2-elf/lib\libc.a(lib_a-vfprintf.o)
 .data          0x00000000000300a0        0x0 c:/altera/15.0_b144/nios2eds/bin/gnu/h-x86_64-mingw32/bin/../lib/gcc/nios2-elf/4.9.1/../../../../../H-x86_64-mingw32/nios2-elf/lib\libc.a(lib_a-wsetup.o)
 .data          0x00000000000300a0        0x0 c:/altera/15.0_b144/nios2eds/bin/gnu/h-x86_64-mingw32/bin/../lib/gcc/nios2-elf/4.9.1/../../../../../H-x86_64-mingw32/nios2-elf/lib\libc.a(lib_a-dtoa.o)
 .data          0x00000000000300a0        0x0 c:/altera/15.0_b144/nios2eds/bin/gnu/h-x86_64-mingw32/bin/../lib/gcc/nios2-elf/4.9.1/../../../../../H-x86_64-mingw32/nios2-elf/lib\libc.a(lib_a-fflush.o)
 .data          0x00000000000300a0        0x0 c:/altera/15.0_b144/nios2eds/bin/gnu/h-x86_64-mingw32/bin/../lib/gcc/nios2-elf/4.9.1/../../../../../H-x86_64-mingw32/nios2-elf/lib\libc.a(lib_a-findfp.o)
 .data          0x00000000000300a0        0x0 c:/altera/15.0_b144/nios2eds/bin/gnu/h-x86_64-mingw32/bin/../lib/gcc/nios2-elf/4.9.1/../../../../../H-x86_64-mingw32/nios2-elf/lib\libc.a(lib_a-freer.o)
 .data          0x00000000000300a0        0x0 c:/altera/15.0_b144/nios2eds/bin/gnu/h-x86_64-mingw32/bin/../lib/gcc/nios2-elf/4.9.1/../../../../../H-x86_64-mingw32/nios2-elf/lib\libc.a(lib_a-fvwrite.o)
 .data          0x00000000000300a0        0x0 c:/altera/15.0_b144/nios2eds/bin/gnu/h-x86_64-mingw32/bin/../lib/gcc/nios2-elf/4.9.1/../../../../../H-x86_64-mingw32/nios2-elf/lib\libc.a(lib_a-fwalk.o)
 .data          0x00000000000300a0      0x424 c:/altera/15.0_b144/nios2eds/bin/gnu/h-x86_64-mingw32/bin/../lib/gcc/nios2-elf/4.9.1/../../../../../H-x86_64-mingw32/nios2-elf/lib\libc.a(lib_a-impure.o)
 .data          0x00000000000304c4       0x78 c:/altera/15.0_b144/nios2eds/bin/gnu/h-x86_64-mingw32/bin/../lib/gcc/nios2-elf/4.9.1/../../../../../H-x86_64-mingw32/nios2-elf/lib\libc.a(lib_a-locale.o)
 .data          0x000000000003053c        0x0 c:/altera/15.0_b144/nios2eds/bin/gnu/h-x86_64-mingw32/bin/../lib/gcc/nios2-elf/4.9.1/../../../../../H-x86_64-mingw32/nios2-elf/lib\libc.a(lib_a-makebuf.o)
 .data          0x000000000003053c      0x408 c:/altera/15.0_b144/nios2eds/bin/gnu/h-x86_64-mingw32/bin/../lib/gcc/nios2-elf/4.9.1/../../../../../H-x86_64-mingw32/nios2-elf/lib\libc.a(lib_a-mallocr.o)
                0x000000000003053c                __malloc_av_
 .data          0x0000000000030944        0x0 c:/altera/15.0_b144/nios2eds/bin/gnu/h-x86_64-mingw32/bin/../lib/gcc/nios2-elf/4.9.1/../../../../../H-x86_64-mingw32/nios2-elf/lib\libc.a(lib_a-memchr.o)
 .data          0x0000000000030944        0x0 c:/altera/15.0_b144/nios2eds/bin/gnu/h-x86_64-mingw32/bin/../lib/gcc/nios2-elf/4.9.1/../../../../../H-x86_64-mingw32/nios2-elf/lib\libc.a(lib_a-memcpy.o)
 .data          0x0000000000030944        0x0 c:/altera/15.0_b144/nios2eds/bin/gnu/h-x86_64-mingw32/bin/../lib/gcc/nios2-elf/4.9.1/../../../../../H-x86_64-mingw32/nios2-elf/lib\libc.a(lib_a-memmove.o)
 .data          0x0000000000030944        0x0 c:/altera/15.0_b144/nios2eds/bin/gnu/h-x86_64-mingw32/bin/../lib/gcc/nios2-elf/4.9.1/../../../../../H-x86_64-mingw32/nios2-elf/lib\libc.a(lib_a-memset.o)
 .data          0x0000000000030944        0x0 c:/altera/15.0_b144/nios2eds/bin/gnu/h-x86_64-mingw32/bin/../lib/gcc/nios2-elf/4.9.1/../../../../../H-x86_64-mingw32/nios2-elf/lib\libc.a(lib_a-mprec.o)
 .data          0x0000000000030944        0x0 c:/altera/15.0_b144/nios2eds/bin/gnu/h-x86_64-mingw32/bin/../lib/gcc/nios2-elf/4.9.1/../../../../../H-x86_64-mingw32/nios2-elf/lib\libc.a(lib_a-reallocr.o)
 .data          0x0000000000030944        0x0 c:/altera/15.0_b144/nios2eds/bin/gnu/h-x86_64-mingw32/bin/../lib/gcc/nios2-elf/4.9.1/../../../../../H-x86_64-mingw32/nios2-elf/lib\libc.a(lib_a-s_fpclassify.o)
 .data          0x0000000000030944        0x0 c:/altera/15.0_b144/nios2eds/bin/gnu/h-x86_64-mingw32/bin/../lib/gcc/nios2-elf/4.9.1/../../../../../H-x86_64-mingw32/nios2-elf/lib\libc.a(lib_a-sbrkr.o)
 .data          0x0000000000030944        0x0 c:/altera/15.0_b144/nios2eds/bin/gnu/h-x86_64-mingw32/bin/../lib/gcc/nios2-elf/4.9.1/../../../../../H-x86_64-mingw32/nios2-elf/lib\libc.a(lib_a-stdio.o)
 .data          0x0000000000030944        0x0 c:/altera/15.0_b144/nios2eds/bin/gnu/h-x86_64-mingw32/bin/../lib/gcc/nios2-elf/4.9.1/../../../../../H-x86_64-mingw32/nios2-elf/lib\libc.a(lib_a-strcmp.o)
 .data          0x0000000000030944        0x0 c:/altera/15.0_b144/nios2eds/bin/gnu/h-x86_64-mingw32/bin/../lib/gcc/nios2-elf/4.9.1/../../../../../H-x86_64-mingw32/nios2-elf/lib\libc.a(lib_a-vfiprintf.o)
 .data          0x0000000000030944        0x0 c:/altera/15.0_b144/nios2eds/bin/gnu/h-x86_64-mingw32/bin/../lib/gcc/nios2-elf/4.9.1/../../../../../H-x86_64-mingw32/nios2-elf/lib\libc.a(lib_a-writer.o)
 .data          0x0000000000030944        0x0 c:/altera/15.0_b144/nios2eds/bin/gnu/h-x86_64-mingw32/bin/../lib/gcc/nios2-elf/4.9.1/../../../../../H-x86_64-mingw32/nios2-elf/lib\libc.a(closer.o)
 .data          0x0000000000030944        0x0 c:/altera/15.0_b144/nios2eds/bin/gnu/h-x86_64-mingw32/bin/../lib/gcc/nios2-elf/4.9.1/../../../../../H-x86_64-mingw32/nios2-elf/lib\libc.a(lib_a-callocr.o)
 .data          0x0000000000030944        0x0 c:/altera/15.0_b144/nios2eds/bin/gnu/h-x86_64-mingw32/bin/../lib/gcc/nios2-elf/4.9.1/../../../../../H-x86_64-mingw32/nios2-elf/lib\libc.a(lib_a-fclose.o)
 .data          0x0000000000030944        0x0 c:/altera/15.0_b144/nios2eds/bin/gnu/h-x86_64-mingw32/bin/../lib/gcc/nios2-elf/4.9.1/../../../../../H-x86_64-mingw32/nios2-elf/lib\libc.a(lib_a-fputwc.o)
 .data          0x0000000000030944        0x0 c:/altera/15.0_b144/nios2eds/bin/gnu/h-x86_64-mingw32/bin/../lib/gcc/nios2-elf/4.9.1/../../../../../H-x86_64-mingw32/nios2-elf/lib\libc.a(lib_a-fstatr.o)
 .data          0x0000000000030944        0x0 c:/altera/15.0_b144/nios2eds/bin/gnu/h-x86_64-mingw32/bin/../lib/gcc/nios2-elf/4.9.1/../../../../../H-x86_64-mingw32/nios2-elf/lib\libc.a(lib_a-int_errno.o)
 .data          0x0000000000030944        0x0 c:/altera/15.0_b144/nios2eds/bin/gnu/h-x86_64-mingw32/bin/../lib/gcc/nios2-elf/4.9.1/../../../../../H-x86_64-mingw32/nios2-elf/lib\libc.a(lib_a-isattyr.o)
 .data          0x0000000000030944        0x0 c:/altera/15.0_b144/nios2eds/bin/gnu/h-x86_64-mingw32/bin/../lib/gcc/nios2-elf/4.9.1/../../../../../H-x86_64-mingw32/nios2-elf/lib\libc.a(lib_a-lseekr.o)
 .data          0x0000000000030944        0x0 c:/altera/15.0_b144/nios2eds/bin/gnu/h-x86_64-mingw32/bin/../lib/gcc/nios2-elf/4.9.1/../../../../../H-x86_64-mingw32/nios2-elf/lib\libc.a(lib_a-readr.o)
 .data          0x0000000000030944        0x0 c:/altera/15.0_b144/nios2eds/bin/gnu/h-x86_64-mingw32/bin/../lib/gcc/nios2-elf/4.9.1/../../../../../H-x86_64-mingw32/nios2-elf/lib\libc.a(lib_a-wbuf.o)
 .data          0x0000000000030944        0x0 c:/altera/15.0_b144/nios2eds/bin/gnu/h-x86_64-mingw32/bin/../lib/gcc/nios2-elf/4.9.1/../../../../../H-x86_64-mingw32/nios2-elf/lib\libc.a(lib_a-wcrtomb.o)
 .data          0x0000000000030944        0x0 c:/altera/15.0_b144/nios2eds/bin/gnu/h-x86_64-mingw32/bin/../lib/gcc/nios2-elf/4.9.1/../../../../../H-x86_64-mingw32/nios2-elf/lib\libc.a(lib_a-wctomb_r.o)
 .data          0x0000000000030944        0x0 c:/altera/15.0_b144/nios2eds/bin/gnu/h-x86_64-mingw32/bin/../lib/gcc/nios2-elf/4.9.1\libgcc.a(_udivdi3.o)
 .data          0x0000000000030944        0x0 c:/altera/15.0_b144/nios2eds/bin/gnu/h-x86_64-mingw32/bin/../lib/gcc/nios2-elf/4.9.1\libgcc.a(_umoddi3.o)
 .data          0x0000000000030944        0x0 c:/altera/15.0_b144/nios2eds/bin/gnu/h-x86_64-mingw32/bin/../lib/gcc/nios2-elf/4.9.1\libgcc.a(adddf3.o)
 .data          0x0000000000030944        0x0 c:/altera/15.0_b144/nios2eds/bin/gnu/h-x86_64-mingw32/bin/../lib/gcc/nios2-elf/4.9.1\libgcc.a(eqdf2.o)
 .data          0x0000000000030944        0x0 c:/altera/15.0_b144/nios2eds/bin/gnu/h-x86_64-mingw32/bin/../lib/gcc/nios2-elf/4.9.1\libgcc.a(gedf2.o)
 .data          0x0000000000030944        0x0 c:/altera/15.0_b144/nios2eds/bin/gnu/h-x86_64-mingw32/bin/../lib/gcc/nios2-elf/4.9.1\libgcc.a(ledf2.o)
 .data          0x0000000000030944        0x0 c:/altera/15.0_b144/nios2eds/bin/gnu/h-x86_64-mingw32/bin/../lib/gcc/nios2-elf/4.9.1\libgcc.a(floatsidf.o)
 .data          0x0000000000030944        0x0 c:/altera/15.0_b144/nios2eds/bin/gnu/h-x86_64-mingw32/bin/../lib/gcc/nios2-elf/4.9.1\libgcc.a(floatunsidf.o)
 .data          0x0000000000030944        0x0 ../adc_demo_bsp/\libhal_bsp.a(alt_close.o)
 .data          0x0000000000030944      0x1a8 ../adc_demo_bsp/\libhal_bsp.a(alt_dev.o)
                0x0000000000030944                alt_dev_null
                0x000000000003096c                alt_fd_list
 .data          0x0000000000030aec        0x0 ../adc_demo_bsp/\libhal_bsp.a(alt_errno.o)
 .data          0x0000000000030aec        0x0 ../adc_demo_bsp/\libhal_bsp.a(alt_fstat.o)
 .data          0x0000000000030aec        0x0 ../adc_demo_bsp/\libhal_bsp.a(alt_isatty.o)
 .data          0x0000000000030aec        0x0 ../adc_demo_bsp/\libhal_bsp.a(alt_load.o)
 .data          0x0000000000030aec        0x0 ../adc_demo_bsp/\libhal_bsp.a(alt_lseek.o)
 .data          0x0000000000030aec        0x0 ../adc_demo_bsp/\libhal_bsp.a(alt_main.o)
 .data          0x0000000000030aec        0x0 ../adc_demo_bsp/\libhal_bsp.a(alt_malloc_lock.o)
 .data          0x0000000000030aec        0x0 ../adc_demo_bsp/\libhal_bsp.a(alt_read.o)
 .data          0x0000000000030aec        0x0 ../adc_demo_bsp/\libhal_bsp.a(alt_release_fd.o)
 .data          0x0000000000030aec        0x0 ../adc_demo_bsp/\libhal_bsp.a(alt_sbrk.o)
 .data          0x0000000000030aec        0x0 ../adc_demo_bsp/\libhal_bsp.a(alt_usleep.o)
 .data          0x0000000000030aec        0x0 ../adc_demo_bsp/\libhal_bsp.a(alt_write.o)
 .data          0x0000000000030aec     0x10d8 ../adc_demo_bsp/\libhal_bsp.a(alt_sys_init.o)
 .data          0x0000000000031bc4        0x0 ../adc_demo_bsp/\libhal_bsp.a(altera_avalon_jtag_uart_fd.o)
 .data          0x0000000000031bc4        0x0 ../adc_demo_bsp/\libhal_bsp.a(altera_avalon_jtag_uart_init.o)
 .data          0x0000000000031bc4        0x0 ../adc_demo_bsp/\libhal_bsp.a(altera_avalon_jtag_uart_ioctl.o)
 .data          0x0000000000031bc4        0x0 ../adc_demo_bsp/\libhal_bsp.a(altera_avalon_jtag_uart_read.o)
 .data          0x0000000000031bc4        0x0 ../adc_demo_bsp/\libhal_bsp.a(altera_avalon_jtag_uart_write.o)
 .data          0x0000000000031bc4        0x0 ../adc_demo_bsp/\libhal_bsp.a(altera_avalon_timer_sc.o)
 .data          0x0000000000031bc4        0x0 ../adc_demo_bsp/\libhal_bsp.a(altera_modular_adc.o)
 .data          0x0000000000031bc4        0x0 ../adc_demo_bsp/\libhal_bsp.a(alt_alarm_start.o)
 .data          0x0000000000031bc4        0x0 ../adc_demo_bsp/\libhal_bsp.a(alt_busy_sleep.o)
 .data          0x0000000000031bc4        0x0 ../adc_demo_bsp/\libhal_bsp.a(alt_dcache_flush_all.o)
 .data          0x0000000000031bc4        0x0 ../adc_demo_bsp/\libhal_bsp.a(alt_dev_llist_insert.o)
 .data          0x0000000000031bc4        0x0 ../adc_demo_bsp/\libhal_bsp.a(alt_do_ctors.o)
 .data          0x0000000000031bc4        0x0 ../adc_demo_bsp/\libhal_bsp.a(alt_do_dtors.o)
 .data          0x0000000000031bc4        0x0 ../adc_demo_bsp/\libhal_bsp.a(alt_find_dev.o)
 .data          0x0000000000031bc4        0x0 ../adc_demo_bsp/\libhal_bsp.a(alt_icache_flush_all.o)
 .data          0x0000000000031bc4        0x0 ../adc_demo_bsp/\libhal_bsp.a(alt_iic.o)
 .data          0x0000000000031bc4        0x0 ../adc_demo_bsp/\libhal_bsp.a(alt_iic_isr_register.o)
 .data          0x0000000000031bc4        0x0 ../adc_demo_bsp/\libhal_bsp.a(alt_io_redirect.o)
 .data          0x0000000000031bc4        0x0 ../adc_demo_bsp/\libhal_bsp.a(alt_irq_entry.o)
 .data          0x0000000000031bc4        0x0 ../adc_demo_bsp/\libhal_bsp.a(alt_irq_handler.o)
 .data          0x0000000000031bc4        0x0 ../adc_demo_bsp/\libhal_bsp.a(alt_irq_vars.o)
 .data          0x0000000000031bc4        0x0 ../adc_demo_bsp/\libhal_bsp.a(alt_open.o)
 .data          0x0000000000031bc4        0x0 ../adc_demo_bsp/\libhal_bsp.a(alt_tick.o)
 .data          0x0000000000031bc4        0x0 ../adc_demo_bsp/\libhal_bsp.a(altera_nios2_gen2_irq.o)
 .data          0x0000000000031bc4        0x0 ../adc_demo_bsp/\libhal_bsp.a(alt_exception_entry.o)
 .data          0x0000000000031bc4        0x0 ../adc_demo_bsp/\libhal_bsp.a(alt_find_file.o)
 .data          0x0000000000031bc4        0x0 ../adc_demo_bsp/\libhal_bsp.a(alt_get_fd.o)
 .data          0x0000000000031bc4        0x0 ../adc_demo_bsp/\libhal_bsp.a(alt_icache_flush.o)
 .data          0x0000000000031bc4        0x0 ../adc_demo_bsp/\libhal_bsp.a(alt_instruction_exception_entry.o)
 .data          0x0000000000031bc4        0x0 c:/altera/15.0_b144/nios2eds/bin/gnu/h-x86_64-mingw32/bin/../lib/gcc/nios2-elf/4.9.1/../../../../../H-x86_64-mingw32/nios2-elf/lib\libc.a(lib_a-atexit.o)
 .data          0x0000000000031bc4        0x0 c:/altera/15.0_b144/nios2eds/bin/gnu/h-x86_64-mingw32/bin/../lib/gcc/nios2-elf/4.9.1/../../../../../H-x86_64-mingw32/nios2-elf/lib\libc.a(lib_a-exit.o)
 .data          0x0000000000031bc4        0x0 c:/altera/15.0_b144/nios2eds/bin/gnu/h-x86_64-mingw32/bin/../lib/gcc/nios2-elf/4.9.1/../../../../../H-x86_64-mingw32/nios2-elf/lib\libc.a(lib_a-memcmp.o)
 .data          0x0000000000031bc4        0x0 c:/altera/15.0_b144/nios2eds/bin/gnu/h-x86_64-mingw32/bin/../lib/gcc/nios2-elf/4.9.1/../../../../../H-x86_64-mingw32/nios2-elf/lib\libc.a(lib_a-__atexit.o)
 .data          0x0000000000031bc4        0x0 c:/altera/15.0_b144/nios2eds/bin/gnu/h-x86_64-mingw32/bin/../lib/gcc/nios2-elf/4.9.1/../../../../../H-x86_64-mingw32/nios2-elf/lib\libc.a(lib_a-__call_atexit.o)
 .data          0x0000000000031bc4        0x0 ../adc_demo_bsp/\libhal_bsp.a(alt_exit.o)
                0x0000000000039bc4                _gp = ABSOLUTE ((. + 0x8000))
                0x0000000000039bc4                PROVIDE (gp, _gp)
 *(.rwdata .rwdata.*)
 *(.sdata .sdata.* .gnu.linkonce.s.*)
 .sdata         0x0000000000031bc4        0x8 c:/altera/15.0_b144/nios2eds/bin/gnu/h-x86_64-mingw32/bin/../lib/gcc/nios2-elf/4.9.1/../../../../../H-x86_64-mingw32/nios2-elf/lib\libc.a(lib_a-impure.o)
                0x0000000000031bc4                _global_impure_ptr
                0x0000000000031bc8                _impure_ptr
 .sdata         0x0000000000031bcc        0x4 c:/altera/15.0_b144/nios2eds/bin/gnu/h-x86_64-mingw32/bin/../lib/gcc/nios2-elf/4.9.1/../../../../../H-x86_64-mingw32/nios2-elf/lib\libc.a(lib_a-locale.o)
                0x0000000000031bcc                __mb_cur_max
 .sdata         0x0000000000031bd0        0x8 c:/altera/15.0_b144/nios2eds/bin/gnu/h-x86_64-mingw32/bin/../lib/gcc/nios2-elf/4.9.1/../../../../../H-x86_64-mingw32/nios2-elf/lib\libc.a(lib_a-mallocr.o)
                0x0000000000031bd0                __malloc_sbrk_base
                0x0000000000031bd4                __malloc_trim_threshold
 .sdata         0x0000000000031bd8        0x4 c:/altera/15.0_b144/nios2eds/bin/gnu/h-x86_64-mingw32/bin/../lib/gcc/nios2-elf/4.9.1/../../../../../H-x86_64-mingw32/nios2-elf/lib\libc.a(lib_a-wctomb_r.o)
                0x0000000000031bd8                __wctomb
 .sdata         0x0000000000031bdc       0x14 ../adc_demo_bsp/\libhal_bsp.a(alt_dev.o)
                0x0000000000031bdc                alt_fs_list
                0x0000000000031be4                alt_dev_list
                0x0000000000031bec                alt_max_fd
 .sdata         0x0000000000031bf0        0x4 ../adc_demo_bsp/\libhal_bsp.a(alt_errno.o)
                0x0000000000031bf0                alt_errno
 .sdata         0x0000000000031bf4        0x4 ../adc_demo_bsp/\libhal_bsp.a(alt_sbrk.o)
 .sdata         0x0000000000031bf8        0x8 ../adc_demo_bsp/\libhal_bsp.a(altera_modular_adc.o)
                0x0000000000031bf8                altera_modular_adc_list
 .sdata         0x0000000000031c00        0x4 ../adc_demo_bsp/\libhal_bsp.a(alt_irq_vars.o)
                0x0000000000031c00                alt_priority_mask
 .sdata         0x0000000000031c04        0x8 ../adc_demo_bsp/\libhal_bsp.a(alt_tick.o)
                0x0000000000031c04                alt_alarm_list
 *(.sdata2 .sdata2.* .gnu.linkonce.s2.*)
                0x0000000000031c0c                . = ALIGN (0x4)
                0x0000000000031c0c                _edata = ABSOLUTE (.)
                0x0000000000031c0c                PROVIDE (edata, ABSOLUTE (.))
                0x0000000000031c0c                PROVIDE (__ram_rwdata_end, ABSOLUTE (.))
                0x0000000000031c0c                PROVIDE (__flash_rwdata_start, LOADADDR (.rwdata))

.bss            0x0000000000033778      0x160
                0x0000000000033778                __bss_start = ABSOLUTE (.)
                0x0000000000033778                PROVIDE (__sbss_start, ABSOLUTE (.))
                0x0000000000033778                PROVIDE (___sbss_start, ABSOLUTE (.))
 *(.dynsbss)
 *(.sbss .sbss.* .gnu.linkonce.sb.*)
 .sbss          0x0000000000033778        0xc c:/altera/15.0_b144/nios2eds/bin/gnu/h-x86_64-mingw32/bin/../lib/gcc/nios2-elf/4.9.1/../../../../../H-x86_64-mingw32/nios2-elf/lib\libc.a(lib_a-locale.o)
                0x0000000000033778                _PathLocale
                0x000000000003377c                __mlocale_changed
                0x0000000000033780                __nlocale_changed
 .sbss          0x0000000000033784        0xc c:/altera/15.0_b144/nios2eds/bin/gnu/h-x86_64-mingw32/bin/../lib/gcc/nios2-elf/4.9.1/../../../../../H-x86_64-mingw32/nios2-elf/lib\libc.a(lib_a-mallocr.o)
                0x0000000000033784                __malloc_max_total_mem
                0x0000000000033788                __malloc_max_sbrked_mem
                0x000000000003378c                __malloc_top_pad
 .sbss          0x0000000000033790        0x4 c:/altera/15.0_b144/nios2eds/bin/gnu/h-x86_64-mingw32/bin/../lib/gcc/nios2-elf/4.9.1/../../../../../H-x86_64-mingw32/nios2-elf/lib\libc.a(lib_a-int_errno.o)
                0x0000000000033790                errno
 .sbss          0x0000000000033794        0xc ../adc_demo_bsp/\libhal_bsp.a(alt_main.o)
                0x0000000000033794                alt_argc
                0x0000000000033798                alt_argv
                0x000000000003379c                alt_envp
 .sbss          0x00000000000337a0        0x4 ../adc_demo_bsp/\libhal_bsp.a(alt_irq_vars.o)
                0x00000000000337a0                alt_irq_active
 .sbss          0x00000000000337a4        0x8 ../adc_demo_bsp/\libhal_bsp.a(alt_tick.o)
                0x00000000000337a4                _alt_tick_rate
                0x00000000000337a8                _alt_nticks
 .sbss          0x00000000000337ac        0x4 ../adc_demo_bsp/\libhal_bsp.a(alt_instruction_exception_entry.o)
                0x00000000000337ac                alt_instruction_exception_handler
 *(.sbss2 .sbss2.* .gnu.linkonce.sb2.*)
 *(.scommon)
                0x00000000000337b0                PROVIDE (__sbss_end, ABSOLUTE (.))
                0x00000000000337b0                PROVIDE (___sbss_end, ABSOLUTE (.))
 *(.dynbss)
 *(.bss .bss.* .gnu.linkonce.b.*)
 .bss           0x00000000000337b0        0x0 ../adc_demo_bsp//obj/HAL/src/crt0.o
 .bss           0x00000000000337b0        0x0 obj/default/main.o
 .bss           0x00000000000337b0        0x0 c:/altera/15.0_b144/nios2eds/bin/gnu/h-x86_64-mingw32/bin/../lib/gcc/nios2-elf/4.9.1\libgcc.a(floatsisf.o)
 .bss           0x00000000000337b0        0x0 c:/altera/15.0_b144/nios2eds/bin/gnu/h-x86_64-mingw32/bin/../lib/gcc/nios2-elf/4.9.1\libgcc.a(divdf3.o)
 .bss           0x00000000000337b0        0x0 c:/altera/15.0_b144/nios2eds/bin/gnu/h-x86_64-mingw32/bin/../lib/gcc/nios2-elf/4.9.1\libgcc.a(muldf3.o)
 .bss           0x00000000000337b0        0x0 c:/altera/15.0_b144/nios2eds/bin/gnu/h-x86_64-mingw32/bin/../lib/gcc/nios2-elf/4.9.1\libgcc.a(subdf3.o)
 .bss           0x00000000000337b0        0x0 c:/altera/15.0_b144/nios2eds/bin/gnu/h-x86_64-mingw32/bin/../lib/gcc/nios2-elf/4.9.1\libgcc.a(fixdfsi.o)
 .bss           0x00000000000337b0        0x0 c:/altera/15.0_b144/nios2eds/bin/gnu/h-x86_64-mingw32/bin/../lib/gcc/nios2-elf/4.9.1\libgcc.a(extendsfdf2.o)
 .bss           0x00000000000337b0        0x0 c:/altera/15.0_b144/nios2eds/bin/gnu/h-x86_64-mingw32/bin/../lib/gcc/nios2-elf/4.9.1\libgcc.a(truncdfsf2.o)
 .bss           0x00000000000337b0        0x0 c:/altera/15.0_b144/nios2eds/bin/gnu/h-x86_64-mingw32/bin/../lib/gcc/nios2-elf/4.9.1\libgcc.a(_clzsi2.o)
 .bss           0x00000000000337b0        0x0 c:/altera/15.0_b144/nios2eds/bin/gnu/h-x86_64-mingw32/bin/../lib/gcc/nios2-elf/4.9.1\libgcc.a(lib2-divmod.o)
 .bss           0x00000000000337b0        0x0 c:/altera/15.0_b144/nios2eds/bin/gnu/h-x86_64-mingw32/bin/../lib/gcc/nios2-elf/4.9.1\libgcc.a(_clz.o)
 .bss           0x00000000000337b0        0x0 c:/altera/15.0_b144/nios2eds/bin/gnu/h-x86_64-mingw32/bin/../lib/gcc/nios2-elf/4.9.1/../../../../../H-x86_64-mingw32/nios2-elf/lib\libc.a(lib_a-printf.o)
 .bss           0x00000000000337b0        0x0 c:/altera/15.0_b144/nios2eds/bin/gnu/h-x86_64-mingw32/bin/../lib/gcc/nios2-elf/4.9.1/../../../../../H-x86_64-mingw32/nios2-elf/lib\libc.a(lib_a-puts.o)
 .bss           0x00000000000337b0        0x0 c:/altera/15.0_b144/nios2eds/bin/gnu/h-x86_64-mingw32/bin/../lib/gcc/nios2-elf/4.9.1/../../../../../H-x86_64-mingw32/nios2-elf/lib\libc.a(lib_a-strlen.o)
 .bss           0x00000000000337b0        0x0 c:/altera/15.0_b144/nios2eds/bin/gnu/h-x86_64-mingw32/bin/../lib/gcc/nios2-elf/4.9.1/../../../../../H-x86_64-mingw32/nios2-elf/lib\libc.a(lib_a-vfprintf.o)
 .bss           0x00000000000337b0        0x0 c:/altera/15.0_b144/nios2eds/bin/gnu/h-x86_64-mingw32/bin/../lib/gcc/nios2-elf/4.9.1/../../../../../H-x86_64-mingw32/nios2-elf/lib\libc.a(lib_a-wsetup.o)
 .bss           0x00000000000337b0        0x0 c:/altera/15.0_b144/nios2eds/bin/gnu/h-x86_64-mingw32/bin/../lib/gcc/nios2-elf/4.9.1/../../../../../H-x86_64-mingw32/nios2-elf/lib\libc.a(lib_a-dtoa.o)
 .bss           0x00000000000337b0        0x0 c:/altera/15.0_b144/nios2eds/bin/gnu/h-x86_64-mingw32/bin/../lib/gcc/nios2-elf/4.9.1/../../../../../H-x86_64-mingw32/nios2-elf/lib\libc.a(lib_a-fflush.o)
 .bss           0x00000000000337b0        0x0 c:/altera/15.0_b144/nios2eds/bin/gnu/h-x86_64-mingw32/bin/../lib/gcc/nios2-elf/4.9.1/../../../../../H-x86_64-mingw32/nios2-elf/lib\libc.a(lib_a-findfp.o)
 .bss           0x00000000000337b0        0x0 c:/altera/15.0_b144/nios2eds/bin/gnu/h-x86_64-mingw32/bin/../lib/gcc/nios2-elf/4.9.1/../../../../../H-x86_64-mingw32/nios2-elf/lib\libc.a(lib_a-freer.o)
 .bss           0x00000000000337b0        0x0 c:/altera/15.0_b144/nios2eds/bin/gnu/h-x86_64-mingw32/bin/../lib/gcc/nios2-elf/4.9.1/../../../../../H-x86_64-mingw32/nios2-elf/lib\libc.a(lib_a-fvwrite.o)
 .bss           0x00000000000337b0        0x0 c:/altera/15.0_b144/nios2eds/bin/gnu/h-x86_64-mingw32/bin/../lib/gcc/nios2-elf/4.9.1/../../../../../H-x86_64-mingw32/nios2-elf/lib\libc.a(lib_a-fwalk.o)
 .bss           0x00000000000337b0        0x0 c:/altera/15.0_b144/nios2eds/bin/gnu/h-x86_64-mingw32/bin/../lib/gcc/nios2-elf/4.9.1/../../../../../H-x86_64-mingw32/nios2-elf/lib\libc.a(lib_a-impure.o)
 .bss           0x00000000000337b0        0x0 c:/altera/15.0_b144/nios2eds/bin/gnu/h-x86_64-mingw32/bin/../lib/gcc/nios2-elf/4.9.1/../../../../../H-x86_64-mingw32/nios2-elf/lib\libc.a(lib_a-locale.o)
 .bss           0x00000000000337b0        0x0 c:/altera/15.0_b144/nios2eds/bin/gnu/h-x86_64-mingw32/bin/../lib/gcc/nios2-elf/4.9.1/../../../../../H-x86_64-mingw32/nios2-elf/lib\libc.a(lib_a-makebuf.o)
 .bss           0x00000000000337b0       0x28 c:/altera/15.0_b144/nios2eds/bin/gnu/h-x86_64-mingw32/bin/../lib/gcc/nios2-elf/4.9.1/../../../../../H-x86_64-mingw32/nios2-elf/lib\libc.a(lib_a-mallocr.o)
                0x00000000000337b0                __malloc_current_mallinfo
 .bss           0x00000000000337d8        0x0 c:/altera/15.0_b144/nios2eds/bin/gnu/h-x86_64-mingw32/bin/../lib/gcc/nios2-elf/4.9.1/../../../../../H-x86_64-mingw32/nios2-elf/lib\libc.a(lib_a-memchr.o)
 .bss           0x00000000000337d8        0x0 c:/altera/15.0_b144/nios2eds/bin/gnu/h-x86_64-mingw32/bin/../lib/gcc/nios2-elf/4.9.1/../../../../../H-x86_64-mingw32/nios2-elf/lib\libc.a(lib_a-memcpy.o)
 .bss           0x00000000000337d8        0x0 c:/altera/15.0_b144/nios2eds/bin/gnu/h-x86_64-mingw32/bin/../lib/gcc/nios2-elf/4.9.1/../../../../../H-x86_64-mingw32/nios2-elf/lib\libc.a(lib_a-memmove.o)
 .bss           0x00000000000337d8        0x0 c:/altera/15.0_b144/nios2eds/bin/gnu/h-x86_64-mingw32/bin/../lib/gcc/nios2-elf/4.9.1/../../../../../H-x86_64-mingw32/nios2-elf/lib\libc.a(lib_a-memset.o)
 .bss           0x00000000000337d8        0x0 c:/altera/15.0_b144/nios2eds/bin/gnu/h-x86_64-mingw32/bin/../lib/gcc/nios2-elf/4.9.1/../../../../../H-x86_64-mingw32/nios2-elf/lib\libc.a(lib_a-mprec.o)
 .bss           0x00000000000337d8        0x0 c:/altera/15.0_b144/nios2eds/bin/gnu/h-x86_64-mingw32/bin/../lib/gcc/nios2-elf/4.9.1/../../../../../H-x86_64-mingw32/nios2-elf/lib\libc.a(lib_a-reallocr.o)
 .bss           0x00000000000337d8        0x0 c:/altera/15.0_b144/nios2eds/bin/gnu/h-x86_64-mingw32/bin/../lib/gcc/nios2-elf/4.9.1/../../../../../H-x86_64-mingw32/nios2-elf/lib\libc.a(lib_a-s_fpclassify.o)
 .bss           0x00000000000337d8        0x0 c:/altera/15.0_b144/nios2eds/bin/gnu/h-x86_64-mingw32/bin/../lib/gcc/nios2-elf/4.9.1/../../../../../H-x86_64-mingw32/nios2-elf/lib\libc.a(lib_a-sbrkr.o)
 .bss           0x00000000000337d8        0x0 c:/altera/15.0_b144/nios2eds/bin/gnu/h-x86_64-mingw32/bin/../lib/gcc/nios2-elf/4.9.1/../../../../../H-x86_64-mingw32/nios2-elf/lib\libc.a(lib_a-stdio.o)
 .bss           0x00000000000337d8        0x0 c:/altera/15.0_b144/nios2eds/bin/gnu/h-x86_64-mingw32/bin/../lib/gcc/nios2-elf/4.9.1/../../../../../H-x86_64-mingw32/nios2-elf/lib\libc.a(lib_a-strcmp.o)
 .bss           0x00000000000337d8        0x0 c:/altera/15.0_b144/nios2eds/bin/gnu/h-x86_64-mingw32/bin/../lib/gcc/nios2-elf/4.9.1/../../../../../H-x86_64-mingw32/nios2-elf/lib\libc.a(lib_a-vfiprintf.o)
 .bss           0x00000000000337d8        0x0 c:/altera/15.0_b144/nios2eds/bin/gnu/h-x86_64-mingw32/bin/../lib/gcc/nios2-elf/4.9.1/../../../../../H-x86_64-mingw32/nios2-elf/lib\libc.a(lib_a-writer.o)
 .bss           0x00000000000337d8        0x0 c:/altera/15.0_b144/nios2eds/bin/gnu/h-x86_64-mingw32/bin/../lib/gcc/nios2-elf/4.9.1/../../../../../H-x86_64-mingw32/nios2-elf/lib\libc.a(closer.o)
 .bss           0x00000000000337d8        0x0 c:/altera/15.0_b144/nios2eds/bin/gnu/h-x86_64-mingw32/bin/../lib/gcc/nios2-elf/4.9.1/../../../../../H-x86_64-mingw32/nios2-elf/lib\libc.a(lib_a-callocr.o)
 .bss           0x00000000000337d8        0x0 c:/altera/15.0_b144/nios2eds/bin/gnu/h-x86_64-mingw32/bin/../lib/gcc/nios2-elf/4.9.1/../../../../../H-x86_64-mingw32/nios2-elf/lib\libc.a(lib_a-fclose.o)
 .bss           0x00000000000337d8        0x0 c:/altera/15.0_b144/nios2eds/bin/gnu/h-x86_64-mingw32/bin/../lib/gcc/nios2-elf/4.9.1/../../../../../H-x86_64-mingw32/nios2-elf/lib\libc.a(lib_a-fputwc.o)
 .bss           0x00000000000337d8        0x0 c:/altera/15.0_b144/nios2eds/bin/gnu/h-x86_64-mingw32/bin/../lib/gcc/nios2-elf/4.9.1/../../../../../H-x86_64-mingw32/nios2-elf/lib\libc.a(lib_a-fstatr.o)
 .bss           0x00000000000337d8        0x0 c:/altera/15.0_b144/nios2eds/bin/gnu/h-x86_64-mingw32/bin/../lib/gcc/nios2-elf/4.9.1/../../../../../H-x86_64-mingw32/nios2-elf/lib\libc.a(lib_a-int_errno.o)
 .bss           0x00000000000337d8        0x0 c:/altera/15.0_b144/nios2eds/bin/gnu/h-x86_64-mingw32/bin/../lib/gcc/nios2-elf/4.9.1/../../../../../H-x86_64-mingw32/nios2-elf/lib\libc.a(lib_a-isattyr.o)
 .bss           0x00000000000337d8        0x0 c:/altera/15.0_b144/nios2eds/bin/gnu/h-x86_64-mingw32/bin/../lib/gcc/nios2-elf/4.9.1/../../../../../H-x86_64-mingw32/nios2-elf/lib\libc.a(lib_a-lseekr.o)
 .bss           0x00000000000337d8        0x0 c:/altera/15.0_b144/nios2eds/bin/gnu/h-x86_64-mingw32/bin/../lib/gcc/nios2-elf/4.9.1/../../../../../H-x86_64-mingw32/nios2-elf/lib\libc.a(lib_a-readr.o)
 .bss           0x00000000000337d8        0x0 c:/altera/15.0_b144/nios2eds/bin/gnu/h-x86_64-mingw32/bin/../lib/gcc/nios2-elf/4.9.1/../../../../../H-x86_64-mingw32/nios2-elf/lib\libc.a(lib_a-wbuf.o)
 .bss           0x00000000000337d8        0x0 c:/altera/15.0_b144/nios2eds/bin/gnu/h-x86_64-mingw32/bin/../lib/gcc/nios2-elf/4.9.1/../../../../../H-x86_64-mingw32/nios2-elf/lib\libc.a(lib_a-wcrtomb.o)
 .bss           0x00000000000337d8        0x0 c:/altera/15.0_b144/nios2eds/bin/gnu/h-x86_64-mingw32/bin/../lib/gcc/nios2-elf/4.9.1/../../../../../H-x86_64-mingw32/nios2-elf/lib\libc.a(lib_a-wctomb_r.o)
 .bss           0x00000000000337d8        0x0 c:/altera/15.0_b144/nios2eds/bin/gnu/h-x86_64-mingw32/bin/../lib/gcc/nios2-elf/4.9.1\libgcc.a(_udivdi3.o)
 .bss           0x00000000000337d8        0x0 c:/altera/15.0_b144/nios2eds/bin/gnu/h-x86_64-mingw32/bin/../lib/gcc/nios2-elf/4.9.1\libgcc.a(_umoddi3.o)
 .bss           0x00000000000337d8        0x0 c:/altera/15.0_b144/nios2eds/bin/gnu/h-x86_64-mingw32/bin/../lib/gcc/nios2-elf/4.9.1\libgcc.a(adddf3.o)
 .bss           0x00000000000337d8        0x0 c:/altera/15.0_b144/nios2eds/bin/gnu/h-x86_64-mingw32/bin/../lib/gcc/nios2-elf/4.9.1\libgcc.a(eqdf2.o)
 .bss           0x00000000000337d8        0x0 c:/altera/15.0_b144/nios2eds/bin/gnu/h-x86_64-mingw32/bin/../lib/gcc/nios2-elf/4.9.1\libgcc.a(gedf2.o)
 .bss           0x00000000000337d8        0x0 c:/altera/15.0_b144/nios2eds/bin/gnu/h-x86_64-mingw32/bin/../lib/gcc/nios2-elf/4.9.1\libgcc.a(ledf2.o)
 .bss           0x00000000000337d8        0x0 c:/altera/15.0_b144/nios2eds/bin/gnu/h-x86_64-mingw32/bin/../lib/gcc/nios2-elf/4.9.1\libgcc.a(floatsidf.o)
 .bss           0x00000000000337d8        0x0 c:/altera/15.0_b144/nios2eds/bin/gnu/h-x86_64-mingw32/bin/../lib/gcc/nios2-elf/4.9.1\libgcc.a(floatunsidf.o)
 .bss           0x00000000000337d8        0x0 ../adc_demo_bsp/\libhal_bsp.a(alt_close.o)
 .bss           0x00000000000337d8        0x0 ../adc_demo_bsp/\libhal_bsp.a(alt_dev.o)
 .bss           0x00000000000337d8        0x0 ../adc_demo_bsp/\libhal_bsp.a(alt_errno.o)
 .bss           0x00000000000337d8        0x0 ../adc_demo_bsp/\libhal_bsp.a(alt_fstat.o)
 .bss           0x00000000000337d8        0x0 ../adc_demo_bsp/\libhal_bsp.a(alt_isatty.o)
 .bss           0x00000000000337d8        0x0 ../adc_demo_bsp/\libhal_bsp.a(alt_load.o)
 .bss           0x00000000000337d8        0x0 ../adc_demo_bsp/\libhal_bsp.a(alt_lseek.o)
 .bss           0x00000000000337d8        0x0 ../adc_demo_bsp/\libhal_bsp.a(alt_main.o)
 .bss           0x00000000000337d8        0x0 ../adc_demo_bsp/\libhal_bsp.a(alt_malloc_lock.o)
 .bss           0x00000000000337d8        0x0 ../adc_demo_bsp/\libhal_bsp.a(alt_read.o)
 .bss           0x00000000000337d8        0x0 ../adc_demo_bsp/\libhal_bsp.a(alt_release_fd.o)
 .bss           0x00000000000337d8        0x0 ../adc_demo_bsp/\libhal_bsp.a(alt_sbrk.o)
 .bss           0x00000000000337d8        0x0 ../adc_demo_bsp/\libhal_bsp.a(alt_usleep.o)
 .bss           0x00000000000337d8        0x0 ../adc_demo_bsp/\libhal_bsp.a(alt_write.o)
 .bss           0x00000000000337d8        0x0 ../adc_demo_bsp/\libhal_bsp.a(alt_sys_init.o)
 .bss           0x00000000000337d8        0x0 ../adc_demo_bsp/\libhal_bsp.a(altera_avalon_jtag_uart_fd.o)
 .bss           0x00000000000337d8        0x0 ../adc_demo_bsp/\libhal_bsp.a(altera_avalon_jtag_uart_init.o)
 .bss           0x00000000000337d8        0x0 ../adc_demo_bsp/\libhal_bsp.a(altera_avalon_jtag_uart_ioctl.o)
 .bss           0x00000000000337d8        0x0 ../adc_demo_bsp/\libhal_bsp.a(altera_avalon_jtag_uart_read.o)
 .bss           0x00000000000337d8        0x0 ../adc_demo_bsp/\libhal_bsp.a(altera_avalon_jtag_uart_write.o)
 .bss           0x00000000000337d8        0x0 ../adc_demo_bsp/\libhal_bsp.a(altera_avalon_timer_sc.o)
 .bss           0x00000000000337d8        0x0 ../adc_demo_bsp/\libhal_bsp.a(altera_modular_adc.o)
 .bss           0x00000000000337d8        0x0 ../adc_demo_bsp/\libhal_bsp.a(alt_alarm_start.o)
 .bss           0x00000000000337d8        0x0 ../adc_demo_bsp/\libhal_bsp.a(alt_busy_sleep.o)
 .bss           0x00000000000337d8        0x0 ../adc_demo_bsp/\libhal_bsp.a(alt_dcache_flush_all.o)
 .bss           0x00000000000337d8        0x0 ../adc_demo_bsp/\libhal_bsp.a(alt_dev_llist_insert.o)
 .bss           0x00000000000337d8        0x0 ../adc_demo_bsp/\libhal_bsp.a(alt_do_ctors.o)
 .bss           0x00000000000337d8        0x0 ../adc_demo_bsp/\libhal_bsp.a(alt_do_dtors.o)
 .bss           0x00000000000337d8        0x0 ../adc_demo_bsp/\libhal_bsp.a(alt_find_dev.o)
 .bss           0x00000000000337d8        0x0 ../adc_demo_bsp/\libhal_bsp.a(alt_icache_flush_all.o)
 .bss           0x00000000000337d8        0x0 ../adc_demo_bsp/\libhal_bsp.a(alt_iic.o)
 .bss           0x00000000000337d8        0x0 ../adc_demo_bsp/\libhal_bsp.a(alt_iic_isr_register.o)
 .bss           0x00000000000337d8        0x0 ../adc_demo_bsp/\libhal_bsp.a(alt_io_redirect.o)
 .bss           0x00000000000337d8        0x0 ../adc_demo_bsp/\libhal_bsp.a(alt_irq_entry.o)
 .bss           0x00000000000337d8        0x0 ../adc_demo_bsp/\libhal_bsp.a(alt_irq_handler.o)
 .bss           0x00000000000337d8        0x0 ../adc_demo_bsp/\libhal_bsp.a(alt_irq_vars.o)
 .bss           0x00000000000337d8        0x0 ../adc_demo_bsp/\libhal_bsp.a(alt_open.o)
 .bss           0x00000000000337d8        0x0 ../adc_demo_bsp/\libhal_bsp.a(alt_tick.o)
 .bss           0x00000000000337d8        0x0 ../adc_demo_bsp/\libhal_bsp.a(altera_nios2_gen2_irq.o)
 .bss           0x00000000000337d8        0x0 ../adc_demo_bsp/\libhal_bsp.a(alt_exception_entry.o)
 .bss           0x00000000000337d8        0x0 ../adc_demo_bsp/\libhal_bsp.a(alt_find_file.o)
 .bss           0x00000000000337d8        0x0 ../adc_demo_bsp/\libhal_bsp.a(alt_get_fd.o)
 .bss           0x00000000000337d8        0x0 ../adc_demo_bsp/\libhal_bsp.a(alt_icache_flush.o)
 .bss           0x00000000000337d8        0x0 ../adc_demo_bsp/\libhal_bsp.a(alt_instruction_exception_entry.o)
 .bss           0x00000000000337d8        0x0 c:/altera/15.0_b144/nios2eds/bin/gnu/h-x86_64-mingw32/bin/../lib/gcc/nios2-elf/4.9.1/../../../../../H-x86_64-mingw32/nios2-elf/lib\libc.a(lib_a-atexit.o)
 .bss           0x00000000000337d8        0x0 c:/altera/15.0_b144/nios2eds/bin/gnu/h-x86_64-mingw32/bin/../lib/gcc/nios2-elf/4.9.1/../../../../../H-x86_64-mingw32/nios2-elf/lib\libc.a(lib_a-exit.o)
 .bss           0x00000000000337d8        0x0 c:/altera/15.0_b144/nios2eds/bin/gnu/h-x86_64-mingw32/bin/../lib/gcc/nios2-elf/4.9.1/../../../../../H-x86_64-mingw32/nios2-elf/lib\libc.a(lib_a-memcmp.o)
 .bss           0x00000000000337d8        0x0 c:/altera/15.0_b144/nios2eds/bin/gnu/h-x86_64-mingw32/bin/../lib/gcc/nios2-elf/4.9.1/../../../../../H-x86_64-mingw32/nios2-elf/lib\libc.a(lib_a-__atexit.o)
 .bss           0x00000000000337d8        0x0 c:/altera/15.0_b144/nios2eds/bin/gnu/h-x86_64-mingw32/bin/../lib/gcc/nios2-elf/4.9.1/../../../../../H-x86_64-mingw32/nios2-elf/lib\libc.a(lib_a-__call_atexit.o)
 .bss           0x00000000000337d8        0x0 ../adc_demo_bsp/\libhal_bsp.a(alt_exit.o)
 *(COMMON)
 COMMON         0x00000000000337d8      0x100 ../adc_demo_bsp/\libhal_bsp.a(alt_irq_handler.o)
                0x00000000000337d8                alt_irq
                0x00000000000338d8                . = ALIGN (0x4)
                0x00000000000338d8                __bss_end = ABSOLUTE (.)

.onchip_memory2
                0x00000000000338d8        0x0
                0x00000000000338d8                PROVIDE (_alt_partition_onchip_memory2_start, ABSOLUTE (.))
 *(.onchip_memory2 .onchip_memory2. onchip_memory2.*)
                0x00000000000338d8                . = ALIGN (0x4)
                0x00000000000338d8                PROVIDE (_alt_partition_onchip_memory2_end, ABSOLUTE (.))
                0x00000000000338d8                _end = ABSOLUTE (.)
                0x00000000000338d8                end = ABSOLUTE (.)
                0x00000000000338d8                __alt_stack_base = ABSOLUTE (.)
                0x00000000000338d8                PROVIDE (_alt_partition_onchip_memory2_load_addr, LOADADDR (.onchip_memory2))

.stab
 *(.stab)

.stabstr
 *(.stabstr)

.stab.excl
 *(.stab.excl)

.stab.exclstr
 *(.stab.exclstr)

.stab.index
 *(.stab.index)

.stab.indexstr
 *(.stab.indexstr)

.comment        0x0000000000000000       0x23
 *(.comment)
 .comment       0x0000000000000000       0x23 obj/default/main.o
                                         0x24 (size before relaxing)
 .comment       0x0000000000000000       0x24 c:/altera/15.0_b144/nios2eds/bin/gnu/h-x86_64-mingw32/bin/../lib/gcc/nios2-elf/4.9.1\libgcc.a(floatsisf.o)
 .comment       0x0000000000000000       0x24 c:/altera/15.0_b144/nios2eds/bin/gnu/h-x86_64-mingw32/bin/../lib/gcc/nios2-elf/4.9.1\libgcc.a(divdf3.o)
 .comment       0x0000000000000000       0x24 c:/altera/15.0_b144/nios2eds/bin/gnu/h-x86_64-mingw32/bin/../lib/gcc/nios2-elf/4.9.1\libgcc.a(muldf3.o)
 .comment       0x0000000000000000       0x24 c:/altera/15.0_b144/nios2eds/bin/gnu/h-x86_64-mingw32/bin/../lib/gcc/nios2-elf/4.9.1\libgcc.a(subdf3.o)
 .comment       0x0000000000000000       0x24 c:/altera/15.0_b144/nios2eds/bin/gnu/h-x86_64-mingw32/bin/../lib/gcc/nios2-elf/4.9.1\libgcc.a(fixdfsi.o)
 .comment       0x0000000000000000       0x24 c:/altera/15.0_b144/nios2eds/bin/gnu/h-x86_64-mingw32/bin/../lib/gcc/nios2-elf/4.9.1\libgcc.a(extendsfdf2.o)
 .comment       0x0000000000000000       0x24 c:/altera/15.0_b144/nios2eds/bin/gnu/h-x86_64-mingw32/bin/../lib/gcc/nios2-elf/4.9.1\libgcc.a(truncdfsf2.o)
 .comment       0x0000000000000000       0x24 c:/altera/15.0_b144/nios2eds/bin/gnu/h-x86_64-mingw32/bin/../lib/gcc/nios2-elf/4.9.1\libgcc.a(_clzsi2.o)
 .comment       0x0000000000000000       0x24 c:/altera/15.0_b144/nios2eds/bin/gnu/h-x86_64-mingw32/bin/../lib/gcc/nios2-elf/4.9.1\libgcc.a(lib2-divmod.o)
 .comment       0x0000000000000000       0x24 c:/altera/15.0_b144/nios2eds/bin/gnu/h-x86_64-mingw32/bin/../lib/gcc/nios2-elf/4.9.1\libgcc.a(_clz.o)
 .comment       0x0000000000000000       0x24 c:/altera/15.0_b144/nios2eds/bin/gnu/h-x86_64-mingw32/bin/../lib/gcc/nios2-elf/4.9.1/../../../../../H-x86_64-mingw32/nios2-elf/lib\libc.a(lib_a-printf.o)
 .comment       0x0000000000000000       0x24 c:/altera/15.0_b144/nios2eds/bin/gnu/h-x86_64-mingw32/bin/../lib/gcc/nios2-elf/4.9.1/../../../../../H-x86_64-mingw32/nios2-elf/lib\libc.a(lib_a-puts.o)
 .comment       0x0000000000000000       0x24 c:/altera/15.0_b144/nios2eds/bin/gnu/h-x86_64-mingw32/bin/../lib/gcc/nios2-elf/4.9.1/../../../../../H-x86_64-mingw32/nios2-elf/lib\libc.a(lib_a-strlen.o)
 .comment       0x0000000000000000       0x24 c:/altera/15.0_b144/nios2eds/bin/gnu/h-x86_64-mingw32/bin/../lib/gcc/nios2-elf/4.9.1/../../../../../H-x86_64-mingw32/nios2-elf/lib\libc.a(lib_a-vfprintf.o)
 .comment       0x0000000000000000       0x24 c:/altera/15.0_b144/nios2eds/bin/gnu/h-x86_64-mingw32/bin/../lib/gcc/nios2-elf/4.9.1/../../../../../H-x86_64-mingw32/nios2-elf/lib\libc.a(lib_a-wsetup.o)
 .comment       0x0000000000000000       0x24 c:/altera/15.0_b144/nios2eds/bin/gnu/h-x86_64-mingw32/bin/../lib/gcc/nios2-elf/4.9.1/../../../../../H-x86_64-mingw32/nios2-elf/lib\libc.a(lib_a-dtoa.o)
 .comment       0x0000000000000000       0x24 c:/altera/15.0_b144/nios2eds/bin/gnu/h-x86_64-mingw32/bin/../lib/gcc/nios2-elf/4.9.1/../../../../../H-x86_64-mingw32/nios2-elf/lib\libc.a(lib_a-fflush.o)
 .comment       0x0000000000000000       0x24 c:/altera/15.0_b144/nios2eds/bin/gnu/h-x86_64-mingw32/bin/../lib/gcc/nios2-elf/4.9.1/../../../../../H-x86_64-mingw32/nios2-elf/lib\libc.a(lib_a-findfp.o)
 .comment       0x0000000000000000       0x24 c:/altera/15.0_b144/nios2eds/bin/gnu/h-x86_64-mingw32/bin/../lib/gcc/nios2-elf/4.9.1/../../../../../H-x86_64-mingw32/nios2-elf/lib\libc.a(lib_a-freer.o)
 .comment       0x0000000000000000       0x24 c:/altera/15.0_b144/nios2eds/bin/gnu/h-x86_64-mingw32/bin/../lib/gcc/nios2-elf/4.9.1/../../../../../H-x86_64-mingw32/nios2-elf/lib\libc.a(lib_a-fvwrite.o)
 .comment       0x0000000000000000       0x24 c:/altera/15.0_b144/nios2eds/bin/gnu/h-x86_64-mingw32/bin/../lib/gcc/nios2-elf/4.9.1/../../../../../H-x86_64-mingw32/nios2-elf/lib\libc.a(lib_a-fwalk.o)
 .comment       0x0000000000000000       0x24 c:/altera/15.0_b144/nios2eds/bin/gnu/h-x86_64-mingw32/bin/../lib/gcc/nios2-elf/4.9.1/../../../../../H-x86_64-mingw32/nios2-elf/lib\libc.a(lib_a-impure.o)
 .comment       0x0000000000000000       0x24 c:/altera/15.0_b144/nios2eds/bin/gnu/h-x86_64-mingw32/bin/../lib/gcc/nios2-elf/4.9.1/../../../../../H-x86_64-mingw32/nios2-elf/lib\libc.a(lib_a-locale.o)
 .comment       0x0000000000000000       0x24 c:/altera/15.0_b144/nios2eds/bin/gnu/h-x86_64-mingw32/bin/../lib/gcc/nios2-elf/4.9.1/../../../../../H-x86_64-mingw32/nios2-elf/lib\libc.a(lib_a-makebuf.o)
 .comment       0x0000000000000000       0x24 c:/altera/15.0_b144/nios2eds/bin/gnu/h-x86_64-mingw32/bin/../lib/gcc/nios2-elf/4.9.1/../../../../../H-x86_64-mingw32/nios2-elf/lib\libc.a(lib_a-mallocr.o)
 .comment       0x0000000000000000       0x24 c:/altera/15.0_b144/nios2eds/bin/gnu/h-x86_64-mingw32/bin/../lib/gcc/nios2-elf/4.9.1/../../../../../H-x86_64-mingw32/nios2-elf/lib\libc.a(lib_a-memchr.o)
 .comment       0x0000000000000000       0x24 c:/altera/15.0_b144/nios2eds/bin/gnu/h-x86_64-mingw32/bin/../lib/gcc/nios2-elf/4.9.1/../../../../../H-x86_64-mingw32/nios2-elf/lib\libc.a(lib_a-memcpy.o)
 .comment       0x0000000000000000       0x24 c:/altera/15.0_b144/nios2eds/bin/gnu/h-x86_64-mingw32/bin/../lib/gcc/nios2-elf/4.9.1/../../../../../H-x86_64-mingw32/nios2-elf/lib\libc.a(lib_a-memmove.o)
 .comment       0x0000000000000000       0x24 c:/altera/15.0_b144/nios2eds/bin/gnu/h-x86_64-mingw32/bin/../lib/gcc/nios2-elf/4.9.1/../../../../../H-x86_64-mingw32/nios2-elf/lib\libc.a(lib_a-memset.o)
 .comment       0x0000000000000000       0x24 c:/altera/15.0_b144/nios2eds/bin/gnu/h-x86_64-mingw32/bin/../lib/gcc/nios2-elf/4.9.1/../../../../../H-x86_64-mingw32/nios2-elf/lib\libc.a(lib_a-mprec.o)
 .comment       0x0000000000000000       0x24 c:/altera/15.0_b144/nios2eds/bin/gnu/h-x86_64-mingw32/bin/../lib/gcc/nios2-elf/4.9.1/../../../../../H-x86_64-mingw32/nios2-elf/lib\libc.a(lib_a-reallocr.o)
 .comment       0x0000000000000000       0x24 c:/altera/15.0_b144/nios2eds/bin/gnu/h-x86_64-mingw32/bin/../lib/gcc/nios2-elf/4.9.1/../../../../../H-x86_64-mingw32/nios2-elf/lib\libc.a(lib_a-s_fpclassify.o)
 .comment       0x0000000000000000       0x24 c:/altera/15.0_b144/nios2eds/bin/gnu/h-x86_64-mingw32/bin/../lib/gcc/nios2-elf/4.9.1/../../../../../H-x86_64-mingw32/nios2-elf/lib\libc.a(lib_a-sbrkr.o)
 .comment       0x0000000000000000       0x24 c:/altera/15.0_b144/nios2eds/bin/gnu/h-x86_64-mingw32/bin/../lib/gcc/nios2-elf/4.9.1/../../../../../H-x86_64-mingw32/nios2-elf/lib\libc.a(lib_a-stdio.o)
 .comment       0x0000000000000000       0x24 c:/altera/15.0_b144/nios2eds/bin/gnu/h-x86_64-mingw32/bin/../lib/gcc/nios2-elf/4.9.1/../../../../../H-x86_64-mingw32/nios2-elf/lib\libc.a(lib_a-strcmp.o)
 .comment       0x0000000000000000       0x24 c:/altera/15.0_b144/nios2eds/bin/gnu/h-x86_64-mingw32/bin/../lib/gcc/nios2-elf/4.9.1/../../../../../H-x86_64-mingw32/nios2-elf/lib\libc.a(lib_a-vfiprintf.o)
 .comment       0x0000000000000000       0x24 c:/altera/15.0_b144/nios2eds/bin/gnu/h-x86_64-mingw32/bin/../lib/gcc/nios2-elf/4.9.1/../../../../../H-x86_64-mingw32/nios2-elf/lib\libc.a(lib_a-writer.o)
 .comment       0x0000000000000000       0x24 c:/altera/15.0_b144/nios2eds/bin/gnu/h-x86_64-mingw32/bin/../lib/gcc/nios2-elf/4.9.1/../../../../../H-x86_64-mingw32/nios2-elf/lib\libc.a(closer.o)
 .comment       0x0000000000000000       0x24 c:/altera/15.0_b144/nios2eds/bin/gnu/h-x86_64-mingw32/bin/../lib/gcc/nios2-elf/4.9.1/../../../../../H-x86_64-mingw32/nios2-elf/lib\libc.a(lib_a-callocr.o)
 .comment       0x0000000000000000       0x24 c:/altera/15.0_b144/nios2eds/bin/gnu/h-x86_64-mingw32/bin/../lib/gcc/nios2-elf/4.9.1/../../../../../H-x86_64-mingw32/nios2-elf/lib\libc.a(lib_a-fclose.o)
 .comment       0x0000000000000000       0x24 c:/altera/15.0_b144/nios2eds/bin/gnu/h-x86_64-mingw32/bin/../lib/gcc/nios2-elf/4.9.1/../../../../../H-x86_64-mingw32/nios2-elf/lib\libc.a(lib_a-fputwc.o)
 .comment       0x0000000000000000       0x24 c:/altera/15.0_b144/nios2eds/bin/gnu/h-x86_64-mingw32/bin/../lib/gcc/nios2-elf/4.9.1/../../../../../H-x86_64-mingw32/nios2-elf/lib\libc.a(lib_a-fstatr.o)
 .comment       0x0000000000000000       0x24 c:/altera/15.0_b144/nios2eds/bin/gnu/h-x86_64-mingw32/bin/../lib/gcc/nios2-elf/4.9.1/../../../../../H-x86_64-mingw32/nios2-elf/lib\libc.a(lib_a-int_errno.o)
 .comment       0x0000000000000000       0x24 c:/altera/15.0_b144/nios2eds/bin/gnu/h-x86_64-mingw32/bin/../lib/gcc/nios2-elf/4.9.1/../../../../../H-x86_64-mingw32/nios2-elf/lib\libc.a(lib_a-isattyr.o)
 .comment       0x0000000000000000       0x24 c:/altera/15.0_b144/nios2eds/bin/gnu/h-x86_64-mingw32/bin/../lib/gcc/nios2-elf/4.9.1/../../../../../H-x86_64-mingw32/nios2-elf/lib\libc.a(lib_a-lseekr.o)
 .comment       0x0000000000000000       0x24 c:/altera/15.0_b144/nios2eds/bin/gnu/h-x86_64-mingw32/bin/../lib/gcc/nios2-elf/4.9.1/../../../../../H-x86_64-mingw32/nios2-elf/lib\libc.a(lib_a-readr.o)
 .comment       0x0000000000000000       0x24 c:/altera/15.0_b144/nios2eds/bin/gnu/h-x86_64-mingw32/bin/../lib/gcc/nios2-elf/4.9.1/../../../../../H-x86_64-mingw32/nios2-elf/lib\libc.a(lib_a-wbuf.o)
 .comment       0x0000000000000000       0x24 c:/altera/15.0_b144/nios2eds/bin/gnu/h-x86_64-mingw32/bin/../lib/gcc/nios2-elf/4.9.1/../../../../../H-x86_64-mingw32/nios2-elf/lib\libc.a(lib_a-wcrtomb.o)
 .comment       0x0000000000000000       0x24 c:/altera/15.0_b144/nios2eds/bin/gnu/h-x86_64-mingw32/bin/../lib/gcc/nios2-elf/4.9.1/../../../../../H-x86_64-mingw32/nios2-elf/lib\libc.a(lib_a-wctomb_r.o)
 .comment       0x0000000000000000       0x24 c:/altera/15.0_b144/nios2eds/bin/gnu/h-x86_64-mingw32/bin/../lib/gcc/nios2-elf/4.9.1\libgcc.a(_udivdi3.o)
 .comment       0x0000000000000000       0x24 c:/altera/15.0_b144/nios2eds/bin/gnu/h-x86_64-mingw32/bin/../lib/gcc/nios2-elf/4.9.1\libgcc.a(_umoddi3.o)
 .comment       0x0000000000000000       0x24 c:/altera/15.0_b144/nios2eds/bin/gnu/h-x86_64-mingw32/bin/../lib/gcc/nios2-elf/4.9.1\libgcc.a(adddf3.o)
 .comment       0x0000000000000000       0x24 c:/altera/15.0_b144/nios2eds/bin/gnu/h-x86_64-mingw32/bin/../lib/gcc/nios2-elf/4.9.1\libgcc.a(eqdf2.o)
 .comment       0x0000000000000000       0x24 c:/altera/15.0_b144/nios2eds/bin/gnu/h-x86_64-mingw32/bin/../lib/gcc/nios2-elf/4.9.1\libgcc.a(gedf2.o)
 .comment       0x0000000000000000       0x24 c:/altera/15.0_b144/nios2eds/bin/gnu/h-x86_64-mingw32/bin/../lib/gcc/nios2-elf/4.9.1\libgcc.a(ledf2.o)
 .comment       0x0000000000000000       0x24 c:/altera/15.0_b144/nios2eds/bin/gnu/h-x86_64-mingw32/bin/../lib/gcc/nios2-elf/4.9.1\libgcc.a(floatsidf.o)
 .comment       0x0000000000000000       0x24 c:/altera/15.0_b144/nios2eds/bin/gnu/h-x86_64-mingw32/bin/../lib/gcc/nios2-elf/4.9.1\libgcc.a(floatunsidf.o)
 .comment       0x0000000000000000       0x24 ../adc_demo_bsp/\libhal_bsp.a(alt_close.o)
 .comment       0x0000000000000000       0x24 ../adc_demo_bsp/\libhal_bsp.a(alt_dev.o)
 .comment       0x0000000000000000       0x24 ../adc_demo_bsp/\libhal_bsp.a(alt_errno.o)
 .comment       0x0000000000000000       0x24 ../adc_demo_bsp/\libhal_bsp.a(alt_fstat.o)
 .comment       0x0000000000000000       0x24 ../adc_demo_bsp/\libhal_bsp.a(alt_isatty.o)
 .comment       0x0000000000000000       0x24 ../adc_demo_bsp/\libhal_bsp.a(alt_load.o)
 .comment       0x0000000000000000       0x24 ../adc_demo_bsp/\libhal_bsp.a(alt_lseek.o)
 .comment       0x0000000000000000       0x24 ../adc_demo_bsp/\libhal_bsp.a(alt_main.o)
 .comment       0x0000000000000000       0x24 ../adc_demo_bsp/\libhal_bsp.a(alt_malloc_lock.o)
 .comment       0x0000000000000000       0x24 ../adc_demo_bsp/\libhal_bsp.a(alt_read.o)
 .comment       0x0000000000000000       0x24 ../adc_demo_bsp/\libhal_bsp.a(alt_release_fd.o)
 .comment       0x0000000000000000       0x24 ../adc_demo_bsp/\libhal_bsp.a(alt_sbrk.o)
 .comment       0x0000000000000000       0x24 ../adc_demo_bsp/\libhal_bsp.a(alt_usleep.o)
 .comment       0x0000000000000000       0x24 ../adc_demo_bsp/\libhal_bsp.a(alt_write.o)
 .comment       0x0000000000000000       0x24 ../adc_demo_bsp/\libhal_bsp.a(alt_sys_init.o)
 .comment       0x0000000000000000       0x24 ../adc_demo_bsp/\libhal_bsp.a(altera_avalon_jtag_uart_fd.o)
 .comment       0x0000000000000000       0x24 ../adc_demo_bsp/\libhal_bsp.a(altera_avalon_jtag_uart_init.o)
 .comment       0x0000000000000000       0x24 ../adc_demo_bsp/\libhal_bsp.a(altera_avalon_jtag_uart_ioctl.o)
 .comment       0x0000000000000000       0x24 ../adc_demo_bsp/\libhal_bsp.a(altera_avalon_jtag_uart_read.o)
 .comment       0x0000000000000000       0x24 ../adc_demo_bsp/\libhal_bsp.a(altera_avalon_jtag_uart_write.o)
 .comment       0x0000000000000000       0x24 ../adc_demo_bsp/\libhal_bsp.a(altera_avalon_timer_sc.o)
 .comment       0x0000000000000000       0x24 ../adc_demo_bsp/\libhal_bsp.a(altera_modular_adc.o)
 .comment       0x0000000000000000       0x24 ../adc_demo_bsp/\libhal_bsp.a(alt_alarm_start.o)
 .comment       0x0000000000000000       0x24 ../adc_demo_bsp/\libhal_bsp.a(alt_busy_sleep.o)
 .comment       0x0000000000000000       0x24 ../adc_demo_bsp/\libhal_bsp.a(alt_dcache_flush_all.o)
 .comment       0x0000000000000000       0x24 ../adc_demo_bsp/\libhal_bsp.a(alt_dev_llist_insert.o)
 .comment       0x0000000000000000       0x24 ../adc_demo_bsp/\libhal_bsp.a(alt_do_ctors.o)
 .comment       0x0000000000000000       0x24 ../adc_demo_bsp/\libhal_bsp.a(alt_do_dtors.o)
 .comment       0x0000000000000000       0x24 ../adc_demo_bsp/\libhal_bsp.a(alt_find_dev.o)
 .comment       0x0000000000000000       0x24 ../adc_demo_bsp/\libhal_bsp.a(alt_icache_flush_all.o)
 .comment       0x0000000000000000       0x24 ../adc_demo_bsp/\libhal_bsp.a(alt_iic.o)
 .comment       0x0000000000000000       0x24 ../adc_demo_bsp/\libhal_bsp.a(alt_iic_isr_register.o)
 .comment       0x0000000000000000       0x24 ../adc_demo_bsp/\libhal_bsp.a(alt_io_redirect.o)
 .comment       0x0000000000000000       0x24 ../adc_demo_bsp/\libhal_bsp.a(alt_irq_handler.o)
 .comment       0x0000000000000000       0x24 ../adc_demo_bsp/\libhal_bsp.a(alt_irq_vars.o)
 .comment       0x0000000000000000       0x24 ../adc_demo_bsp/\libhal_bsp.a(alt_open.o)
 .comment       0x0000000000000000       0x24 ../adc_demo_bsp/\libhal_bsp.a(alt_tick.o)
 .comment       0x0000000000000000       0x24 ../adc_demo_bsp/\libhal_bsp.a(altera_nios2_gen2_irq.o)
 .comment       0x0000000000000000       0x24 ../adc_demo_bsp/\libhal_bsp.a(alt_find_file.o)
 .comment       0x0000000000000000       0x24 ../adc_demo_bsp/\libhal_bsp.a(alt_get_fd.o)
 .comment       0x0000000000000000       0x24 ../adc_demo_bsp/\libhal_bsp.a(alt_icache_flush.o)
 .comment       0x0000000000000000       0x24 ../adc_demo_bsp/\libhal_bsp.a(alt_instruction_exception_entry.o)
 .comment       0x0000000000000000       0x24 c:/altera/15.0_b144/nios2eds/bin/gnu/h-x86_64-mingw32/bin/../lib/gcc/nios2-elf/4.9.1/../../../../../H-x86_64-mingw32/nios2-elf/lib\libc.a(lib_a-atexit.o)
 .comment       0x0000000000000000       0x24 c:/altera/15.0_b144/nios2eds/bin/gnu/h-x86_64-mingw32/bin/../lib/gcc/nios2-elf/4.9.1/../../../../../H-x86_64-mingw32/nios2-elf/lib\libc.a(lib_a-exit.o)
 .comment       0x0000000000000000       0x24 c:/altera/15.0_b144/nios2eds/bin/gnu/h-x86_64-mingw32/bin/../lib/gcc/nios2-elf/4.9.1/../../../../../H-x86_64-mingw32/nios2-elf/lib\libc.a(lib_a-memcmp.o)
 .comment       0x0000000000000000       0x24 c:/altera/15.0_b144/nios2eds/bin/gnu/h-x86_64-mingw32/bin/../lib/gcc/nios2-elf/4.9.1/../../../../../H-x86_64-mingw32/nios2-elf/lib\libc.a(lib_a-__atexit.o)
 .comment       0x0000000000000000       0x24 c:/altera/15.0_b144/nios2eds/bin/gnu/h-x86_64-mingw32/bin/../lib/gcc/nios2-elf/4.9.1/../../../../../H-x86_64-mingw32/nios2-elf/lib\libc.a(lib_a-__call_atexit.o)
 .comment       0x0000000000000000       0x24 ../adc_demo_bsp/\libhal_bsp.a(alt_exit.o)

.debug
 *(.debug)

.line
 *(.line)

.debug_srcinfo
 *(.debug_srcinfo)

.debug_sfnames
 *(.debug_sfnames)

.debug_aranges  0x0000000000000000      0xdb0
 *(.debug_aranges)
 .debug_aranges
                0x0000000000000000       0x28 ../adc_demo_bsp//obj/HAL/src/crt0.o
 .debug_aranges
                0x0000000000000028       0x20 obj/default/main.o
 .debug_aranges
                0x0000000000000048       0x20 c:/altera/15.0_b144/nios2eds/bin/gnu/h-x86_64-mingw32/bin/../lib/gcc/nios2-elf/4.9.1\libgcc.a(floatsisf.o)
 .debug_aranges