------------------------------------------------------------
TimeQuest Timing Analyzer Summary
------------------------------------------------------------

Type  : Slow 1200mV 85C Model Setup 'I2C_HDMI_Config:u_I2C_HDMI_Config|mI2C_CTRL_CLK'
Slack : -2.159
TNS   : -78.296

Type  : Slow 1200mV 85C Model Setup 'MAX10_CLK2_50'
Slack : -2.087
TNS   : -29.407

Type  : Slow 1200mV 85C Model Setup 'u0|altpll_stream|sd1|pll7|clk[1]'
Slack : 0.605
TNS   : 0.000

Type  : Slow 1200mV 85C Model Setup 'u0|altpll_stream|sd1|pll7|clk[0]'
Slack : 1.113
TNS   : 0.000

Type  : Slow 1200mV 85C Model Hold 'u0|altpll_stream|sd1|pll7|clk[1]'
Slack : 0.297
TNS   : 0.000

Type  : Slow 1200mV 85C Model Hold 'I2C_HDMI_Config:u_I2C_HDMI_Config|mI2C_CTRL_CLK'
Slack : 0.314
TNS   : 0.000

Type  : Slow 1200mV 85C Model Hold 'u0|altpll_stream|sd1|pll7|clk[0]'
Slack : 0.325
TNS   : 0.000

Type  : Slow 1200mV 85C Model Hold 'MAX10_CLK2_50'
Slack : 0.412
TNS   : 0.000

Type  : Slow 1200mV 85C Model Recovery 'u0|altpll_stream|sd1|pll7|clk[1]'
Slack : 3.109
TNS   : 0.000

Type  : Slow 1200mV 85C Model Recovery 'u0|altpll_stream|sd1|pll7|clk[0]'
Slack : 3.208
TNS   : 0.000

Type  : Slow 1200mV 85C Model Removal 'u0|altpll_stream|sd1|pll7|clk[1]'
Slack : 0.876
TNS   : 0.000

Type  : Slow 1200mV 85C Model Removal 'u0|altpll_stream|sd1|pll7|clk[0]'
Slack : 2.987
TNS   : 0.000

Type  : Slow 1200mV 85C Model Minimum Pulse Width 'MAX10_CLK2_50'
Slack : -3.000
TNS   : -20.000

Type  : Slow 1200mV 85C Model Minimum Pulse Width 'I2C_HDMI_Config:u_I2C_HDMI_Config|mI2C_CTRL_CLK'
Slack : -1.000
TNS   : -54.000

Type  : Slow 1200mV 85C Model Minimum Pulse Width 'u0|altpll_stream|sd1|pll7|clk[0]'
Slack : 3.030
TNS   : 0.000

Type  : Slow 1200mV 85C Model Minimum Pulse Width 'u0|altpll_stream|sd1|pll7|clk[1]'
Slack : 3.055
TNS   : 0.000

Type  : Slow 1200mV 85C Model Minimum Pulse Width 'MAX10_CLK1_50'
Slack : 9.807
TNS   : 0.000

Type  : Slow 1200mV 0C Model Setup 'I2C_HDMI_Config:u_I2C_HDMI_Config|mI2C_CTRL_CLK'
Slack : -1.863
TNS   : -67.133

Type  : Slow 1200mV 0C Model Setup 'MAX10_CLK2_50'
Slack : -1.835
TNS   : -25.879

Type  : Slow 1200mV 0C Model Setup 'u0|altpll_stream|sd1|pll7|clk[1]'
Slack : 1.158
TNS   : 0.000

Type  : Slow 1200mV 0C Model Setup 'u0|altpll_stream|sd1|pll7|clk[0]'
Slack : 1.636
TNS   : 0.000

Type  : Slow 1200mV 0C Model Hold 'u0|altpll_stream|sd1|pll7|clk[1]'
Slack : 0.277
TNS   : 0.000

Type  : Slow 1200mV 0C Model Hold 'I2C_HDMI_Config:u_I2C_HDMI_Config|mI2C_CTRL_CLK'
Slack : 0.284
TNS   : 0.000

Type  : Slow 1200mV 0C Model Hold 'u0|altpll_stream|sd1|pll7|clk[0]'
Slack : 0.295
TNS   : 0.000

Type  : Slow 1200mV 0C Model Hold 'MAX10_CLK2_50'
Slack : 0.396
TNS   : 0.000

Type  : Slow 1200mV 0C Model Recovery 'u0|altpll_stream|sd1|pll7|clk[1]'
Slack : 3.437
TNS   : 0.000

Type  : Slow 1200mV 0C Model Recovery 'u0|altpll_stream|sd1|pll7|clk[0]'
Slack : 3.532
TNS   : 0.000

Type  : Slow 1200mV 0C Model Removal 'u0|altpll_stream|sd1|pll7|clk[1]'
Slack : 0.808
TNS   : 0.000

Type  : Slow 1200mV 0C Model Removal 'u0|altpll_stream|sd1|pll7|clk[0]'
Slack : 2.728
TNS   : 0.000

Type  : Slow 1200mV 0C Model Minimum Pulse Width 'MAX10_CLK2_50'
Slack : -3.000
TNS   : -20.000

Type  : Slow 1200mV 0C Model Minimum Pulse Width 'I2C_HDMI_Config:u_I2C_HDMI_Config|mI2C_CTRL_CLK'
Slack : -1.000
TNS   : -54.000

Type  : Slow 1200mV 0C Model Minimum Pulse Width 'u0|altpll_stream|sd1|pll7|clk[0]'
Slack : 3.044
TNS   : 0.000

Type  : Slow 1200mV 0C Model Minimum Pulse Width 'u0|altpll_stream|sd1|pll7|clk[1]'
Slack : 3.065
TNS   : 0.000

Type  : Slow 1200mV 0C Model Minimum Pulse Width 'MAX10_CLK1_50'
Slack : 9.857
TNS   : 0.000

Type  : Fast 1200mV 0C Model Setup 'I2C_HDMI_Config:u_I2C_HDMI_Config|mI2C_CTRL_CLK'
Slack : -0.537
TNS   : -8.914

Type  : Fast 1200mV 0C Model Setup 'MAX10_CLK2_50'
Slack : -0.447
TNS   : -4.535

Type  : Fast 1200mV 0C Model Setup 'u0|altpll_stream|sd1|pll7|clk[1]'
Slack : 3.771
TNS   : 0.000

Type  : Fast 1200mV 0C Model Setup 'u0|altpll_stream|sd1|pll7|clk[0]'
Slack : 4.019
TNS   : 0.000

Type  : Fast 1200mV 0C Model Hold 'MAX10_CLK2_50'
Slack : 0.076
TNS   : 0.000

Type  : Fast 1200mV 0C Model Hold 'u0|altpll_stream|sd1|pll7|clk[1]'
Slack : 0.128
TNS   : 0.000

Type  : Fast 1200mV 0C Model Hold 'I2C_HDMI_Config:u_I2C_HDMI_Config|mI2C_CTRL_CLK'
Slack : 0.144
TNS   : 0.000

Type  : Fast 1200mV 0C Model Hold 'u0|altpll_stream|sd1|pll7|clk[0]'
Slack : 0.149
TNS   : 0.000

Type  : Fast 1200mV 0C Model Recovery 'u0|altpll_stream|sd1|pll7|clk[1]'
Slack : 4.808
TNS   : 0.000

Type  : Fast 1200mV 0C Model Recovery 'u0|altpll_stream|sd1|pll7|clk[0]'
Slack : 4.865
TNS   : 0.000

Type  : Fast 1200mV 0C Model Removal 'u0|altpll_stream|sd1|pll7|clk[1]'
Slack : 0.405
TNS   : 0.000

Type  : Fast 1200mV 0C Model Removal 'u0|altpll_stream|sd1|pll7|clk[0]'
Slack : 1.538
TNS   : 0.000

Type  : Fast 1200mV 0C Model Minimum Pulse Width 'MAX10_CLK2_50'
Slack : -3.000
TNS   : -23.127

Type  : Fast 1200mV 0C Model Minimum Pulse Width 'I2C_HDMI_Config:u_I2C_HDMI_Config|mI2C_CTRL_CLK'
Slack : -1.000
TNS   : -54.000

Type  : Fast 1200mV 0C Model Minimum Pulse Width 'u0|altpll_stream|sd1|pll7|clk[0]'
Slack : 3.088
TNS   : 0.000

Type  : Fast 1200mV 0C Model Minimum Pulse Width 'u0|altpll_stream|sd1|pll7|clk[1]'
Slack : 3.097
TNS   : 0.000

Type  : Fast 1200mV 0C Model Minimum Pulse Width 'MAX10_CLK1_50'
Slack : 9.641
TNS   : 0.000

------------------------------------------------------------
