Archive member included to satisfy reference by file (symbol)

c:/altera/15.0/nios2eds/bin/gnu/h-x86_64-mingw32/bin/../lib/gcc/nios2-elf/4.9.1/../../../../../H-x86_64-mingw32/nios2-elf/lib\libc.a(lib_a-ctype_.o)
                              obj/default/network_utilities.o (__ctype_ptr__)
c:/altera/15.0/nios2eds/bin/gnu/h-x86_64-mingw32/bin/../lib/gcc/nios2-elf/4.9.1/../../../../../H-x86_64-mingw32/nios2-elf/lib\libc.a(lib_a-fprintf.o)
                              obj/default/alt_error_handler.o (fprintf)
c:/altera/15.0/nios2eds/bin/gnu/h-x86_64-mingw32/bin/../lib/gcc/nios2-elf/4.9.1/../../../../../H-x86_64-mingw32/nios2-elf/lib\libc.a(lib_a-fwrite.o)
                              obj/default/alt_error_handler.o (fwrite)
c:/altera/15.0/nios2eds/bin/gnu/h-x86_64-mingw32/bin/../lib/gcc/nios2-elf/4.9.1/../../../../../H-x86_64-mingw32/nios2-elf/lib\libc.a(lib_a-getc.o)
                              obj/default/network_utilities.o (getc)
c:/altera/15.0/nios2eds/bin/gnu/h-x86_64-mingw32/bin/../lib/gcc/nios2-elf/4.9.1/../../../../../H-x86_64-mingw32/nios2-elf/lib\libc.a(lib_a-impure.o)
                              obj/default/alt_error_handler.o (_impure_ptr)
c:/altera/15.0/nios2eds/bin/gnu/h-x86_64-mingw32/bin/../lib/gcc/nios2-elf/4.9.1/../../../../../H-x86_64-mingw32/nios2-elf/lib\libc.a(lib_a-malloc.o)
                              obj/default/ins_tse/altera_avalon_tse.o (malloc)
c:/altera/15.0/nios2eds/bin/gnu/h-x86_64-mingw32/bin/../lib/gcc/nios2-elf/4.9.1/../../../../../H-x86_64-mingw32/nios2-elf/lib\libc.a(lib_a-mallocr.o)
                              c:/altera/15.0/nios2eds/bin/gnu/h-x86_64-mingw32/bin/../lib/gcc/nios2-elf/4.9.1/../../../../../H-x86_64-mingw32/nios2-elf/lib\libc.a(lib_a-malloc.o) (_malloc_r)
c:/altera/15.0/nios2eds/bin/gnu/h-x86_64-mingw32/bin/../lib/gcc/nios2-elf/4.9.1/../../../../../H-x86_64-mingw32/nios2-elf/lib\libc.a(lib_a-memcpy.o)
                              obj/default/ins_tse/altera_avalon_tse.o (memcpy)
c:/altera/15.0/nios2eds/bin/gnu/h-x86_64-mingw32/bin/../lib/gcc/nios2-elf/4.9.1/../../../../../H-x86_64-mingw32/nios2-elf/lib\libc.a(lib_a-memmove.o)
                              obj/default/simple_socket_server.o (memmove)
c:/altera/15.0/nios2eds/bin/gnu/h-x86_64-mingw32/bin/../lib/gcc/nios2-elf/4.9.1/../../../../../H-x86_64-mingw32/nios2-elf/lib\libc.a(lib_a-memset.o)
                              obj/default/ins_tse/altera_avalon_tse.o (memset)
c:/altera/15.0/nios2eds/bin/gnu/h-x86_64-mingw32/bin/../lib/gcc/nios2-elf/4.9.1/../../../../../H-x86_64-mingw32/nios2-elf/lib\libc.a(lib_a-perror.o)
                              obj/default/alt_error_handler.o (perror)
c:/altera/15.0/nios2eds/bin/gnu/h-x86_64-mingw32/bin/../lib/gcc/nios2-elf/4.9.1/../../../../../H-x86_64-mingw32/nios2-elf/lib\libc.a(lib_a-printf.o)
                              obj/default/alt_error_handler.o (printf)
c:/altera/15.0/nios2eds/bin/gnu/h-x86_64-mingw32/bin/../lib/gcc/nios2-elf/4.9.1/../../../../../H-x86_64-mingw32/nios2-elf/lib\libc.a(lib_a-putc.o)
                              obj/default/network_utilities.o (putc)
c:/altera/15.0/nios2eds/bin/gnu/h-x86_64-mingw32/bin/../lib/gcc/nios2-elf/4.9.1/../../../../../H-x86_64-mingw32/nios2-elf/lib\libc.a(lib_a-putchar.o)
                              obj/default/network_utilities.o (putchar)
c:/altera/15.0/nios2eds/bin/gnu/h-x86_64-mingw32/bin/../lib/gcc/nios2-elf/4.9.1/../../../../../H-x86_64-mingw32/nios2-elf/lib\libc.a(lib_a-puts.o)
                              obj/default/alt_error_handler.o (puts)
c:/altera/15.0/nios2eds/bin/gnu/h-x86_64-mingw32/bin/../lib/gcc/nios2-elf/4.9.1/../../../../../H-x86_64-mingw32/nios2-elf/lib\libc.a(lib_a-rget.o)
                              c:/altera/15.0/nios2eds/bin/gnu/h-x86_64-mingw32/bin/../lib/gcc/nios2-elf/4.9.1/../../../../../H-x86_64-mingw32/nios2-elf/lib\libc.a(lib_a-getc.o) (__srget_r)
c:/altera/15.0/nios2eds/bin/gnu/h-x86_64-mingw32/bin/../lib/gcc/nios2-elf/4.9.1/../../../../../H-x86_64-mingw32/nios2-elf/lib\libc.a(lib_a-sbrkr.o)
                              c:/altera/15.0/nios2eds/bin/gnu/h-x86_64-mingw32/bin/../lib/gcc/nios2-elf/4.9.1/../../../../../H-x86_64-mingw32/nios2-elf/lib\libc.a(lib_a-mallocr.o) (_sbrk_r)
c:/altera/15.0/nios2eds/bin/gnu/h-x86_64-mingw32/bin/../lib/gcc/nios2-elf/4.9.1/../../../../../H-x86_64-mingw32/nios2-elf/lib\libc.a(lib_a-sprintf.o)
                              obj/default/simple_socket_server.o (sprintf)
c:/altera/15.0/nios2eds/bin/gnu/h-x86_64-mingw32/bin/../lib/gcc/nios2-elf/4.9.1/../../../../../H-x86_64-mingw32/nios2-elf/lib\libc.a(lib_a-strchr.o)
                              obj/default/simple_socket_server.o (strchr)
c:/altera/15.0/nios2eds/bin/gnu/h-x86_64-mingw32/bin/../lib/gcc/nios2-elf/4.9.1/../../../../../H-x86_64-mingw32/nios2-elf/lib\libc.a(lib_a-strcpy.o)
                              obj/default/ins_tse/altera_avalon_tse.o (strcpy)
[...]
Memory Configuration

Name             Origin             Length             Attributes
reset            0x0000000000000000 0x0000000000000020
mem_if_ddr3_emif 0x0000000000000020 0x000000001fffffe0
descriptor_memory 0x0000000021040000 0x0000000000001000
*default*        0x0000000000000000 0xffffffffffffffff

Linker script and memory map

LOAD ../DECA_socket_server_bsp//obj/HAL/src/crt0.o
LOAD obj/default/alt_error_handler.o
LOAD obj/default/iniche_init.o
LOAD obj/default/ins_tse/altera_avalon_tse.o
LOAD obj/default/led.o
LOAD obj/default/network_utilities.o
LOAD obj/default/simple_socket_server.o
LOAD obj/default/tse_my_system.o
LOAD c:/altera/15.0/nios2eds/bin/gnu/h-x86_64-mingw32/bin/../lib/gcc/nios2-elf/4.9.1/../../../../../H-x86_64-mingw32/nios2-elf/lib\libstdc++.a
LOAD c:/altera/15.0/nios2eds/bin/gnu/h-x86_64-mingw32/bin/../lib/gcc/nios2-elf/4.9.1/../../../../../H-x86_64-mingw32/nios2-elf/lib\libm.a
LOAD c:/altera/15.0/nios2eds/bin/gnu/h-x86_64-mingw32/bin/../lib/gcc/nios2-elf/4.9.1\libgcc.a
START GROUP
LOAD c:/altera/15.0/nios2eds/bin/gnu/h-x86_64-mingw32/bin/../lib/gcc/nios2-elf/4.9.1/../../../../../H-x86_64-mingw32/nios2-elf/lib\libc.a
LOAD c:/altera/15.0/nios2eds/bin/gnu/h-x86_64-mingw32/bin/../lib/gcc/nios2-elf/4.9.1\libgcc.a
LOAD ../DECA_socket_server_bsp/\libucosii_bsp.a
LOAD c:/altera/15.0/nios2eds/bin/gnu/h-x86_64-mingw32/bin/../lib/gcc/nios2-elf/4.9.1/../../../../../H-x86_64-mingw32/nios2-elf/lib\libm.a
END GROUP
LOAD c:/altera/15.0/nios2eds/bin/gnu/h-x86_64-mingw32/bin/../lib/gcc/nios2-elf/4.9.1\libgcc.a
                0x0000000000000000                __alt_mem_mem_if_ddr3_emif = 0x0
                0x0000000021040000                __alt_mem_descriptor_memory = 0x21040000

.entry          0x0000000000000000       0x20
 *(.entry)
 .entry         0x0000000000000000       0x20 ../DECA_socket_server_bsp//obj/HAL/src/crt0.o
                0x0000000000000000                __reset

.exceptions     0x0000000000000020      0x220
                0x0000000000000020                PROVIDE (__ram_exceptions_start, ABSOLUTE (.))
                0x0000000000000020                . = ALIGN (0x20)
 *(.irq)
 *(.exceptions.entry.label)
 .exceptions.entry.label
                0x0000000000000020        0x0 ../DECA_socket_server_bsp/\libucosii_bsp.a(alt_irq_entry.o)
                0x0000000000000020                alt_irq_entry
 .exceptions.entry.label
                0x0000000000000020        0x0 ../DECA_socket_server_bsp/\libucosii_bsp.a(alt_exception_entry.o)
                0x0000000000000020                alt_exception
 *(.exceptions.entry.user)
 *(.exceptions.entry.ecc_fatal)
 *(.exceptions.entry)
 .exceptions.entry
                0x0000000000000020       0x54 ../DECA_socket_server_bsp/\libucosii_bsp.a(alt_exception_entry.o)
 *(.exceptions.irqtest.user)
 *(.exceptions.irqtest)
 .exceptions.irqtest
                0x0000000000000074       0x10 ../DECA_socket_server_bsp/\libucosii_bsp.a(alt_irq_entry.o)
 *(.exceptions.irqhandler.user)
 *(.exceptions.irqhandler)
 .exceptions.irqhandler
                0x0000000000000084        0x4 ../DECA_socket_server_bsp/\libucosii_bsp.a(alt_irq_entry.o)
 *(.exceptions.irqreturn.user)
 *(.exceptions.irqreturn)
 .exceptions.irqreturn
                0x0000000000000088        0x4 ../DECA_socket_server_bsp/\libucosii_bsp.a(alt_irq_entry.o)
 *(.exceptions.notirq.label)
 .exceptions.notirq.label
                0x000000000000008c        0x0 ../DECA_socket_server_bsp/\libucosii_bsp.a(alt_irq_entry.o)
 *(.exceptions.notirq.user)
 *(.exceptions.notirq)
 .exceptions.notirq
                0x000000000000008c        0x8 ../DECA_socket_server_bsp/\libucosii_bsp.a(alt_exception_entry.o)
 *(.exceptions.soft.user)
 *(.exceptions.soft)
 *(.exceptions.unknown.user)
 *(.exceptions.unknown)
 .exceptions.unknown
                0x0000000000000094       0x14 ../DECA_socket_server_bsp/\libucosii_bsp.a(alt_exception_entry.o)
 *(.exceptions.exit.label)
 .exceptions.exit.label
                0x00000000000000a8        0x0 ../DECA_socket_server_bsp/\libucosii_bsp.a(alt_irq_entry.o)
 .exceptions.exit.label
                0x00000000000000a8        0x0 ../DECA_socket_server_bsp/\libucosii_bsp.a(alt_exception_entry.o)
 *(.exceptions.exit.user)
 *(.exceptions.exit)
 .exceptions.exit
                0x00000000000000a8       0x54 ../DECA_socket_server_bsp/\libucosii_bsp.a(alt_exception_entry.o)
 *(.exceptions)
 .exceptions    0x00000000000000fc       0xd0 ../DECA_socket_server_bsp/\libucosii_bsp.a(alt_irq_handler.o)
                0x00000000000000fc                alt_irq_handler
 .exceptions    0x00000000000001cc       0x74 ../DECA_socket_server_bsp/\libucosii_bsp.a(alt_instruction_exception_entry.o)
                0x00000000000001cc                alt_instruction_exception_entry
                0x0000000000000240                PROVIDE (__ram_exceptions_end, ABSOLUTE (.))
                0x0000000000000020                PROVIDE (__flash_exceptions_start, LOADADDR (.exceptions))

.text           0x0000000000000240    0x49eb0
                0x0000000000000240                PROVIDE (stext, ABSOLUTE (.))
 *(.interp)
 *(.hash)
 *(.dynsym)
 *(.dynstr)
 *(.gnu.version)
 *(.gnu.version_d)
 *(.gnu.version_r)
 *(.rel.init)
 *(.rela.init)
 *(.rel.text .rel.text.* .rel.gnu.linkonce.t.*)
 *(.rela.text .rela.text.* .rela.gnu.linkonce.t.*)
 *(.rel.fini)
 *(.rela.fini)
 *(.rel.rodata .rel.rodata.* .rel.gnu.linkonce.r.*)
 *(.rela.rodata .rela.rodata.* .rela.gnu.linkonce.r.*)
 *(.rel.data .rel.data.* .rel.gnu.linkonce.d.*)
 *(.rela.data .rela.data.* .rela.gnu.linkonce.d.*)
 *(.rel.tdata .rel.tdata.* .rel.gnu.linkonce.td.*)
 *(.rela.tdata .rela.tdata.* .rela.gnu.linkonce.td.*)
 *(.rel.tbss .rel.tbss.* .rel.gnu.linkonce.tb.*)
 *(.rela.tbss .rela.tbss.* .rela.gnu.linkonce.tb.*)
 *(.rel.ctors)
 *(.rela.ctors)
 *(.rel.dtors)
 *(.rela.dtors)
 *(.rel.got)
 *(.rela.got)
 *(.rel.sdata .rel.sdata.* .rel.gnu.linkonce.s.*)
 *(.rela.sdata .rela.sdata.* .rela.gnu.linkonce.s.*)
 *(.rel.sbss .rel.sbss.* .rel.gnu.linkonce.sb.*)
 *(.rela.sbss .rela.sbss.* .rela.gnu.linkonce.sb.*)
 *(.rel.sdata2 .rel.sdata2.* .rel.gnu.linkonce.s2.*)
 *(.rela.sdata2 .rela.sdata2.* .rela.gnu.linkonce.s2.*)
 *(.rel.sbss2 .rel.sbss2.* .rel.gnu.linkonce.sb2.*)
 *(.rela.sbss2 .rela.sbss2.* .rela.gnu.linkonce.sb2.*)
 *(.rel.bss .rel.bss.* .rel.gnu.linkonce.b.*)
 *(.rela.bss .rela.bss.* .rela.gnu.linkonce.b.*)
 *(.rel.plt)
 *(.rela.plt)
 *(.rel.dyn)
 *(.init)
 *(.plt)
 *(.text .stub .text.* .gnu.linkonce.t.*)
 .text          0x0000000000000240       0x4c ../DECA_socket_server_bsp//obj/HAL/src/crt0.o
                0x0000000000000240                _start
 .text          0x000000000000028c      0xbf8 obj/default/alt_error_handler.o
                0x000000000000028c                alt_uCOSIIErrorHandler
                0x00000000000008d0                alt_NetworkErrorHandler
                0x0000000000000b8c                alt_SSSErrorHandler
 .text          0x0000000000000e84       0xf8 obj/default/iniche_init.o
                0x0000000000000e84                SSSInitialTask
                0x0000000000000efc                main
 .text          0x0000000000000f7c     0x503c obj/default/ins_tse/altera_avalon_tse.o
                0x0000000000000f7c                no_printf
                0x0000000000000fa8                tse_mac_initTransInfo2
                0x0000000000001008                tse_mac_sTxWrite
                0x00000000000010ec                tse_mac_aRxRead
                0x0000000000001194                tse_mac_SwReset
                0x000000000000121c                tse_mac_setMIImode
                0x0000000000001270                tse_mac_setGMIImode
                0x00000000000012c0                alt_tse_phy_add_profile
                0x00000000000014a4                alt_tse_system_add_sys
                0x0000000000001ea0                alt_tse_sys_enable_mdio_sharing
                0x0000000000002008                alt_tse_mac_get_common_speed
                0x0000000000002048                alt_tse_mac_set_common_speed
                0x0000000000002090                alt_tse_get_system_index
                0x00000000000020fc                alt_tse_get_mac_group_index
                0x0000000000002170                alt_tse_get_mac_info_index
                0x00000000000021f0                alt_tse_get_mac_info
                0x00000000000022c8                alt_tse_mac_set_speed
                0x00000000000023a8                alt_tse_mac_set_duplex
                0x0000000000002434                getPHYSpeed
                0x0000000000002ea0                alt_tse_phy_rd_mdio_addr
                0x0000000000002ee8                alt_tse_phy_wr_mdio_addr
                0x0000000000002f40                alt_tse_phy_wr_mdio_reg
                0x0000000000003068                alt_tse_phy_rd_mdio_reg
                0x0000000000003134                alt_tse_phy_add_profile_default
                0x00000000000033f8                alt_tse_phy_print_profile
                0x0000000000003608                alt_tse_mac_group_init
                0x0000000000003ca8                alt_tse_mac_get_phy
                0x00000000000040c4                alt_tse_mac_associate_phy
                0x0000000000004304                alt_tse_phy_cfg_pcs
                0x000000000000442c                alt_tse_phy_init
                0x0000000000004544                alt_tse_phy_restart_an
                0x0000000000004700                alt_tse_phy_check_link
                0x0000000000004860                alt_tse_phy_get_cap
                0x0000000000004df8                alt_tse_phy_set_adv_1000
                0x0000000000004fb4                alt_tse_phy_set_adv_100
                0x00000000000051fc                alt_tse_phy_set_adv_10
                0x00000000000053a4                alt_tse_phy_get_common_speed
                0x00000000000056c4                alt_tse_phy_set_common_speed
                0x0000000000005b78                marvell_phy_cfg
                0x0000000000005c10                marvell_cfg_gmii
                0x0000000000005cf4                marvell_cfg_sgmii
                0x0000000000005dd8                marvell_cfg_rgmii
                0x0000000000005ec8                DP83848C_link_status_read
                0x0000000000005f40                DP83620_link_status_read
 .text          0x0000000000005fb8      0x398 obj/default/led.o
                0x0000000000005fb8                led_bit_toggle
                0x00000000000060dc                LED7SegLightshowTask
                0x0000000000006160                LEDManagementTask
 .text          0x0000000000006350      0x520 obj/default/network_utilities.o
                0x0000000000006350                get_mac_addr
                0x00000000000063a4                get_ip_addr
                0x0000000000006410                get_serial_number
                0x00000000000065e4                generate_and_store_mac_addr
                0x000000000000660c                generate_mac_addr
                0x0000000000006744                get_board_mac_addr
                0x0000000000006848                FindLastFlashSectorOffset
 .text          0x0000000000006870      0x9f0 obj/default/simple_socket_server.o
                0x0000000000006870                SSSCreateOSDataStructs
                0x0000000000006910                SSSCreateTasks
                0x00000000000069dc                sss_reset_connection
                0x0000000000006a4c                sss_send_menu
                0x0000000000006c30                sss_handle_accept
                0x0000000000006cf8                sss_exec_command
                0x0000000000006eb0                sss_handle_receive
                0x000000000000709c                SSSSimpleSocketServerTask
 .text          0x0000000000007260        0x0 obj/default/tse_my_system.o
 .text          0x0000000000007260        0x0 c:/altera/15.0/nios2eds/bin/gnu/h-x86_64-mingw32/bin/../lib/gcc/nios2-elf/4.9.1/../../../../../H-x86_64-mingw32/nios2-elf/lib\libc.a(lib_a-ctype_.o)
 .text          0x0000000000007260       0x4c c:/altera/15.0/nios2eds/bin/gnu/h-x86_64-mingw32/bin/../lib/gcc/nios2-elf/4.9.1/../../../../../H-x86_64-mingw32/nios2-elf/lib\libc.a(lib_a-fprintf.o)
                0x0000000000007260                _fprintf_r
                0x0000000000007288                fprintf
 .text          0x00000000000072ac      0x10c c:/altera/15.0/nios2eds/bin/gnu/h-x86_64-mingw32/bin/../lib/gcc/nios2-elf/4.9.1/../../../../../H-x86_64-mingw32/nios2-elf/lib\libc.a(lib_a-fwrite.o)
                0x00000000000072ac                _fwrite_r
                0x0000000000007378                fwrite
 .text          0x00000000000073b8      0x108 c:/altera/15.0/nios2eds/bin/gnu/h-x86_64-mingw32/bin/../lib/gcc/nios2-elf/4.9.1/../../../../../H-x86_64-mingw32/nios2-elf/lib\libc.a(lib_a-getc.o)
                0x00000000000073b8                _getc_r
                0x0000000000007438                getc
 .text          0x00000000000074c0        0x0 c:/altera/15.0/nios2eds/bin/gnu/h-x86_64-mingw32/bin/../lib/gcc/nios2-elf/4.9.1/../../../../../H-x86_64-mingw32/nios2-elf/lib\libc.a(lib_a-impure.o)
 .text          0x00000000000074c0       0x28 c:/altera/15.0/nios2eds/bin/gnu/h-x86_64-mingw32/bin/../lib/gcc/nios2-elf/4.9.1/../../../../../H-x86_64-mingw32/nios2-elf/lib\libc.a(lib_a-malloc.o)
                0x00000000000074c0                malloc
                0x00000000000074d4                free
 .text          0x00000000000074e8      0x7a8 c:/altera/15.0/nios2eds/bin/gnu/h-x86_64-mingw32/bin/../lib/gcc/nios2-elf/4.9.1/../../../../../H-x86_64-mingw32/nios2-elf/lib\libc.a(lib_a-mallocr.o)
                0x00000000000074e8                _malloc_r
 .text          0x0000000000007c90      0x138 c:/altera/15.0/nios2eds/bin/gnu/h-x86_64-mingw32/bin/../lib/gcc/nios2-elf/4.9.1/../../../../../H-x86_64-mingw32/nios2-elf/lib\libc.a(lib_a-memcpy.o)
                0x0000000000007c90                memcpy
 .text          0x0000000000007dc8      0x15c c:/altera/15.0/nios2eds/bin/gnu/h-x86_64-mingw32/bin/../lib/gcc/nios2-elf/4.9.1/../../../../../H-x86_64-mingw32/nios2-elf/lib\libc.a(lib_a-memmove.o)
                0x0000000000007dc8                memmove
 .text          0x0000000000007f24      0x124 c:/altera/15.0/nios2eds/bin/gnu/h-x86_64-mingw32/bin/../lib/gcc/nios2-elf/4.9.1/../../../../../H-x86_64-mingw32/nios2-elf/lib\libc.a(lib_a-memset.o)
                0x0000000000007f24                memset
 .text          0x0000000000008048       0x84 c:/altera/15.0/nios2eds/bin/gnu/h-x86_64-mingw32/bin/../lib/gcc/nios2-elf/4.9.1/../../../../../H-x86_64-mingw32/nios2-elf/lib\libc.a(lib_a-perror.o)
                0x0000000000008048                _perror_r
                0x00000000000080b8                perror
 .text          0x00000000000080cc       0x68 c:/altera/15.0/nios2eds/bin/gnu/h-x86_64-mingw32/bin/../lib/gcc/nios2-elf/4.9.1/../../../../../H-x86_64-mingw32/nios2-elf/lib\libc.a(lib_a-printf.o)
                0x00000000000080cc                _printf_r
                0x00000000000080f8                printf
 .text          0x0000000000008134      0x168 c:/altera/15.0/nios2eds/bin/gnu/h-x86_64-mingw32/bin/../lib/gcc/nios2-elf/4.9.1/../../../../../H-x86_64-mingw32/nios2-elf/lib\libc.a(lib_a-putc.o)
                0x0000000000008134                _putc_r
                0x00000000000081d4                putc
 .text          0x000000000000829c       0x20 c:/altera/15.0/nios2eds/bin/gnu/h-x86_64-mingw32/bin/../lib/gcc/nios2-elf/4.9.1/../../../../../H-x86_64-mingw32/nios2-elf/lib\libc.a(lib_a-putchar.o)
                0x000000000000829c                _putchar_r
                0x00000000000082a4                putchar
 .text          0x00000000000082bc       0xcc c:/altera/15.0/nios2eds/bin/gnu/h-x86_64-mingw32/bin/../lib/gcc/nios2-elf/4.9.1/../../../../../H-x86_64-mingw32/nios2-elf/lib\libc.a(lib_a-puts.o)
                0x00000000000082bc                _puts_r
                0x0000000000008374                puts
 .text          0x0000000000008388       0x88 c:/altera/15.0/nios2eds/bin/gnu/h-x86_64-mingw32/bin/../lib/gcc/nios2-elf/4.9.1/../../../../../H-x86_64-mingw32/nios2-elf/lib\libc.a(lib_a-rget.o)
                0x0000000000008388                __srget_r
                0x00000000000083fc                __srget
 .text          0x0000000000008410       0x54 c:/altera/15.0/nios2eds/bin/gnu/h-x86_64-mingw32/bin/../lib/gcc/nios2-elf/4.9.1/../../../../../H-x86_64-mingw32/nios2-elf/lib\libc.a(lib_a-sbrkr.o)
                0x0000000000008410                _sbrk_r
 .text          0x0000000000008464       0xc4 c:/altera/15.0/nios2eds/bin/gnu/h-x86_64-mingw32/bin/../lib/gcc/nios2-elf/4.9.1/../../../../../H-x86_64-mingw32/nios2-elf/lib\libc.a(lib_a-sprintf.o)
                0x0000000000008464                _sprintf_r
                0x00000000000084bc                sprintf
 .text          0x0000000000008528      0x164 c:/altera/15.0/nios2eds/bin/gnu/h-x86_64-mingw32/bin/../lib/gcc/nios2-elf/4.9.1/../../../../../H-x86_64-mingw32/nios2-elf/lib\libc.a(lib_a-strchr.o)
                0x0000000000008528                strchr
 .text          0x000000000000868c       0x90 c:/altera/15.0/nios2eds/bin/gnu/h-x86_64-mingw32/bin/../lib/gcc/nios2-elf/4.9.1/../../../../../H-x86_64-mingw32/nios2-elf/lib\libc.a(lib_a-strcpy.o)
                0x000000000000868c                strcpy
 .text          0x000000000000871c      0x5ec c:/altera/15.0/nios2eds/bin/gnu/h-x86_64-mingw32/bin/../lib/gcc/nios2-elf/4.9.1/../../../../../H-x86_64-mingw32/nios2-elf/lib\libc.a(lib_a-strerror.o)
                0x000000000000871c                strerror
 .text          0x0000000000008d08       0x98 c:/altera/15.0/nios2eds/bin/gnu/h-x86_64-mingw32/bin/../lib/gcc/nios2-elf/4.9.1/../../../../../H-x86_64-mingw32/nios2-elf/lib\libc.a(lib_a-strlen.o)
                0x0000000000008d08                strlen
 .text          0x0000000000008da0     0x1f90 c:/altera/15.0/nios2eds/bin/gnu/h-x86_64-mingw32/bin/../lib/gcc/nios2-elf/4.9.1/../../../../../H-x86_64-mingw32/nios2-elf/lib\libc.a(lib_a-svfprintf.o)
                0x0000000000008da0                ___svfprintf_internal_r
 .text          0x000000000000ad30        0x8 c:/altera/15.0/nios2eds/bin/gnu/h-x86_64-mingw32/bin/../lib/gcc/nios2-elf/4.9.1/../../../../../H-x86_64-mingw32/nios2-elf/lib\libc.a(lib_a-u_strerr.o)
                0x000000000000ad30                _user_strerror
 .text          0x000000000000ad38     0x2020 c:/altera/15.0/nios2eds/bin/gnu/h-x86_64-mingw32/bin/../lib/gcc/nios2-elf/4.9.1/../../../../../H-x86_64-mingw32/nios2-elf/lib\libc.a(lib_a-vfprintf.o)
                0x000000000000ad38                ___vfprintf_internal_r
                0x000000000000cd34                __vfprintf_internal
 .text          0x000000000000cd58      0x170 c:/altera/15.0/nios2eds/bin/gnu/h-x86_64-mingw32/bin/../lib/gcc/nios2-elf/4.9.1/../../../../../H-x86_64-mingw32/nios2-elf/lib\libc.a(lib_a-wbuf.o)
                0x000000000000cd58                __swbuf_r
                0x000000000000ceac                __swbuf
 .text          0x000000000000cec8      0x130 c:/altera/15.0/nios2eds/bin/gnu/h-x86_64-mingw32/bin/../lib/gcc/nios2-elf/4.9.1/../../../../../H-x86_64-mingw32/nios2-elf/lib\libc.a(lib_a-wsetup.o)
                0x000000000000cec8                __swsetup_r
 .text          0x000000000000cff8     0x1928 c:/altera/15.0/nios2eds/bin/gnu/h-x86_64-mingw32/bin/../lib/gcc/nios2-elf/4.9.1/../../../../../H-x86_64-mingw32/nios2-elf/lib\libc.a(lib_a-dtoa.o)
                0x000000000000d1f8                _dtoa_r
 .text          0x000000000000e920      0x258 c:/altera/15.0/nios2eds/bin/gnu/h-x86_64-mingw32/bin/../lib/gcc/nios2-elf/4.9.1/../../../../../H-x86_64-mingw32/nios2-elf/lib\libc.a(lib_a-fflush.o)
                0x000000000000e920                _fflush_r
                0x000000000000eb48                fflush
 .text          0x000000000000eb78      0x3a0 c:/altera/15.0/nios2eds/bin/gnu/h-x86_64-mingw32/bin/../lib/gcc/nios2-elf/4.9.1/../../../../../H-x86_64-mingw32/nios2-elf/lib\libc.a(lib_a-findfp.o)
                0x000000000000eb88                _cleanup_r
                0x000000000000ed34                __sfmoreglue
                0x000000000000ed98                __sfp
                0x000000000000eeb0                _cleanup
                0x000000000000eec8                __sinit
                0x000000000000eed8                __sfp_lock_acquire
                0x000000000000eedc                __sfp_lock_release
                0x000000000000eee0                __sinit_lock_acquire
                0x000000000000eee4                __sinit_lock_release
                0x000000000000eee8                __fp_lock_all
                0x000000000000ef00                __fp_unlock_all
 .text          0x000000000000ef18       0x9c c:/altera/15.0/nios2eds/bin/gnu/h-x86_64-mingw32/bin/../lib/gcc/nios2-elf/4.9.1/../../../../../H-x86_64-mingw32/nios2-elf/lib\libc.a(lib_a-fputc.o)
                0x000000000000ef18                _fputc_r
                0x000000000000ef5c                fputc
 .text          0x000000000000efb4       0xb8 c:/altera/15.0/nios2eds/bin/gnu/h-x86_64-mingw32/bin/../lib/gcc/nios2-elf/4.9.1/../../../../../H-x86_64-mingw32/nios2-elf/lib\libc.a(lib_a-fputs.o)
                0x000000000000efb4                _fputs_r
                0x000000000000f050                fputs
 .text          0x000000000000f06c      0x414 c:/altera/15.0/nios2eds/bin/gnu/h-x86_64-mingw32/bin/../lib/gcc/nios2-elf/4.9.1/../../../../../H-x86_64-mingw32/nios2-elf/lib\libc.a(lib_a-freer.o)
                0x000000000000f06c                _malloc_trim_r
                0x000000000000f190                _free_r
 .text          0x000000000000f480      0x4a4 c:/altera/15.0/nios2eds/bin/gnu/h-x86_64-mingw32/bin/../lib/gcc/nios2-elf/4.9.1/../../../../../H-x86_64-mingw32/nios2-elf/lib\libc.a(lib_a-fvwrite.o)
                0x000000000000f480                __sfvwrite_r
 .text          0x000000000000f924      0x170 c:/altera/15.0/nios2eds/bin/gnu/h-x86_64-mingw32/bin/../lib/gcc/nios2-elf/4.9.1/../../../../../H-x86_64-mingw32/nios2-elf/lib\libc.a(lib_a-fwalk.o)
                0x000000000000f924                _fwalk
                0x000000000000f9dc                _fwalk_reent
 .text          0x000000000000fa94        0x0 c:/altera/15.0/nios2eds/bin/gnu/h-x86_64-mingw32/bin/../lib/gcc/nios2-elf/4.9.1/../../../../../H-x86_64-mingw32/nios2-elf/lib\libc.a(lib_a-int_errno.o)
 .text          0x000000000000fa94       0xe0 c:/altera/15.0/nios2eds/bin/gnu/h-x86_64-mingw32/bin/../lib/gcc/nios2-elf/4.9.1/../../../../../H-x86_64-mingw32/nios2-elf/lib\libc.a(lib_a-locale.o)
                0x000000000000fa94                _setlocale_r
                0x000000000000fb10                __locale_charset
                0x000000000000fb1c                __locale_mb_cur_max
                0x000000000000fb2c                __locale_msgcharset
                0x000000000000fb38                __locale_cjk_lang
                0x000000000000fb40                _localeconv_r
                0x000000000000fb4c                setlocale
                0x000000000000fb68                localeconv
 .text          0x000000000000fb74      0x1b8 c:/altera/15.0/nios2eds/bin/gnu/h-x86_64-mingw32/bin/../lib/gcc/nios2-elf/4.9.1/../../../../../H-x86_64-mingw32/nios2-elf/lib\libc.a(lib_a-makebuf.o)
                0x000000000000fb74                __smakebuf_r
 .text          0x000000000000fd2c       0xe8 c:/altera/15.0/nios2eds/bin/gnu/h-x86_64-mingw32/bin/../lib/gcc/nios2-elf/4.9.1/../../../../../H-x86_64-mingw32/nios2-elf/lib\libc.a(lib_a-memchr.o)
                0x000000000000fd2c                memchr
 .text          0x000000000000fe14      0xf8c c:/altera/15.0/nios2eds/bin/gnu/h-x86_64-mingw32/bin/../lib/gcc/nios2-elf/4.9.1/../../../../../H-x86_64-mingw32/nios2-elf/lib\libc.a(lib_a-mprec.o)
                0x000000000000fe14                _Balloc
                0x000000000000febc                _Bfree
                0x000000000000fee4                __multadd
                0x000000000000fff8                __s2b
                0x00000000000100fc                __hi0bits
                0x0000000000010164                __lo0bits
                0x0000000000010214                __i2b
                0x0000000000010250                __multiply
                0x000000000001044c                __pow5mult
                0x000000000001058c                __lshift
                0x00000000000106d4                __mcmp
                0x0000000000010734                __mdiff
                0x00000000000108cc                __ulp
                0x000000000001092c                __b2d
                0x0000000000010a48                __d2b
                0x0000000000010b84                __ratio
                0x0000000000010c28                _mprec_log10
                0x0000000000010c9c                __copybits
                0x0000000000010d14                __any_on
 .text          0x0000000000010da0      0x5a0 c:/altera/15.0/nios2eds/bin/gnu/h-x86_64-mingw32/bin/../lib/gcc/nios2-elf/4.9.1/../../../../../H-x86_64-mingw32/nios2-elf/lib\libc.a(lib_a-reallocr.o)
                0x0000000000010da0                _realloc_r
 .text          0x0000000000011340      0x1c4 c:/altera/15.0/nios2eds/bin/gnu/h-x86_64-mingw32/bin/../lib/gcc/nios2-elf/4.9.1/../../../../../H-x86_64-mingw32/nios2-elf/lib\libc.a(lib_a-refill.o)
                0x000000000001135c                __srefill_r
 .text          0x0000000000011504       0x74 c:/altera/15.0/nios2eds/bin/gnu/h-x86_64-mingw32/bin/../lib/gcc/nios2-elf/4.9.1/../../../../../H-x86_64-mingw32/nios2-elf/lib\libc.a(lib_a-s_fpclassify.o)
                0x0000000000011504                __fpclassifyd
 .text          0x0000000000011578      0x13c c:/altera/15.0/nios2eds/bin/gnu/h-x86_64-mingw32/bin/../lib/gcc/nios2-elf/4.9.1/../../../../../H-x86_64-mingw32/nios2-elf/lib\libc.a(lib_a-stdio.o)
                0x0000000000011578                __sread
                0x00000000000115cc                __seofread
                0x00000000000115d4                __swrite
                0x0000000000011650                __sseek
                0x00000000000116ac                __sclose
 .text          0x00000000000116b4       0xa4 c:/altera/15.0/nios2eds/bin/gnu/h-x86_64-mingw32/bin/../lib/gcc/nios2-elf/4.9.1/../../../../../H-x86_64-mingw32/nios2-elf/lib\libc.a(lib_a-strcmp.o)
                0x00000000000116b4                strcmp
 .text          0x0000000000011758     0x1230 c:/altera/15.0/nios2eds/bin/gnu/h-x86_64-mingw32/bin/../lib/gcc/nios2-elf/4.9.1/../../../../../H-x86_64-mingw32/nios2-elf/lib\libc.a(lib_a-svfiprintf.o)
                0x0000000000011758                __ssprint_r
                0x0000000000011920                ___svfiprintf_internal_r
 .text          0x0000000000012988     0x1494 c:/altera/15.0/nios2eds/bin/gnu/h-x86_64-mingw32/bin/../lib/gcc/nios2-elf/4.9.1/../../../../../H-x86_64-mingw32/nios2-elf/lib\libc.a(lib_a-vfiprintf.o)
                0x0000000000012a84                __sprint_r
                0x0000000000012a9c                ___vfiprintf_internal_r
                0x0000000000013df8                __vfiprintf_internal
 .text          0x0000000000013e1c       0x5c c:/altera/15.0/nios2eds/bin/gnu/h-x86_64-mingw32/bin/../lib/gcc/nios2-elf/4.9.1/../../../../../H-x86_64-mingw32/nios2-elf/lib\libc.a(lib_a-writer.o)
                0x0000000000013e1c                _write_r
 .text          0x0000000000013e78       0x54 c:/altera/15.0/nios2eds/bin/gnu/h-x86_64-mingw32/bin/../lib/gcc/nios2-elf/4.9.1/../../../../../H-x86_64-mingw32/nios2-elf/lib\libc.a(closer.o)
                0x0000000000013e78                _close_r
 .text          0x0000000000013ecc       0xc4 c:/altera/15.0/nios2eds/bin/gnu/h-x86_64-mingw32/bin/../lib/gcc/nios2-elf/4.9.1/../../../../../H-x86_64-mingw32/nios2-elf/lib\libc.a(lib_a-callocr.o)
                0x0000000000013ecc                _calloc_r
 .text          0x0000000000013f90      0x114 c:/altera/15.0/nios2eds/bin/gnu/h-x86_64-mingw32/bin/../lib/gcc/nios2-elf/4.9.1/../../../../../H-x86_64-mingw32/nios2-elf/lib\libc.a(lib_a-fclose.o)
                0x0000000000013f90                _fclose_r
                0x0000000000014090                fclose
 .text          0x00000000000140a4      0x1dc c:/altera/15.0/nios2eds/bin/gnu/h-x86_64-mingw32/bin/../lib/gcc/nios2-elf/4.9.1/../../../../../H-x86_64-mingw32/nios2-elf/lib\libc.a(lib_a-fputwc.o)
                0x00000000000140a4                _fputwc_r
                0x0000000000014228                fputwc
 .text          0x0000000000014280       0x58 c:/altera/15.0/nios2eds/bin/gnu/h-x86_64-mingw32/bin/../lib/gcc/nios2-elf/4.9.1/../../../../../H-x86_64-mingw32/nios2-elf/lib\libc.a(lib_a-fstatr.o)
                0x0000000000014280                _fstat_r
 .text          0x00000000000142d8       0x54 c:/altera/15.0/nios2eds/bin/gnu/h-x86_64-mingw32/bin/../lib/gcc/nios2-elf/4.9.1/../../../../../H-x86_64-mingw32/nios2-elf/lib\libc.a(lib_a-isattyr.o)
                0x00000000000142d8                _isatty_r
 .text          0x000000000001432c       0x5c c:/altera/15.0/nios2eds/bin/gnu/h-x86_64-mingw32/bin/../lib/gcc/nios2-elf/4.9.1/../../../../../H-x86_64-mingw32/nios2-elf/lib\libc.a(lib_a-lseekr.o)
                0x000000000001432c                _lseek_r
 .text          0x0000000000014388       0x5c c:/altera/15.0/nios2eds/bin/gnu/h-x86_64-mingw32/bin/../lib/gcc/nios2-elf/4.9.1/../../../../../H-x86_64-mingw32/nios2-elf/lib\libc.a(lib_a-readr.o)
                0x0000000000014388                _read_r
 .text          0x00000000000143e4      0x174 c:/altera/15.0/nios2eds/bin/gnu/h-x86_64-mingw32/bin/../lib/gcc/nios2-elf/4.9.1/../../../../../H-x86_64-mingw32/nios2-elf/lib\libc.a(lib_a-wcrtomb.o)
                0x00000000000143e4                _wcrtomb_r
                0x0000000000014480                wcrtomb
 .text          0x0000000000014558       0x8c c:/altera/15.0/nios2eds/bin/gnu/h-x86_64-mingw32/bin/../lib/gcc/nios2-elf/4.9.1/../../../../../H-x86_64-mingw32/nios2-elf/lib\libc.a(lib_a-wctomb_r.o)
                0x0000000000014558                __ascii_wctomb
                0x0000000000014588                _wctomb_r
 .text          0x00000000000145e4      0x5c0 c:/altera/15.0/nios2eds/bin/gnu/h-x86_64-mingw32/bin/../lib/gcc/nios2-elf/4.9.1\libgcc.a(_udivdi3.o)
                0x00000000000145e4                __udivdi3
 .text          0x0000000000014ba4      0x590 c:/altera/15.0/nios2eds/bin/gnu/h-x86_64-mingw32/bin/../lib/gcc/nios2-elf/4.9.1\libgcc.a(_umoddi3.o)
                0x0000000000014ba4                __umoddi3
 .text          0x0000000000015134      0x12c c:/altera/15.0/nios2eds/bin/gnu/h-x86_64-mingw32/bin/../lib/gcc/nios2-elf/4.9.1\libgcc.a(lib2-divmod.o)
                0x00000000000151a0                __divsi3
                0x00000000000151f4                __modsi3
                0x0000000000015250                __udivsi3
                0x0000000000015258                __umodsi3
 .text          0x0000000000015260      0x89c c:/altera/15.0/nios2eds/bin/gnu/h-x86_64-mingw32/bin/../lib/gcc/nios2-elf/4.9.1\libgcc.a(adddf3.o)
                0x0000000000015260                __adddf3
 .text          0x0000000000015afc      0x8cc c:/altera/15.0/nios2eds/bin/gnu/h-x86_64-mingw32/bin/../lib/gcc/nios2-elf/4.9.1\libgcc.a(divdf3.o)
                0x0000000000015afc                __divdf3
 .text          0x00000000000163c8       0x84 c:/altera/15.0/nios2eds/bin/gnu/h-x86_64-mingw32/bin/../lib/gcc/nios2-elf/4.9.1\libgcc.a(eqdf2.o)
                0x00000000000163c8                __nedf2
                0x00000000000163c8                __eqdf2
 .text          0x000000000001644c       0xe0 c:/altera/15.0/nios2eds/bin/gnu/h-x86_64-mingw32/bin/../lib/gcc/nios2-elf/4.9.1\libgcc.a(gedf2.o)
                0x000000000001644c                __gedf2
                0x000000000001644c                __gtdf2
 .text          0x000000000001652c       0xe0 c:/altera/15.0/nios2eds/bin/gnu/h-x86_64-mingw32/bin/../lib/gcc/nios2-elf/4.9.1\libgcc.a(ledf2.o)
                0x000000000001652c                __ledf2
                0x000000000001652c                __ltdf2
 .text          0x000000000001660c      0x724 c:/altera/15.0/nios2eds/bin/gnu/h-x86_64-mingw32/bin/../lib/gcc/nios2-elf/4.9.1\libgcc.a(muldf3.o)
                0x000000000001660c                __muldf3
 .text          0x0000000000016d30      0x8d0 c:/altera/15.0/nios2eds/bin/gnu/h-x86_64-mingw32/bin/../lib/gcc/nios2-elf/4.9.1\libgcc.a(subdf3.o)
                0x0000000000016d30                __subdf3
 .text          0x0000000000017600       0x88 c:/altera/15.0/nios2eds/bin/gnu/h-x86_64-mingw32/bin/../lib/gcc/nios2-elf/4.9.1\libgcc.a(fixdfsi.o)
                0x0000000000017600                __fixdfsi
 .text          0x0000000000017688       0xd0 c:/altera/15.0/nios2eds/bin/gnu/h-x86_64-mingw32/bin/../lib/gcc/nios2-elf/4.9.1\libgcc.a(floatsidf.o)
                0x0000000000017688                __floatsidf
 .text          0x0000000000017758       0xa4 c:/altera/15.0/nios2eds/bin/gnu/h-x86_64-mingw32/bin/../lib/gcc/nios2-elf/4.9.1\libgcc.a(floatunsidf.o)
                0x0000000000017758                __floatunsidf
 .text          0x00000000000177fc        0x0 c:/altera/15.0/nios2eds/bin/gnu/h-x86_64-mingw32/bin/../lib/gcc/nios2-elf/4.9.1\libgcc.a(_clz.o)
 .text          0x00000000000177fc       0x64 c:/altera/15.0/nios2eds/bin/gnu/h-x86_64-mingw32/bin/../lib/gcc/nios2-elf/4.9.1\libgcc.a(_clzsi2.o)
                0x00000000000177fc                __clzsi2
 .text          0x0000000000017860      0x100 ../DECA_socket_server_bsp/\libucosii_bsp.a(alt_fstat.o)
                0x00000000000178b0                fstat
 .text          0x0000000000017960       0xf4 ../DECA_socket_server_bsp/\libucosii_bsp.a(alt_isatty.o)
                0x00000000000179b0                isatty
 .text          0x0000000000017a54       0xe4 ../DECA_socket_server_bsp/\libucosii_bsp.a(alt_load.o)
                0x0000000000017ab8                alt_load
 .text          0x0000000000017b38      0x124 ../DECA_socket_server_bsp/\libucosii_bsp.a(alt_lseek.o)
                0x0000000000017b88                lseek
 .text          0x0000000000017c5c       0xd4 ../DECA_socket_server_bsp/\libucosii_bsp.a(alt_main.o)
                0x0000000000017c5c                alt_main
 .text          0x0000000000017d30       0xb0 ../DECA_socket_server_bsp/\libucosii_bsp.a(alt_sbrk.o)
                0x0000000000017d30                sbrk
 .text          0x0000000000017de0      0x124 ../DECA_socket_server_bsp/\libucosii_bsp.a(alt_usleep.o)
                0x0000000000017de0                usleep
 .text          0x0000000000017f04      0x11c ../DECA_socket_server_bsp/\libucosii_bsp.a(alt_env_lock.o)
                0x0000000000017f04                __env_lock
                0x0000000000017fc4                __env_unlock
 .text          0x0000000000018020      0x1f0 ../DECA_socket_server_bsp/\libucosii_bsp.a(alt_malloc_lock.o)
                0x0000000000018020                __malloc_lock
                0x0000000000018140                __malloc_unlock
 .text          0x0000000000018210     0x1fe0 ../DECA_socket_server_bsp/\libucosii_bsp.a(os_core.o)
                0x0000000000018210                OSEventNameGet
                0x0000000000018330                OSEventNameSet
                0x000000000001846c                OSEventPendMulti
                0x0000000000018a7c                OSInit
                0x0000000000018ad0                OSIntEnter
                0x0000000000018b4c                OSIntExit
                0x0000000000018c40                OSSchedLock
                0x0000000000018cc8                OSSchedUnlock
                0x0000000000018da0                OSStart
                0x0000000000018e0c                OSStatInit
                0x0000000000018eb8                OSTimeTick
                0x00000000000190d4                OSVersion
                0x00000000000190f4                OS_Dummy
                0x0000000000019110                OS_EventTaskRdy
                0x00000000000192a8                OS_EventTaskWait
                0x00000000000193b4                OS_EventTaskWaitMulti
                0x0000000000019500                OS_EventTaskRemove
                0x00000000000195b4                OS_EventTaskRemoveMulti
                0x00000000000196b0                OS_EventWaitListInit
                0x0000000000019a74                OS_MemClr
                0x0000000000019ac4                OS_MemCopy
                0x0000000000019b28                OS_Sched
                0x0000000000019c64                OS_StrCopy
                0x0000000000019cd8                OS_StrLen
                0x0000000000019d2c                OS_TaskIdle
                0x0000000000019d88                OS_TaskStat
                0x0000000000019e54                OS_TaskStatStkChk
                0x0000000000019f1c                OS_TCBInit
 .text          0x000000000001a1f0      0x18c ../DECA_socket_server_bsp/\libucosii_bsp.a(os_dbg.o)
                0x000000000001a1f0                OSDebugInit
 .text          0x000000000001a37c     0x181c ../DECA_socket_server_bsp/\libucosii_bsp.a(os_flag.o)
                0x000000000001a37c                OSFlagAccept
                0x000000000001a684                OSFlagCreate
                0x000000000001a7ac                OSFlagDel
                0x000000000001aa1c                OSFlagNameGet
                0x000000000001ab4c                OSFlagNameSet
                0x000000000001ac9c                OSFlagPend
                0x000000000001b28c                OSFlagPendGetFlagsRdy
                0x000000000001b2f4                OSFlagPost
                0x000000000001b67c                OSFlagQuery
                0x000000000001b904                OS_FlagInit
                0x000000000001baf8                OS_FlagUnlink
 .text          0x000000000001bb98      0x784 ../DECA_socket_server_bsp/\libucosii_bsp.a(os_mem.o)
                0x000000000001bb98                OSMemCreate
                0x000000000001bd8c                OSMemGet
                0x000000000001be7c                OSMemNameGet
                0x000000000001bf74                OSMemNameSet
                0x000000000001c08c                OSMemPut
                0x000000000001c164                OSMemQuery
                0x000000000001c24c                OS_MemInit
 .text          0x000000000001c31c     0x1210 ../DECA_socket_server_bsp/\libucosii_bsp.a(os_q.o)
                0x000000000001c31c                OSQAccept
                0x000000000001c45c                OSQCreate
                0x000000000001c658                OSQDel
                0x000000000001c920                OSQFlush
                0x000000000001c9d8                OSQPend
                0x000000000001ccd4                OSQPendAbort
                0x000000000001ce40                OSQPost
                0x000000000001cfa8                OSQPostFront
                0x000000000001d118                OSQPostOpt
                0x000000000001d324                OSQQuery
                0x000000000001d480                OS_QInit
 .text          0x000000000001d52c      0xb08 ../DECA_socket_server_bsp/\libucosii_bsp.a(os_sem.o)
                0x000000000001d52c                OSSemAccept
                0x000000000001d5dc                OSSemCreate
                0x000000000001d6dc                OSSemDel
                0x000000000001d944                OSSemPend
                0x000000000001dbac                OSSemPendAbort
                0x000000000001dd18                OSSemPost
                0x000000000001de28                OSSemQuery
                0x000000000001df38                OSSemSet
 .text          0x000000000001e034     0x18f4 ../DECA_socket_server_bsp/\libucosii_bsp.a(os_task.o)
                0x000000000001e034                OSTaskChangePrio
                0x000000000001e574                OSTaskCreate
                0x000000000001e730                OSTaskCreateExt
                0x000000000001e91c                OSTaskDel
                0x000000000001ecfc                OSTaskDelReq
                0x000000000001ee54                OSTaskNameGet
                0x000000000001effc                OSTaskNameSet
                0x000000000001f1bc                OSTaskResume
                0x000000000001f3b4                OSTaskStkChk
                0x000000000001f57c                OSTaskSuspend
                0x000000000001f790                OSTaskQuery
                0x000000000001f8bc                OS_TaskStkClr
 .text          0x000000000001f928      0x560 ../DECA_socket_server_bsp/\libucosii_bsp.a(os_time.o)
                0x000000000001f928                OSTimeDly
                0x000000000001fa70                OSTimeDlyHMSM
                0x000000000001fbd0                OSTimeDlyResume
                0x000000000001fdc0                OSTimeGet
                0x000000000001fe24                OSTimeSet
 .text          0x000000000001fe88      0x2c8 ../DECA_socket_server_bsp/\libucosii_bsp.a(alt_sys_init.o)
                0x000000000001fec0                alt_irq_init
                0x000000000001fef4                alt_sys_init
 .text          0x0000000000020150      0x164 ../DECA_socket_server_bsp/\libucosii_bsp.a(altera_avalon_jtag_uart_fd.o)
                0x0000000000020150                altera_avalon_jtag_uart_read_fd
                0x00000000000201b0                altera_avalon_jtag_uart_write_fd
                0x0000000000020210                altera_avalon_jtag_uart_close_fd
                0x0000000000020260                altera_avalon_jtag_uart_ioctl_fd
 .text          0x00000000000202b4      0x568 ../DECA_socket_server_bsp/\libucosii_bsp.a(altera_avalon_jtag_uart_init.o)
                0x00000000000202b4                altera_avalon_jtag_uart_init
                0x00000000000207b4                altera_avalon_jtag_uart_close
 .text          0x000000000002081c       0xec ../DECA_socket_server_bsp/\libucosii_bsp.a(altera_avalon_jtag_uart_ioctl.o)
                0x000000000002081c                altera_avalon_jtag_uart_ioctl
 .text          0x0000000000020908      0x2b4 ../DECA_socket_server_bsp/\libucosii_bsp.a(altera_avalon_jtag_uart_read.o)
                0x0000000000020908                altera_avalon_jtag_uart_read
 .text          0x0000000000020bbc      0x2c0 ../DECA_socket_server_bsp/\libucosii_bsp.a(altera_avalon_jtag_uart_write.o)
                0x0000000000020bbc                altera_avalon_jtag_uart_write
 .text          0x0000000000020e7c      0xd70 ../DECA_socket_server_bsp/\libucosii_bsp.a(altera_avalon_sgdma.o)
                0x0000000000020ecc                alt_avalon_sgdma_do_async_transfer
                0x0000000000020ff0                alt_avalon_sgdma_do_sync_transfer
                0x0000000000021100                alt_avalon_sgdma_construct_mem_to_mem_desc
                0x0000000000021170                alt_avalon_sgdma_construct_mem_to_mem_desc_burst
                0x00000000000211f0                alt_avalon_sgdma_construct_stream_to_mem_desc
                0x000000000002124c                alt_avalon_sgdma_construct_stream_to_mem_desc_burst
                0x00000000000212c0                alt_avalon_sgdma_construct_mem_to_stream_desc
                0x0000000000021338                alt_avalon_sgdma_construct_mem_to_stream_desc_burst
                0x00000000000213c0                alt_avalon_sgdma_register_callback
                0x0000000000021410                alt_avalon_sgdma_start
                0x0000000000021464                alt_avalon_sgdma_stop
                0x00000000000214bc                alt_avalon_sgdma_check_descriptor_status
                0x0000000000021520                alt_avalon_sgdma_open
                0x0000000000021574                alt_avalon_sgdma_construct_descriptor
                0x00000000000215fc                alt_avalon_sgdma_enable_desc_poll
                0x000000000002167c                alt_avalon_sgdma_disable_desc_poll
                0x00000000000216dc                alt_avalon_sgdma_construct_descriptor_burst
                0x0000000000021b48                alt_avalon_sgdma_init
 .text          0x0000000000021bec       0xfc ../DECA_socket_server_bsp/\libucosii_bsp.a(altera_avalon_timer_sc.o)
                0x0000000000021c60                alt_avalon_timer_sc_init
 .text          0x0000000000021ce8     0x16c8 ../DECA_socket_server_bsp/\libucosii_bsp.a(ins_tse_mac.o)
                0x0000000000021ce8                altera_eth_tse_init
                0x0000000000021e28                prep_tse_mac
                0x0000000000022088                tse_mac_init
                0x0000000000022ae4                tse_mac_raw_send
                0x0000000000022dcc                tse_sgdmaRx_isr
                0x0000000000022e7c                tse_sgdma_read_init
                0x0000000000023028                tse_mac_rcv
                0x000000000002326c                tse_mac_stats
                0x00000000000232ac                tse_mac_close
 .text          0x00000000000233b0       0x48 ../DECA_socket_server_bsp/\libucosii_bsp.a(alt_iniche_close.o)
                0x00000000000233b0                close
 .text          0x00000000000233f8      0x140 ../DECA_socket_server_bsp/\libucosii_bsp.a(alt_iniche_dev.o)
                0x00000000000233f8                iniche_devices_init
 .text          0x0000000000023538       0x70 ../DECA_socket_server_bsp/\libucosii_bsp.a(alt_iniche_read.o)
                0x0000000000023538                read
 .text          0x00000000000235a8       0x68 ../DECA_socket_server_bsp/\libucosii_bsp.a(alt_iniche_write.o)
                0x00000000000235a8                write
 .text          0x0000000000023610      0xe10 ../DECA_socket_server_bsp/\libucosii_bsp.a(ipnet.o)
                0x0000000000023610                Netinit
                0x0000000000023c08                fixup_subnet_mask
                0x0000000000023d5c                netclose
                0x0000000000023e3c                pktdemux
                0x00000000000241dc                c_older
                0x0000000000024294                ip2mac
 .text          0x0000000000024420      0x464 ../DECA_socket_server_bsp/\libucosii_bsp.a(ipstart.o)
                0x0000000000024420                ip_startup
                0x00000000000246c8                exit_hook
                0x0000000000024734                ip_exit
                0x0000000000024800                if_netnumber
 .text          0x0000000000024884      0xfb4 ../DECA_socket_server_bsp/\libucosii_bsp.a(igmp_cmn.o)
                0x0000000000024884                igmp_init
                0x0000000000024930                igmp_input
                0x0000000000024a10                igmp_fasttimo
                0x0000000000024b90                igmp_send
                0x0000000000024e34                igmp_joingroup
                0x0000000000025088                igmp_leavegroup
                0x0000000000025104                igmp_validate
                0x000000000002541c                igmp_print_stats
 .text          0x0000000000025838      0xa6c ../DECA_socket_server_bsp/\libucosii_bsp.a(bsdsock.o)
                0x0000000000025838                bsd_accept
                0x0000000000025958                bsd_getpeername
                0x0000000000025a78                bsd_getsockname
                0x0000000000025b98                bsd_i_sockoptlen
                0x0000000000025cd4                bsd_getsockopt
                0x0000000000025ddc                bsd_ioctl
                0x0000000000025ecc                bsd_inet_ntoa
                0x0000000000025f00                bsd_recvfrom
                0x0000000000026044                bsd_select
                0x00000000000261c8                bsd_setsockopt
 .text          0x00000000000262a4       0xf8 ../DECA_socket_server_bsp/\libucosii_bsp.a(cksum.o)
                0x00000000000262a4                ccksum
                0x0000000000026348                cksum
 .text          0x000000000002639c      0xa44 ../DECA_socket_server_bsp/\libucosii_bsp.a(in_utils.o)
                0x000000000002639c                do_trap
                0x00000000000263c8                nextarg
                0x0000000000026444                hexdump
                0x0000000000026584                print_ipad
                0x00000000000265f8                print_uptime
                0x0000000000026738                panic
                0x000000000002677c                print_eth
                0x00000000000268d0                uslash
                0x000000000002694c                ns_printf
                0x0000000000026abc                std_out
                0x0000000000026b00                con_page
                0x0000000000026bd8                parse_args
 .text          0x0000000000026de0      0x1a8 ../DECA_socket_server_bsp/\libucosii_bsp.a(netmain.o)
                0x0000000000026de0                netmain
                0x0000000000026ec0                tk_netmain
                0x0000000000026f40                tk_nettick
 .text          0x0000000000026f88      0x5f8 ../DECA_socket_server_bsp/\libucosii_bsp.a(tk_crnos.o)
                0x0000000000026f88                TK_OSTimeDly
                0x0000000000026fb4                TK_OSTaskResume
                0x0000000000027024                tcp_sleep
                0x00000000000271c8                tcp_wakeup
                0x00000000000272cc                TK_OSTaskQuery
                0x0000000000027338                tk_yield
                0x0000000000027364                tk_stats
 .text          0x0000000000027580     0x2c70 ../DECA_socket_server_bsp/\libucosii_bsp.a(dhcpclnt.o)
                0x0000000000027580                dhc_get_srv_ipaddr
                0x0000000000027608                dhc_init
                0x00000000000276b8                dhc_set_callback
                0x00000000000276fc                dhc_upcall
                0x0000000000027eb8                dhc_buildheader
                0x000000000002809c                dhc_discover
                0x0000000000028554                dhc_rx_offer
                0x0000000000028638                dhc_request
                0x00000000000290d4                dhc_setip
                0x0000000000029350                dhc_resetip
                0x0000000000029434                dhc_decline
                0x00000000000295e8                dhc_extract_opts
                0x0000000000029858                dhc_second
                0x0000000000029dc8                dhc_halt
                0x0000000000029e48                dhc_reclaim
                0x000000000002a000                dhc_state_init
                0x000000000002a054                dhc_alldone
                0x000000000002a0dc                dhc_ifacedone
                0x000000000002a144                dhc_set_state
 .text          0x000000000002a1f0       0xc0 ../DECA_socket_server_bsp/\libucosii_bsp.a(dhcputil.o)
                0x000000000002a1f0                find_opt
 .text          0x000000000002a2b0      0x764 ../DECA_socket_server_bsp/\libucosii_bsp.a(pktalloc.o)
                0x000000000002a2b0                pk_init
                0x000000000002a53c                pk_alloc
                0x000000000002a608                pk_validate
                0x000000000002a894                pk_free
                0x000000000002a938                pk_get_max_intrsafe_buf_len
                0x000000000002a958                dump_buf_estats
 .text          0x000000000002aa14      0x264 ../DECA_socket_server_bsp/\libucosii_bsp.a(q.o)
                0x000000000002aa14                getq
                0x000000000002aacc                putq
                0x000000000002ab78                qdel
 .text          0x000000000002ac78      0x2e8 ../DECA_socket_server_bsp/\libucosii_bsp.a(udp_open.o)
                0x000000000002ac78                udp_open
                0x000000000002ae8c                udp_close
 .text          0x000000000002af60      0x194 ../DECA_socket_server_bsp/\libucosii_bsp.a(asm_cksum.o)
                0x000000000002af60                asm_cksum
 .text          0x000000000002b0f4      0x28c ../DECA_socket_server_bsp/\libucosii_bsp.a(brdutils.o)
                0x000000000002b0f4                dtrap
                0x000000000002b124                kbhit
                0x000000000002b1c0                getch
                0x000000000002b224                clock_init
                0x000000000002b260                clock_c
                0x000000000002b27c                cticks_hook
                0x000000000002b2e4                irq_Mask
                0x000000000002b340                irq_Unmask
 .text          0x000000000002b380      0x4a8 ../DECA_socket_server_bsp/\libucosii_bsp.a(osportco.o)
                0x000000000002b380                LOCK_NET_RESOURCE
                0x000000000002b448                UNLOCK_NET_RESOURCE
                0x000000000002b4d0                TK_NEWTASK
                0x000000000002b6f4                wait_app_sem
                0x000000000002b7b0                post_app_sem
 .text          0x000000000002b828      0x598 ../DECA_socket_server_bsp/\libucosii_bsp.a(targnios.o)
                0x000000000002b828                alt_iniche_init
                0x000000000002ba28                pre_task_setup
                0x000000000002ba9c                post_task_setup
                0x000000000002babc                prep_armintcp
                0x000000000002baf4                npalloc_base
                0x000000000002bc00                npfree_base
                0x000000000002bce0                npalloc
                0x000000000002bd14                npfree
                0x000000000002bd50                ncpalloc
                0x000000000002bd84                ncpfree
 .text          0x000000000002bdc0     0x1830 ../DECA_socket_server_bsp/\libucosii_bsp.a(nptcp.o)
                0x000000000002bdc0                pffindtype
                0x000000000002be50                pffindproto
                0x000000000002bf0c                m_getnbuf
                0x000000000002c094                m_free
                0x000000000002c1a4                m_freem
                0x000000000002c1e4                m_copy
                0x000000000002c4d4                m_adj
                0x000000000002c698                mbuf_len
                0x000000000002c6ec                dtom
                0x000000000002c788                remque
                0x000000000002c7f4                insque
                0x000000000002c86c                nptcp_init
                0x000000000002c974                tcp_rcv
                0x000000000002cb44                ip_output
                0x000000000002d110                in_broadcast
                0x000000000002d148                np_stripoptions
                0x000000000002d238                so_icmpdu
                0x000000000002d56c                tcp_tick
 .text          0x000000000002d5f0      0x968 ../DECA_socket_server_bsp/\libucosii_bsp.a(rawsock.o)
                0x000000000002d5f0                rawip_lookup
                0x000000000002d654                rawip_soinput
                0x000000000002d81c                rawip_usrreq
 .text          0x000000000002df58     0x1618 ../DECA_socket_server_bsp/\libucosii_bsp.a(sockcall.o)
                0x000000000002df58                DOMAIN_CHECK
                0x000000000002dfa4                t_socket
                0x000000000002e024                t_bind
                0x000000000002e184                t_listen
                0x000000000002e258                t_accept
                0x000000000002e4a8                t_connect
                0x000000000002e710                t_getpeername
                0x000000000002e754                t_getsockname
                0x000000000002e96c                t_setsockopt
                0x000000000002eb28                t_getsockopt
                0x000000000002ecb0                t_recv
                0x000000000002ed90                t_recvfrom
                0x000000000002eec8                t_sendto
                0x000000000002f0b8                t_send
                0x000000000002f2b8                t_shutdown
                0x000000000002f38c                t_socketclose
                0x000000000002f4d8                t_errno
 .text          0x000000000002f570     0x2034 ../DECA_socket_server_bsp/\libucosii_bsp.a(socket.o)
                0x000000000002f570                socreate
                0x000000000002f724                sobind
                0x000000000002f780                solisten
                0x000000000002f850                sofree
                0x000000000002f96c                soclose
                0x000000000002fc2c                soabort
                0x000000000002fc7c                soaccept
                0x000000000002fd14                soconnect
                0x000000000002fdcc                sodisconnect
                0x000000000002fe64                sosend
                0x00000000000303b0                soreceive
                0x0000000000030af4                soshutdown
                0x0000000000030b8c                sorflush
                0x0000000000030c84                sosetopt
                0x00000000000310b4                sogetopt
                0x000000000003155c                sohasoutofband
 .text          0x00000000000315a4     0x1264 ../DECA_socket_server_bsp/\libucosii_bsp.a(socket2.o)
                0x00000000000315a4                soisconnecting
                0x0000000000031610                soisconnected
                0x0000000000031710                soisdisconnecting
                0x00000000000317a4                soisdisconnected
                0x0000000000031864                sonewconn
                0x0000000000031a78                soqinsque
                0x0000000000031b20                soqremque
                0x0000000000031c2c                socantsendmore
                0x0000000000031c80                socantrcvmore
                0x0000000000031cd4                sbselqueue
                0x0000000000031d0c                sbwait
                0x0000000000031d74                sbwakeup
                0x0000000000031e08                soreserve
                0x0000000000031e90                sbreserve
                0x0000000000031ee0                sbrelease
                0x0000000000031f28                sbappend
                0x0000000000031fc4                sbappendrecord
                0x0000000000032098                sbappendaddr
                0x0000000000032274                sbcompress
                0x000000000003244c                sbflush
                0x00000000000324cc                sbdrop
                0x0000000000032680                sbdropend
                0x000000000003277c                sbdroprecord
 .text          0x0000000000032808      0x88c ../DECA_socket_server_bsp/\libucosii_bsp.a(soselect.o)
                0x0000000000032808                t_select
                0x00000000000329f4                sock_selscan
                0x0000000000032b34                sock_select
                0x0000000000032d18                in_pcbnotify
                0x0000000000032dd8                tcp_notify
                0x0000000000032e54                ifd_clr
                0x0000000000032f44                ifd_set
                0x0000000000032fb8                ifd_isset
                0x0000000000033030                ifd_get
 .text          0x0000000000033094     0x2d8c ../DECA_socket_server_bsp/\libucosii_bsp.a(tcp_in.o)
                0x0000000000033094                tcp_reass
                0x0000000000033498                tcp_input
                0x00000000000357f0                tcp_dooptions
                0x0000000000035964                tcp_pulloutofband
                0x0000000000035a88                tcp_xmit_timer
                0x0000000000035cdc                ip4_tcpmss
                0x0000000000035d28                tcp_mss
 .text          0x0000000000035e20     0x11cc ../DECA_socket_server_bsp/\libucosii_bsp.a(tcp_out.o)
                0x0000000000035e20                tcp_output
                0x0000000000036e28                tcp_setpersist
 .text          0x0000000000036fec      0x948 ../DECA_socket_server_bsp/\libucosii_bsp.a(tcp_subr.o)
                0x0000000000036fec                tcp_init
                0x0000000000037044                tcp_template
                0x000000000003714c                tcp_respond
                0x0000000000037558                tcp_newtcpcb
                0x0000000000037664                tcp_drop
                0x0000000000037710                tcp_close
                0x0000000000037800                tcp_quench
                0x0000000000037848                tcp_putseq
                0x00000000000378c0                tcp_getseq
 .text          0x0000000000037934      0x74c ../DECA_socket_server_bsp/\libucosii_bsp.a(tcp_timr.o)
                0x0000000000037934                tcp_slowtimo
                0x0000000000037bac                tcp_canceltimers
                0x0000000000037c08                tcp_timers
 .text          0x0000000000038080      0x97c ../DECA_socket_server_bsp/\libucosii_bsp.a(tcp_usr.o)
                0x0000000000038080                tcp_usrreq
                0x0000000000038748                tcp_attach
                0x0000000000038860                tcp_disconnect
                0x000000000003892c                tcp_usrclosed
 .text          0x00000000000389fc       0x40 ../DECA_socket_server_bsp/\libucosii_bsp.a(tcpport.o)
                0x00000000000389fc                tcpinit
 .text          0x0000000000038a3c      0xbb4 ../DECA_socket_server_bsp/\libucosii_bsp.a(udpsock.o)
                0x0000000000038a3c                udp_lookup
                0x0000000000038aa0                udp_soinput
                0x0000000000038c40                udp_usrreq
                0x0000000000038e7c                udp4_sockbind
                0x0000000000039154                udp4_socksend
                0x00000000000394c8                udp4_sockaddr
 .text          0x00000000000395f0      0x140 ../DECA_socket_server_bsp/\libucosii_bsp.a(alt_alarm_start.o)
                0x00000000000395f0                alt_alarm_start
 .text          0x0000000000039730      0x158 ../DECA_socket_server_bsp/\libucosii_bsp.a(alt_busy_sleep.o)
                0x0000000000039730                alt_busy_sleep
 .text          0x0000000000039888      0x120 ../DECA_socket_server_bsp/\libucosii_bsp.a(alt_close.o)
                0x00000000000398d8                alt_close
 .text          0x00000000000399a8       0x74 ../DECA_socket_server_bsp/\libucosii_bsp.a(alt_dcache_flush.o)
                0x00000000000399a8                alt_dcache_flush
 .text          0x0000000000039a1c       0x44 ../DECA_socket_server_bsp/\libucosii_bsp.a(alt_dcache_flush_all.o)
                0x0000000000039a1c                alt_dcache_flush_all
 .text          0x0000000000039a60       0x2c ../DECA_socket_server_bsp/\libucosii_bsp.a(alt_dev.o)
 .text          0x0000000000039a8c       0xf4 ../DECA_socket_server_bsp/\libucosii_bsp.a(alt_dev_llist_insert.o)
                0x0000000000039adc                alt_dev_llist_insert
 .text          0x0000000000039b80       0x5c ../DECA_socket_server_bsp/\libucosii_bsp.a(alt_do_ctors.o)
                0x0000000000039b80                _do_ctors
 .text          0x0000000000039bdc       0x5c ../DECA_socket_server_bsp/\libucosii_bsp.a(alt_do_dtors.o)
                0x0000000000039bdc                _do_dtors
 .text          0x0000000000039c38        0x0 ../DECA_socket_server_bsp/\libucosii_bsp.a(alt_errno.o)
 .text          0x0000000000039c38       0x90 ../DECA_socket_server_bsp/\libucosii_bsp.a(alt_find_dev.o)
                0x0000000000039c38                alt_find_dev
 .text          0x0000000000039cc8       0x30 ../DECA_socket_server_bsp/\libucosii_bsp.a(alt_icache_flush_all.o)
                0x0000000000039cc8                alt_icache_flush_all
 .text          0x0000000000039cf8      0x1e0 ../DECA_socket_server_bsp/\libucosii_bsp.a(alt_iic.o)
                0x0000000000039cf8                alt_ic_isr_register
                0x0000000000039d48                alt_ic_irq_enable
                0x0000000000039de8                alt_ic_irq_disable
                0x0000000000039e8c                alt_ic_irq_enabled
 .text          0x0000000000039ed8       0xf0 ../DECA_socket_server_bsp/\libucosii_bsp.a(alt_iic_isr_register.o)
                0x0000000000039ed8                alt_iic_isr_register
 .text          0x0000000000039fc8      0x138 ../DECA_socket_server_bsp/\libucosii_bsp.a(alt_io_redirect.o)
                0x000000000003a088                alt_io_redirect
 .text          0x000000000003a100        0x0 ../DECA_socket_server_bsp/\libucosii_bsp.a(alt_irq_entry.o)
 .text          0x000000000003a100        0x0 ../DECA_socket_server_bsp/\libucosii_bsp.a(alt_irq_handler.o)
 .text          0x000000000003a100        0x0 ../DECA_socket_server_bsp/\libucosii_bsp.a(alt_irq_vars.o)
 .text          0x000000000003a100      0x274 ../DECA_socket_server_bsp/\libucosii_bsp.a(alt_open.o)
                0x000000000003a21c                open
 .text          0x000000000003a374      0x14c ../DECA_socket_server_bsp/\libucosii_bsp.a(alt_read.o)
                0x000000000003a3c4                alt_read
 .text          0x000000000003a4c0       0x60 ../DECA_socket_server_bsp/\libucosii_bsp.a(alt_release_fd.o)
                0x000000000003a4c0                alt_release_fd
 .text          0x000000000003a520       0x34 ../DECA_socket_server_bsp/\libucosii_bsp.a(alt_remap_cached.o)
                0x000000000003a520                alt_remap_cached
 .text          0x000000000003a554      0x19c ../DECA_socket_server_bsp/\libucosii_bsp.a(alt_tick.o)
                0x000000000003a554                alt_alarm_stop
                0x000000000003a5ec                alt_tick
 .text          0x000000000003a6f0       0x40 ../DECA_socket_server_bsp/\libucosii_bsp.a(alt_uncached_free.o)
                0x000000000003a6f0                alt_uncached_free
 .text          0x000000000003a730       0x78 ../DECA_socket_server_bsp/\libucosii_bsp.a(alt_uncached_malloc.o)
                0x000000000003a730                alt_uncached_malloc
 .text          0x000000000003a7a8      0x148 ../DECA_socket_server_bsp/\libucosii_bsp.a(alt_write.o)
                0x000000000003a7f8                alt_write
 .text          0x000000000003a8f0       0x20 ../DECA_socket_server_bsp/\libucosii_bsp.a(altera_nios2_gen2_irq.o)
                0x000000000003a8f0                altera_nios2_gen2_irq_init
 .text          0x000000000003a910       0xd0 ../DECA_socket_server_bsp/\libucosii_bsp.a(os_cpu_a.o)
                0x000000000003a910                OSCtxSw
                0x000000000003a910                OSIntCtxSw
                0x000000000003a99c                OSStartHighRdy
                0x000000000003a9bc                OSStartTsk
 .text          0x000000000003a9e0      0x408 ../DECA_socket_server_bsp/\libucosii_bsp.a(os_cpu_c.o)
                0x000000000003a9e0                OSTaskStkInit
                0x000000000003acd4                OSTaskCreateHook
                0x000000000003acf4                OSTaskDelHook
                0x000000000003ad14                OSTaskSwHook
                0x000000000003ad30                OSTaskStatHook
                0x000000000003ad4c                OSTimeTickHook
                0x000000000003ad74                OSInitHookBegin
                0x000000000003ad90                OSInitHookEnd
                0x000000000003adac                OSTaskIdleHook
                0x000000000003adc8                OSTCBInitHook
 .text          0x000000000003ade8      0x3f8 ../DECA_socket_server_bsp/\libucosii_bsp.a(allports.o)
                0x000000000003ade8                netmain_init
                0x000000000003aee0                icmp_port_du
                0x000000000003af70                station_state
                0x000000000003b0dc                sysuptime
                0x000000000003b11c                packet_check
                0x000000000003b168                mcastlist
                0x000000000003b18c                prep_modules
 .text          0x000000000003b1e0      0x458 ../DECA_socket_server_bsp/\libucosii_bsp.a(timeouts.o)
                0x000000000003b1e0                inet_timer
                0x000000000003b434                in_timerset
                0x000000000003b59c                in_timerkill
 .text          0x000000000003b638       0xac ../DECA_socket_server_bsp/\libucosii_bsp.a(tk_misc.o)
                0x000000000003b638                create_apptasks
                0x000000000003b65c                task_stats
 .text          0x000000000003b6e4       0xa0 ../DECA_socket_server_bsp/\libucosii_bsp.a(alt_iniche_fcntl.o)
                0x000000000003b6e4                fcntl
 .text          0x000000000003b784     0x140c ../DECA_socket_server_bsp/\libucosii_bsp.a(et_arp.o)
                0x000000000003b784                etainit
                0x000000000003b7cc                et_send
                0x000000000003b954                arp_free_pending
                0x000000000003b9d8                arp_send_pending
                0x000000000003ba48                send_arp
                0x000000000003be9c                find_oldest_arp
                0x000000000003c010                make_arp_entry
                0x000000000003c114                arpReply
                0x000000000003c3d4                arprcv
                0x000000000003c640                send_via_arp
                0x000000000003c7c8                cb_arpent_tmo
                0x000000000003c8d8                grat_arp
 .text          0x000000000003cb90      0x264 ../DECA_socket_server_bsp/\libucosii_bsp.a(iface.o)
                0x000000000003cb90                if_getbynum
                0x000000000003cc00                isbcast
                0x000000000003ccd4                reg_type
                0x000000000003cd64                if_killsocks
 .text          0x000000000003cdf4     0x2054 ../DECA_socket_server_bsp/\libucosii_bsp.a(ip.o)
                0x000000000003cdf4                ip_init
                0x000000000003cedc                ip_bldhead
                0x000000000003d060                ip_write_internal
                0x000000000003d78c                ip_write
                0x000000000003d9a4                ip_write2
                0x000000000003dd20                ip_raw_write
                0x000000000003dde4                ip_fragment_lc
                0x000000000003e208                ip_fragment
                0x000000000003e7c4                ip_mymach
                0x000000000003e868                ip_dump
                0x000000000003eaf4                iproute
                0x000000000003ed18                ip_copypkt
 .text          0x000000000003ee48     0x1c24 ../DECA_socket_server_bsp/\libucosii_bsp.a(ip_reasm.o)
                0x000000000003ee48                ip_reasm_match_frag_with_ire
                0x000000000003ef0c                ip_reasm_determine_type_of_frag
                0x000000000003efdc                ip_reasm_check_mem_useage
                0x000000000003f070                ip_reasm_incr_mem_useage
                0x000000000003f110                ip_reasm_decr_mem_useage
                0x000000000003f1a8                ip_reasm_process_first_fragment
                0x000000000003f460                ip_reassm
                0x000000000003f4e8                ip_reasm_compute_overlap
                0x000000000003fa48                ip_reasm_process_subsequent_fragments
                0x000000000003ff74                ip_reasm_find_ire
                0x000000000003ffcc                ip_reasm_copy_queued_fragments_into_reassy_buffer
                0x0000000000040314                ip_reasm_process_timer_tick
                0x00000000000403f4                ip_reasm_delete_ire
                0x00000000000405a4                ip_reasm_mark_compact_rfq
                0x00000000000406d4                ipr_stats
                0x0000000000040a1c                ip_reasm_send_icmp_timex
 .text          0x0000000000040a6c      0xd9c ../DECA_socket_server_bsp/\libucosii_bsp.a(ipdemux.o)
                0x0000000000040a6c                ip_rcv
                0x0000000000040e44                ip_rcv_phase2
                0x0000000000041414                ip_demux
 .text          0x0000000000041808      0x2b8 ../DECA_socket_server_bsp/\libucosii_bsp.a(ipmc.o)
                0x0000000000041808                in_addmulti
                0x0000000000041954                in_delmulti
                0x0000000000041a5c                lookup_mcast
 .text          0x0000000000041ac0       0xd8 ../DECA_socket_server_bsp/\libucosii_bsp.a(ipport.o)
                0x0000000000041ac0                prep_ifaces
                0x0000000000041b48                netexit
                0x0000000000041b70                evtmap_setup
 .text          0x0000000000041b98      0x50c ../DECA_socket_server_bsp/\libucosii_bsp.a(ipraw.o)
                0x0000000000041b98                ip_raw_open
                0x0000000000041c78                ip_raw_close
                0x0000000000041d30                ip_raw_input
                0x0000000000041f4c                ip_raw_alloc
                0x000000000004200c                ip_raw_free
                0x000000000004204c                ip_raw_maxalloc
 .text          0x00000000000420a4      0x684 ../DECA_socket_server_bsp/\libucosii_bsp.a(iproute.o)
                0x00000000000420a4                rt_lookup
                0x0000000000042210                add_route
                0x00000000000425fc                del_route
 .text          0x0000000000042728      0xd7c ../DECA_socket_server_bsp/\libucosii_bsp.a(udp.o)
                0x0000000000042728                udpdemux
                0x0000000000042f24                udp_send
                0x00000000000431c4                udpswap
                0x00000000000432b4                udp_socket
                0x000000000004337c                udp_alloc
                0x0000000000043438                udp_maxalloc
                0x0000000000043464                udp_free
 .text          0x00000000000434a4      0x2c8 ../DECA_socket_server_bsp/\libucosii_bsp.a(igmp.o)
                0x00000000000434a4                igmpv1_input
 .text          0x000000000004376c      0x6f0 ../DECA_socket_server_bsp/\libucosii_bsp.a(igmp2.o)
                0x000000000004376c                igmpv2_input
                0x0000000000043890                igmpv2_process_report
                0x00000000000439d4                igmpv2_process_query
                0x0000000000043bcc                igmpv2_chk_set_timer
                0x0000000000043d1c                igmpv2_chk4_rtr_alert_opt
 .text          0x0000000000043e5c      0x890 ../DECA_socket_server_bsp/\libucosii_bsp.a(ipopt.o)
                0x0000000000043e5c                IPADDR_TO_NETP
                0x0000000000043fa0                ip_setmoptions
                0x0000000000044560                ip_getmoptions
                0x0000000000044668                ip_freemoptions
 .text          0x00000000000446ec      0x6f0 ../DECA_socket_server_bsp/\libucosii_bsp.a(u_mctest.o)
                0x00000000000446ec                u_mctest_init
                0x000000000004471c                u_mctest_run
 .text          0x0000000000044ddc      0x378 ../DECA_socket_server_bsp/\libucosii_bsp.a(dhcsetup.o)
                0x0000000000044ddc                dhc_setup
                0x0000000000045040                dhc_main_ipset
 .text          0x0000000000045154      0x3d0 ../DECA_socket_server_bsp/\libucosii_bsp.a(memdev.o)
                0x0000000000045154                init_memdev
                0x00000000000451cc                md_fopen
                0x00000000000451f4                md_fclose
                0x0000000000045214                md_fread
                0x0000000000045370                md_fwrite
                0x00000000000453e8                md_fseek
                0x0000000000045414                md_ftell
                0x0000000000045438                md_fgetc
                0x0000000000045500                md_unlink
 .text          0x0000000000045524      0x77c ../DECA_socket_server_bsp/\libucosii_bsp.a(parseip.o)
                0x0000000000045524                parse_ipad
                0x0000000000045820                inet_addr
                0x0000000000045880                hextoa
                0x00000000000458cc                inet_pton
                0x0000000000045960                inet_ntop
                0x00000000000459e4                print46_addr
                0x0000000000045a40                inet46_addr
                0x0000000000045b04                inet_setport
                0x0000000000045b6c                convert_ip
 .text          0x0000000000045ca0      0x1a0 ../DECA_socket_server_bsp/\libucosii_bsp.a(tcpcksum.o)
                0x0000000000045ca0                tcp_cksum
 .text          0x0000000000045e40      0x854 ../DECA_socket_server_bsp/\libucosii_bsp.a(in_pcb.o)
                0x0000000000045e40                in_pcballoc
                0x0000000000045ec8                in_pcbdetach
                0x0000000000045f1c                in_pcbbind
                0x0000000000046128                in_pcbconnect
                0x0000000000046300                in_pcbdisconnect
                0x0000000000046358                in_setsockaddr
                0x00000000000463d8                in_setpeeraddr
                0x0000000000046458                in_pcblookup
 .text          0x0000000000046694     0x18c0 ../DECA_socket_server_bsp/\libucosii_bsp.a(vfsfiles.o)
                0x0000000000046694                set_vfopen_error
                0x00000000000466bc                get_vfopen_error
                0x00000000000466dc                vf_alloc_and_link_vop
                0x000000000004674c                vf_alloc_buffer
                0x0000000000046814                vf_free_buffer
                0x0000000000046860                vfopen_locked
                0x0000000000046b98                vfopen
                0x0000000000046be8                vfclose_locked
                0x0000000000046d98                vfclose
                0x0000000000046dd8                vfflush
                0x0000000000046e20                vfgets
                0x0000000000046eec                vfeof
                0x0000000000046f3c                vunlink_flag_open_files
                0x0000000000046f94                vunlink
                0x0000000000047190                vfread
                0x000000000004731c                vfwrite_locked
                0x00000000000476cc                vfwrite
                0x000000000004772c                vfseek
                0x0000000000047878                vftell
                0x0000000000047988                vgetc_locked
                0x0000000000047a80                vgetc
                0x0000000000047ac8                vfslookup_locked
                0x0000000000047bec                vfslookup
                0x0000000000047c34                strippath
                0x0000000000047e00                isvfile_locked
                0x0000000000047e58                isvfile
                0x0000000000047ea0                vferror
                0x0000000000047efc                vclearerr
 .text          0x0000000000047f54       0x24 ../DECA_socket_server_bsp/\libucosii_bsp.a(vfsport.o)
                0x0000000000047f54                prep_vfs
 .text          0x0000000000047f78        0x0 ../DECA_socket_server_bsp/\libucosii_bsp.a(alt_exception_entry.o)
 .text          0x0000000000047f78      0x170 ../DECA_socket_server_bsp/\libucosii_bsp.a(alt_fcntl.o)
                0x0000000000047fc8                alt_fcntl
 .text          0x00000000000480e8      0x114 ../DECA_socket_server_bsp/\libucosii_bsp.a(alt_find_file.o)
                0x00000000000480e8                alt_find_file
 .text          0x00000000000481fc       0xfc ../DECA_socket_server_bsp/\libucosii_bsp.a(alt_get_fd.o)
                0x00000000000481fc                alt_get_fd
 .text          0x00000000000482f8       0x8c ../DECA_socket_server_bsp/\libucosii_bsp.a(alt_icache_flush.o)
                0x00000000000482f8                alt_icache_flush
 .text          0x0000000000048384       0x9c ../DECA_socket_server_bsp/\libucosii_bsp.a(alt_instruction_exception_entry.o)
                0x0000000000048384                alt_exception_cause_generated_bad_addr
 .text          0x0000000000048420     0x1248 ../DECA_socket_server_bsp/\libucosii_bsp.a(icmp.o)
                0x0000000000048420                icmprcv
                0x0000000000048fe0                icmp_destun
                0x00000000000492e8                icmp_timex
                0x0000000000049618                icmp_du
 .text          0x0000000000049668       0x14 c:/altera/15.0/nios2eds/bin/gnu/h-x86_64-mingw32/bin/../lib/gcc/nios2-elf/4.9.1/../../../../../H-x86_64-mingw32/nios2-elf/lib\libc.a(lib_a-atexit.o)
                0x0000000000049668                atexit
 .text          0x000000000004967c       0x18 c:/altera/15.0/nios2eds/bin/gnu/h-x86_64-mingw32/bin/../lib/gcc/nios2-elf/4.9.1/../../../../../H-x86_64-mingw32/nios2-elf/lib\libc.a(lib_a-atoi.o)
                0x000000000004967c                atoi
                0x0000000000049688                _atoi_r
 .text          0x0000000000049694       0x38 c:/altera/15.0/nios2eds/bin/gnu/h-x86_64-mingw32/bin/../lib/gcc/nios2-elf/4.9.1/../../../../../H-x86_64-mingw32/nios2-elf/lib\libc.a(lib_a-exit.o)
                0x0000000000049694                exit
 .text          0x00000000000496cc       0x1c c:/altera/15.0/nios2eds/bin/gnu/h-x86_64-mingw32/bin/../lib/gcc/nios2-elf/4.9.1/../../../../../H-x86_64-mingw32/nios2-elf/lib\libc.a(lib_a-malign.o)
                0x00000000000496cc                memalign
 .text          0x00000000000496e8      0x1b4 c:/altera/15.0/nios2eds/bin/gnu/h-x86_64-mingw32/bin/../lib/gcc/nios2-elf/4.9.1/../../../../../H-x86_64-mingw32/nios2-elf/lib\libc.a(lib_a-malignr.o)
                0x00000000000496e8                _memalign_r
 .text          0x000000000004989c       0x7c c:/altera/15.0/nios2eds/bin/gnu/h-x86_64-mingw32/bin/../lib/gcc/nios2-elf/4.9.1/../../../../../H-x86_64-mingw32/nios2-elf/lib\libc.a(lib_a-memcmp.o)
                0x000000000004989c                memcmp
 .text          0x0000000000049918       0xc0 c:/altera/15.0/nios2eds/bin/gnu/h-x86_64-mingw32/bin/../lib/gcc/nios2-elf/4.9.1/../../../../../H-x86_64-mingw32/nios2-elf/lib\libc.a(lib_a-strncmp.o)
                0x0000000000049918                strncmp
 .text          0x00000000000499d8       0xec c:/altera/15.0/nios2eds/bin/gnu/h-x86_64-mingw32/bin/../lib/gcc/nios2-elf/4.9.1/../../../../../H-x86_64-mingw32/nios2-elf/lib\libc.a(lib_a-strncpy.o)
                0x00000000000499d8                strncpy
 .text          0x0000000000049ac4      0x284 c:/altera/15.0/nios2eds/bin/gnu/h-x86_64-mingw32/bin/../lib/gcc/nios2-elf/4.9.1/../../../../../H-x86_64-mingw32/nios2-elf/lib\libc.a(lib_a-strtol.o)
                0x0000000000049ac4                _strtol_r
                0x0000000000049d24                strtol
 .text          0x0000000000049d48       0x34 c:/altera/15.0/nios2eds/bin/gnu/h-x86_64-mingw32/bin/../lib/gcc/nios2-elf/4.9.1/../../../../../H-x86_64-mingw32/nios2-elf/lib\libc.a(lib_a-vprintf.o)
                0x0000000000049d48                vprintf
                0x0000000000049d68                _vprintf_r
 .text          0x0000000000049d7c       0x74 c:/altera/15.0/nios2eds/bin/gnu/h-x86_64-mingw32/bin/../lib/gcc/nios2-elf/4.9.1/../../../../../H-x86_64-mingw32/nios2-elf/lib\libc.a(lib_a-vsprintf.o)
                0x0000000000049d7c                _vsprintf_r
                0x0000000000049dcc                vsprintf
 .text          0x0000000000049df0      0x114 c:/altera/15.0/nios2eds/bin/gnu/h-x86_64-mingw32/bin/../lib/gcc/nios2-elf/4.9.1/../../../../../H-x86_64-mingw32/nios2-elf/lib\libc.a(lib_a-__atexit.o)
                0x0000000000049df0                __register_exitproc
 .text          0x0000000000049f04      0x194 c:/altera/15.0/nios2eds/bin/gnu/h-x86_64-mingw32/bin/../lib/gcc/nios2-elf/4.9.1/../../../../../H-x86_64-mingw32/nios2-elf/lib\libc.a(lib_a-__call_atexit.o)
                0x0000000000049f04                __call_exitprocs
 .text          0x000000000004a098       0x1c c:/altera/15.0/nios2eds/bin/gnu/h-x86_64-mingw32/bin/../lib/gcc/nios2-elf/4.9.1/../../../../../H-x86_64-mingw32/nios2-elf/lib\libc.a(lib_a-vfprintfr_1.o)
                0x000000000004a098                _vfprintf_r
 .text          0x000000000004a0b4       0x3c ../DECA_socket_server_bsp/\libucosii_bsp.a(alt_exit.o)
                0x000000000004a0b4                _exit
 *(.gnu.warning.*)
 *(.fini)
                0x000000000004a0f0                PROVIDE (__etext, ABSOLUTE (.))
                0x000000000004a0f0                PROVIDE (_etext, ABSOLUTE (.))
                0x000000000004a0f0                PROVIDE (etext, ABSOLUTE (.))
 *(.eh_frame_hdr)
                0x000000000004a0f0                . = ALIGN (0x4)
                0x000000000004a0f0                PROVIDE (__preinit_array_start, ABSOLUTE (.))
 *(.preinit_array)
                0x000000000004a0f0                PROVIDE (__preinit_array_end, ABSOLUTE (.))
                0x000000000004a0f0                PROVIDE (__init_array_start, ABSOLUTE (.))
 *(.init_array)
                0x000000000004a0f0                PROVIDE (__init_array_end, ABSOLUTE (.))
                0x000000000004a0f0                PROVIDE (__fini_array_start, ABSOLUTE (.))
 *(.fini_array)
                0x000000000004a0f0                PROVIDE (__fini_array_end, ABSOLUTE (.))
 *(.eh_frame)
 *(.gcc_except_table .gcc_except_table.*)
 *(.dynamic)
                0x000000000004a0f0                PROVIDE (__CTOR_LIST__, ABSOLUTE (.))
 *(.ctors)
 *(SORT(.ctors.*))
                0x000000000004a0f0                PROVIDE (__CTOR_END__, ABSOLUTE (.))
                0x000000000004a0f0                PROVIDE (__DTOR_LIST__, ABSOLUTE (.))
 *(.dtors)
 *(SORT(.dtors.*))
                0x000000000004a0f0                PROVIDE (__DTOR_END__, ABSOLUTE (.))
 *(.jcr)
                0x000000000004a0f0                . = ALIGN (0x4)

.rodata         0x000000000004a0f0     0x5d48
                0x000000000004a0f0                PROVIDE (__ram_rodata_start, ABSOLUTE (.))
                0x000000000004a0f0                . = ALIGN (0x4)
 *(.rodata .rodata.* .gnu.linkonce.r.*)
 .rodata        0x000000000004a0f0      0xba4 obj/default/alt_error_handler.o
 .rodata        0x000000000004ac94       0x3c obj/default/iniche_init.o
 .rodata        0x000000000004acd0     0x1c48 obj/default/ins_tse/altera_avalon_tse.o
 .rodata        0x000000000004c918       0x24 obj/default/led.o
 .rodata        0x000000000004c93c      0x180 obj/default/network_utilities.o
 .rodata        0x000000000004cabc      0x2b4 obj/default/simple_socket_server.o
 .rodata        0x000000000004cd70       0x20 obj/default/tse_my_system.o
 .rodata        0x000000000004cd90      0x281 c:/altera/15.0/nios2eds/bin/gnu/h-x86_64-mingw32/bin/../lib/gcc/nios2-elf/4.9.1/../../../../../H-x86_64-mingw32/nios2-elf/lib\libc.a(lib_a-ctype_.o)
                0x000000000004cd90                _ctype_
 *fill*         0x000000000004d011        0x3 
 .rodata.str1.4
                0x000000000004d014        0x2 c:/altera/15.0/nios2eds/bin/gnu/h-x86_64-mingw32/bin/../lib/gcc/nios2-elf/4.9.1/../../../../../H-x86_64-mingw32/nios2-elf/lib\libc.a(lib_a-impure.o)
                                          0x4 (size before relaxing)
 *fill*         0x000000000004d016        0x2 
 .rodata.str1.4
                0x000000000004d018        0x3 c:/altera/15.0/nios2eds/bin/gnu/h-x86_64-mingw32/bin/../lib/gcc/nios2-elf/4.9.1/../../../../../H-x86_64-mingw32/nios2-elf/lib\libc.a(lib_a-perror.o)
                                          0x4 (size before relaxing)
 *fill*         0x000000000004d01b        0x1 
 .rodata.str1.4
                0x000000000004d01c        0x2 c:/altera/15.0/nios2eds/bin/gnu/h-x86_64-mingw32/bin/../lib/gcc/nios2-elf/4.9.1/../../../../../H-x86_64-mingw32/nios2-elf/lib\libc.a(lib_a-puts.o)
                                          0x4 (size before relaxing)
 *fill*         0x000000000004d01e        0x2 
 .rodata.str1.4
                0x000000000004d020      0x62d c:/altera/15.0/nios2eds/bin/gnu/h-x86_64-mingw32/bin/../lib/gcc/nios2-elf/4.9.1/../../../../../H-x86_64-mingw32/nios2-elf/lib\libc.a(lib_a-strerror.o)
                                        0x634 (size before relaxing)
 *fill*         0x000000000004d64d        0x3 
 .rodata.str1.4
                0x000000000004d650       0x42 c:/altera/15.0/nios2eds/bin/gnu/h-x86_64-mingw32/bin/../lib/gcc/nios2-elf/4.9.1/../../../../../H-x86_64-mingw32/nios2-elf/lib\libc.a(lib_a-svfprintf.o)
                                         0x44 (size before relaxing)
 .rodata        0x000000000004d692       0x20 c:/altera/15.0/nios2eds/bin/gnu/h-x86_64-mingw32/bin/../lib/gcc/nios2-elf/4.9.1/../../../../../H-x86_64-mingw32/nios2-elf/lib\libc.a(lib_a-svfprintf.o)
 .rodata.str1.4
                0x0000000000000000       0x44 c:/altera/15.0/nios2eds/bin/gnu/h-x86_64-mingw32/bin/../lib/gcc/nios2-elf/4.9.1/../../../../../H-x86_64-mingw32/nios2-elf/lib\libc.a(lib_a-vfprintf.o)
 .rodata        0x000000000004d6b2       0x20 c:/altera/15.0/nios2eds/bin/gnu/h-x86_64-mingw32/bin/../lib/gcc/nios2-elf/4.9.1/../../../../../H-x86_64-mingw32/nios2-elf/lib\libc.a(lib_a-vfprintf.o)
 *fill*         0x000000000004d6d2        0x2 
 .rodata.str1.4
                0x000000000004d6d4       0x10 c:/altera/15.0/nios2eds/bin/gnu/h-x86_64-mingw32/bin/../lib/gcc/nios2-elf/4.9.1/../../../../../H-x86_64-mingw32/nios2-elf/lib\libc.a(lib_a-dtoa.o)
                                         0x14 (size before relaxing)
 .rodata.str1.4
                0x000000000004d6e4        0xc c:/altera/15.0/nios2eds/bin/gnu/h-x86_64-mingw32/bin/../lib/gcc/nios2-elf/4.9.1/../../../../../H-x86_64-mingw32/nios2-elf/lib\libc.a(lib_a-locale.o)
                                         0x14 (size before relaxing)
 .rodata        0x000000000004d6f0      0x124 c:/altera/15.0/nios2eds/bin/gnu/h-x86_64-mingw32/bin/../lib/gcc/nios2-elf/4.9.1/../../../../../H-x86_64-mingw32/nios2-elf/lib\libc.a(lib_a-mprec.o)
                0x000000000004d6fc                __mprec_tinytens
                0x000000000004d724                __mprec_bigtens
                0x000000000004d74c                __mprec_tens
 .rodata.str1.4
                0x0000000000000000       0x30 c:/altera/15.0/nios2eds/bin/gnu/h-x86_64-mingw32/bin/../lib/gcc/nios2-elf/4.9.1/../../../../../H-x86_64-mingw32/nios2-elf/lib\libc.a(lib_a-svfiprintf.o)
 .rodata        0x000000000004d814       0x20 c:/altera/15.0/nios2eds/bin/gnu/h-x86_64-mingw32/bin/../lib/gcc/nios2-elf/4.9.1/../../../../../H-x86_64-mingw32/nios2-elf/lib\libc.a(lib_a-svfiprintf.o)
 .rodata.str1.4
                0x0000000000000000       0x30 c:/altera/15.0/nios2eds/bin/gnu/h-x86_64-mingw32/bin/../lib/gcc/nios2-elf/4.9.1/../../../../../H-x86_64-mingw32/nios2-elf/lib\libc.a(lib_a-vfiprintf.o)
 .rodata        0x000000000004d834       0x20 c:/altera/15.0/nios2eds/bin/gnu/h-x86_64-mingw32/bin/../lib/gcc/nios2-elf/4.9.1/../../../../../H-x86_64-mingw32/nios2-elf/lib\libc.a(lib_a-vfiprintf.o)
 .rodata        0x000000000004d854      0x100 c:/altera/15.0/nios2eds/bin/gnu/h-x86_64-mingw32/bin/../lib/gcc/nios2-elf/4.9.1\libgcc.a(_clz.o)
                0x000000000004d854                __clz_tab
 .rodata        0x000000000004d954       0x10 ../DECA_socket_server_bsp/\libucosii_bsp.a(alt_main.o)
 .rodata        0x000000000004d964      0x120 ../DECA_socket_server_bsp/\libucosii_bsp.a(os_core.o)
                0x000000000004d964                OSUnMapTbl
 .rodata        0x000000000004da84       0x40 ../DECA_socket_server_bsp/\libucosii_bsp.a(alt_sys_init.o)
 .rodata        0x000000000004dac4      0x36c ../DECA_socket_server_bsp/\libucosii_bsp.a(ins_tse_mac.o)
 .rodata        0x000000000004de30       0xd8 ../DECA_socket_server_bsp/\libucosii_bsp.a(ipnet.o)
 .rodata        0x000000000004df08       0xec ../DECA_socket_server_bsp/\libucosii_bsp.a(ipstart.o)
 .rodata        0x000000000004dff4      0x54c ../DECA_socket_server_bsp/\libucosii_bsp.a(igmp_cmn.o)